Archive member included because of file (symbol)

/package/freescale/KDS_2.0.0/toolchain/bin/../lib/gcc/arm-none-eabi/4.8.0/../../../../arm-none-eabi/lib/libm.a(lib_a-s_atan.o)
                              ./Sources/main.o (atan)
/package/freescale/KDS_2.0.0/toolchain/bin/../lib/gcc/arm-none-eabi/4.8.0/../../../../arm-none-eabi/lib/libm.a(lib_a-s_fabs.o)
                              /package/freescale/KDS_2.0.0/toolchain/bin/../lib/gcc/arm-none-eabi/4.8.0/../../../../arm-none-eabi/lib/libm.a(lib_a-s_atan.o) (fabs)
/package/freescale/KDS_2.0.0/toolchain/bin/../lib/gcc/arm-none-eabi/4.8.0/libgcc.a(_udivsi3.o)
                              ./Project_Settings/Startup_Code/system_MKL46Z4.o (__aeabi_uidiv)
/package/freescale/KDS_2.0.0/toolchain/bin/../lib/gcc/arm-none-eabi/4.8.0/libgcc.a(_divsi3.o)
                              ./Sources/main.o (__aeabi_idiv)
/package/freescale/KDS_2.0.0/toolchain/bin/../lib/gcc/arm-none-eabi/4.8.0/libgcc.a(_dvmd_tls.o)
                              /package/freescale/KDS_2.0.0/toolchain/bin/../lib/gcc/arm-none-eabi/4.8.0/libgcc.a(_udivsi3.o) (__aeabi_idiv0)
/package/freescale/KDS_2.0.0/toolchain/bin/../lib/gcc/arm-none-eabi/4.8.0/libgcc.a(_arm_cmpdf2.o)
                              /package/freescale/KDS_2.0.0/toolchain/bin/../lib/gcc/arm-none-eabi/4.8.0/../../../../arm-none-eabi/lib/libm.a(lib_a-s_atan.o) (__aeabi_dcmpgt)
/package/freescale/KDS_2.0.0/toolchain/bin/../lib/gcc/arm-none-eabi/4.8.0/libgcc.a(adddf3.o)
                              /package/freescale/KDS_2.0.0/toolchain/bin/../lib/gcc/arm-none-eabi/4.8.0/../../../../arm-none-eabi/lib/libm.a(lib_a-s_atan.o) (__aeabi_dadd)
/package/freescale/KDS_2.0.0/toolchain/bin/../lib/gcc/arm-none-eabi/4.8.0/libgcc.a(divdf3.o)
                              ./Sources/main.o (__aeabi_ddiv)
/package/freescale/KDS_2.0.0/toolchain/bin/../lib/gcc/arm-none-eabi/4.8.0/libgcc.a(eqdf2.o)
                              /package/freescale/KDS_2.0.0/toolchain/bin/../lib/gcc/arm-none-eabi/4.8.0/libgcc.a(_arm_cmpdf2.o) (__eqdf2)
/package/freescale/KDS_2.0.0/toolchain/bin/../lib/gcc/arm-none-eabi/4.8.0/libgcc.a(gedf2.o)
                              /package/freescale/KDS_2.0.0/toolchain/bin/../lib/gcc/arm-none-eabi/4.8.0/libgcc.a(_arm_cmpdf2.o) (__gedf2)
/package/freescale/KDS_2.0.0/toolchain/bin/../lib/gcc/arm-none-eabi/4.8.0/libgcc.a(ledf2.o)
                              /package/freescale/KDS_2.0.0/toolchain/bin/../lib/gcc/arm-none-eabi/4.8.0/libgcc.a(_arm_cmpdf2.o) (__ledf2)
/package/freescale/KDS_2.0.0/toolchain/bin/../lib/gcc/arm-none-eabi/4.8.0/libgcc.a(muldf3.o)
                              ./Sources/main.o (__aeabi_dmul)
/package/freescale/KDS_2.0.0/toolchain/bin/../lib/gcc/arm-none-eabi/4.8.0/libgcc.a(subdf3.o)
                              ./Sources/main.o (__aeabi_dsub)
/package/freescale/KDS_2.0.0/toolchain/bin/../lib/gcc/arm-none-eabi/4.8.0/libgcc.a(fixdfsi.o)
                              ./Sources/main.o (__aeabi_d2iz)
/package/freescale/KDS_2.0.0/toolchain/bin/../lib/gcc/arm-none-eabi/4.8.0/libgcc.a(floatsidf.o)
                              ./Sources/main.o (__aeabi_i2d)
/package/freescale/KDS_2.0.0/toolchain/bin/../lib/gcc/arm-none-eabi/4.8.0/libgcc.a(_thumb1_case_uhi.o)
                              /package/freescale/KDS_2.0.0/toolchain/bin/../lib/gcc/arm-none-eabi/4.8.0/libgcc.a(divdf3.o) (__gnu_thumb1_case_uhi)
/package/freescale/KDS_2.0.0/toolchain/bin/../lib/gcc/arm-none-eabi/4.8.0/libgcc.a(_clzsi2.o)
                              /package/freescale/KDS_2.0.0/toolchain/bin/../lib/gcc/arm-none-eabi/4.8.0/libgcc.a(adddf3.o) (__clzsi2)
/package/freescale/KDS_2.0.0/toolchain/bin/../lib/gcc/arm-none-eabi/4.8.0/../../../../arm-none-eabi/lib/libg_s.a(lib_a-atexit.o)
                              /package/freescale/KDS_2.0.0/toolchain/bin/../lib/gcc/arm-none-eabi/4.8.0/../../../../arm-none-eabi/lib/crt0.o (atexit)
/package/freescale/KDS_2.0.0/toolchain/bin/../lib/gcc/arm-none-eabi/4.8.0/../../../../arm-none-eabi/lib/libg_s.a(lib_a-exit.o)
                              /package/freescale/KDS_2.0.0/toolchain/bin/../lib/gcc/arm-none-eabi/4.8.0/../../../../arm-none-eabi/lib/crt0.o (exit)
/package/freescale/KDS_2.0.0/toolchain/bin/../lib/gcc/arm-none-eabi/4.8.0/../../../../arm-none-eabi/lib/libg_s.a(lib_a-fini.o)
                              /package/freescale/KDS_2.0.0/toolchain/bin/../lib/gcc/arm-none-eabi/4.8.0/../../../../arm-none-eabi/lib/libg_s.a(lib_a-exit.o) (__libc_fini_array)
/package/freescale/KDS_2.0.0/toolchain/bin/../lib/gcc/arm-none-eabi/4.8.0/../../../../arm-none-eabi/lib/libg_s.a(lib_a-impure.o)
                              /package/freescale/KDS_2.0.0/toolchain/bin/../lib/gcc/arm-none-eabi/4.8.0/../../../../arm-none-eabi/lib/libg_s.a(lib_a-exit.o) (_global_impure_ptr)
/package/freescale/KDS_2.0.0/toolchain/bin/../lib/gcc/arm-none-eabi/4.8.0/../../../../arm-none-eabi/lib/libg_s.a(lib_a-memcpy.o)
                              ./Sources/main.o (memcpy)
/package/freescale/KDS_2.0.0/toolchain/bin/../lib/gcc/arm-none-eabi/4.8.0/../../../../arm-none-eabi/lib/libg_s.a(lib_a-memset.o)
                              /package/freescale/KDS_2.0.0/toolchain/bin/../lib/gcc/arm-none-eabi/4.8.0/../../../../arm-none-eabi/lib/crt0.o (memset)
/package/freescale/KDS_2.0.0/toolchain/bin/../lib/gcc/arm-none-eabi/4.8.0/../../../../arm-none-eabi/lib/libg_s.a(lib_a-snprintf.o)
                              ./Sources/main.o (snprintf)
/package/freescale/KDS_2.0.0/toolchain/bin/../lib/gcc/arm-none-eabi/4.8.0/../../../../arm-none-eabi/lib/libg_s.a(lib_a-svfprintf.o)
                              /package/freescale/KDS_2.0.0/toolchain/bin/../lib/gcc/arm-none-eabi/4.8.0/../../../../arm-none-eabi/lib/libg_s.a(lib_a-snprintf.o) (_svfprintf_r)
/package/freescale/KDS_2.0.0/toolchain/bin/../lib/gcc/arm-none-eabi/4.8.0/../../../../arm-none-eabi/lib/libg_s.a(lib_a-syscalls.o)
                              /package/freescale/KDS_2.0.0/toolchain/bin/../lib/gcc/arm-none-eabi/4.8.0/../../../../arm-none-eabi/lib/libg_s.a(lib_a-exit.o) (_exit)
/package/freescale/KDS_2.0.0/toolchain/bin/../lib/gcc/arm-none-eabi/4.8.0/../../../../arm-none-eabi/lib/libg_s.a(lib_a-vfprintf_i.o)
                              /package/freescale/KDS_2.0.0/toolchain/bin/../lib/gcc/arm-none-eabi/4.8.0/../../../../arm-none-eabi/lib/libg_s.a(lib_a-svfprintf.o) (_printf_i)
/package/freescale/KDS_2.0.0/toolchain/bin/../lib/gcc/arm-none-eabi/4.8.0/../../../../arm-none-eabi/lib/libg_s.a(lib_a-__atexit.o)
                              /package/freescale/KDS_2.0.0/toolchain/bin/../lib/gcc/arm-none-eabi/4.8.0/../../../../arm-none-eabi/lib/libg_s.a(lib_a-atexit.o) (__do_register_exitproc)
/package/freescale/KDS_2.0.0/toolchain/bin/../lib/gcc/arm-none-eabi/4.8.0/../../../../arm-none-eabi/lib/libg_s.a(lib_a-__call_atexit.o)
                              /package/freescale/KDS_2.0.0/toolchain/bin/../lib/gcc/arm-none-eabi/4.8.0/../../../../arm-none-eabi/lib/libg_s.a(lib_a-__atexit.o) (__call_exitprocs)
/package/freescale/KDS_2.0.0/toolchain/bin/../lib/gcc/arm-none-eabi/4.8.0/../../../../arm-none-eabi/lib/libg_s.a(lib_a-errno.o)
                              /package/freescale/KDS_2.0.0/toolchain/bin/../lib/gcc/arm-none-eabi/4.8.0/../../../../arm-none-eabi/lib/libg_s.a(lib_a-syscalls.o) (__errno)
/package/freescale/KDS_2.0.0/toolchain/bin/../lib/gcc/arm-none-eabi/4.8.0/../../../../arm-none-eabi/lib/libg_s.a(lib_a-freer.o)
                              /package/freescale/KDS_2.0.0/toolchain/bin/../lib/gcc/arm-none-eabi/4.8.0/../../../../arm-none-eabi/lib/libg_s.a(lib_a-svfprintf.o) (_free_r)
/package/freescale/KDS_2.0.0/toolchain/bin/../lib/gcc/arm-none-eabi/4.8.0/../../../../arm-none-eabi/lib/libg_s.a(lib_a-malloc.o)
                              /package/freescale/KDS_2.0.0/toolchain/bin/../lib/gcc/arm-none-eabi/4.8.0/../../../../arm-none-eabi/lib/libg_s.a(lib_a-__atexit.o) (malloc)
/package/freescale/KDS_2.0.0/toolchain/bin/../lib/gcc/arm-none-eabi/4.8.0/../../../../arm-none-eabi/lib/libg_s.a(lib_a-mallocr.o)
                              /package/freescale/KDS_2.0.0/toolchain/bin/../lib/gcc/arm-none-eabi/4.8.0/../../../../arm-none-eabi/lib/libg_s.a(lib_a-svfprintf.o) (_malloc_r)
/package/freescale/KDS_2.0.0/toolchain/bin/../lib/gcc/arm-none-eabi/4.8.0/../../../../arm-none-eabi/lib/libg_s.a(lib_a-memchr.o)
                              /package/freescale/KDS_2.0.0/toolchain/bin/../lib/gcc/arm-none-eabi/4.8.0/../../../../arm-none-eabi/lib/libg_s.a(lib_a-svfprintf.o) (memchr)
/package/freescale/KDS_2.0.0/toolchain/bin/../lib/gcc/arm-none-eabi/4.8.0/../../../../arm-none-eabi/lib/libg_s.a(lib_a-memmove.o)
                              /package/freescale/KDS_2.0.0/toolchain/bin/../lib/gcc/arm-none-eabi/4.8.0/../../../../arm-none-eabi/lib/libg_s.a(lib_a-svfprintf.o) (memmove)
/package/freescale/KDS_2.0.0/toolchain/bin/../lib/gcc/arm-none-eabi/4.8.0/../../../../arm-none-eabi/lib/libg_s.a(lib_a-reallocr.o)
                              /package/freescale/KDS_2.0.0/toolchain/bin/../lib/gcc/arm-none-eabi/4.8.0/../../../../arm-none-eabi/lib/libg_s.a(lib_a-svfprintf.o) (_realloc_r)
/package/freescale/KDS_2.0.0/toolchain/bin/../lib/gcc/arm-none-eabi/4.8.0/../../../../arm-none-eabi/lib/libg_s.a(lib_a-sbrkr.o)
                              /package/freescale/KDS_2.0.0/toolchain/bin/../lib/gcc/arm-none-eabi/4.8.0/../../../../arm-none-eabi/lib/libg_s.a(lib_a-mallocr.o) (_sbrk_r)
/package/freescale/KDS_2.0.0/toolchain/bin/../lib/gcc/arm-none-eabi/4.8.0/../../../../arm-none-eabi/lib/libg_s.a(lib_a-strlen.o)
                              /package/freescale/KDS_2.0.0/toolchain/bin/../lib/gcc/arm-none-eabi/4.8.0/../../../../arm-none-eabi/lib/libg_s.a(lib_a-syscalls.o) (strlen)
/package/freescale/KDS_2.0.0/toolchain/bin/../lib/gcc/arm-none-eabi/4.8.0/../../../../arm-none-eabi/lib/libg_s.a(lib_a-msizer.o)
                              /package/freescale/KDS_2.0.0/toolchain/bin/../lib/gcc/arm-none-eabi/4.8.0/../../../../arm-none-eabi/lib/libg_s.a(lib_a-reallocr.o) (_malloc_usable_size_r)
/package/freescale/KDS_2.0.0/toolchain/bin/../lib/gcc/arm-none-eabi/4.8.0/../../../../arm-none-eabi/lib/libg_s.a(lib_a-reent.o)
                              /package/freescale/KDS_2.0.0/toolchain/bin/../lib/gcc/arm-none-eabi/4.8.0/../../../../arm-none-eabi/lib/libg_s.a(lib_a-sbrkr.o) (errno)

Allocating common symbols
Common symbol       size              file

bLCD_CharPosition   0x1               ./Sources/slcd.o
errno               0x4               /package/freescale/KDS_2.0.0/toolchain/bin/../lib/gcc/arm-none-eabi/4.8.0/../../../../arm-none-eabi/lib/libg_s.a(lib_a-reent.o)
prescalar_factor    0x4               ./Sources/main.o
resolution          0x4               ./Sources/main.o
prescalar           0x4               ./Sources/main.o
DR_STATUS_DATA      0x1               ./Sources/main.o
new_clock_frequency
                    0x4               ./Sources/main.o
reset_count         0x4               ./Sources/main.o
DATA_READ           0x6               ./Sources/main.o
ACC_DATA_CALIBRATED
                    0x6               ./Sources/main.o
ANGLE               0x2               ./Sources/main.o
MAG_DATA_READ_AXIS  0x6               ./Sources/main.o
MAG_DATA_MAX_AXIS   0x6               ./Sources/main.o
ACC_DATA_OFFSET_AXIS
                    0x6               ./Sources/main.o
MAG_DATA_MIN_AXIS   0x6               ./Sources/main.o
MAG_DATA_HI_CALIBRATED
                    0x6               ./Sources/main.o
original_clock_frequency
                    0x4               ./Sources/main.o
ACC_DATA_READ_AXIS  0x6               ./Sources/main.o
DR_STATUS_DATA_ACC  0x1               ./Sources/main.o
timer_overflow_count
                    0x4               ./Sources/main.o
MAG_DATA_AVERAGE_AXIS
                    0x6               ./Sources/main.o

Discarded input sections

 .text          0x0000000000000000        0x0 /package/freescale/KDS_2.0.0/toolchain/bin/../lib/gcc/arm-none-eabi/4.8.0/crti.o
 .data          0x0000000000000000        0x0 /package/freescale/KDS_2.0.0/toolchain/bin/../lib/gcc/arm-none-eabi/4.8.0/crti.o
 .bss           0x0000000000000000        0x0 /package/freescale/KDS_2.0.0/toolchain/bin/../lib/gcc/arm-none-eabi/4.8.0/crti.o
 .text          0x0000000000000000        0x0 /package/freescale/KDS_2.0.0/toolchain/bin/../lib/gcc/arm-none-eabi/4.8.0/crtbegin.o
 .data          0x0000000000000000        0x0 /package/freescale/KDS_2.0.0/toolchain/bin/../lib/gcc/arm-none-eabi/4.8.0/crtbegin.o
 .bss           0x0000000000000000        0x0 /package/freescale/KDS_2.0.0/toolchain/bin/../lib/gcc/arm-none-eabi/4.8.0/crtbegin.o
 .data.__dso_handle
                0x0000000000000000        0x4 /package/freescale/KDS_2.0.0/toolchain/bin/../lib/gcc/arm-none-eabi/4.8.0/crtbegin.o
 .data          0x0000000000000000        0x0 /package/freescale/KDS_2.0.0/toolchain/bin/../lib/gcc/arm-none-eabi/4.8.0/../../../../arm-none-eabi/lib/crt0.o
 .bss           0x0000000000000000        0x0 /package/freescale/KDS_2.0.0/toolchain/bin/../lib/gcc/arm-none-eabi/4.8.0/../../../../arm-none-eabi/lib/crt0.o
 .group         0x0000000000000000        0x8 ./Sources/main.o
 .group         0x0000000000000000        0x8 ./Sources/main.o
 .group         0x0000000000000000        0x8 ./Sources/main.o
 .group         0x0000000000000000        0x8 ./Sources/main.o
 .group         0x0000000000000000        0x8 ./Sources/main.o
 .group         0x0000000000000000        0x8 ./Sources/main.o
 .group         0x0000000000000000        0x8 ./Sources/main.o
 .group         0x0000000000000000        0x8 ./Sources/main.o
 .group         0x0000000000000000        0x8 ./Sources/main.o
 .group         0x0000000000000000        0x8 ./Sources/main.o
 .group         0x0000000000000000        0x8 ./Sources/main.o
 .group         0x0000000000000000        0x8 ./Sources/main.o
 .group         0x0000000000000000        0x8 ./Sources/main.o
 .group         0x0000000000000000        0x8 ./Sources/main.o
 .group         0x0000000000000000        0x8 ./Sources/main.o
 .group         0x0000000000000000        0x8 ./Sources/main.o
 .group         0x0000000000000000        0x8 ./Sources/main.o
 .group         0x0000000000000000        0x8 ./Sources/main.o
 .group         0x0000000000000000        0x8 ./Sources/main.o
 .group         0x0000000000000000        0x8 ./Sources/main.o
 .group         0x0000000000000000        0x8 ./Sources/main.o
 .group         0x0000000000000000        0x8 ./Sources/main.o
 .group         0x0000000000000000        0x8 ./Sources/main.o
 .group         0x0000000000000000        0x8 ./Sources/main.o
 .group         0x0000000000000000        0x8 ./Sources/main.o
 .group         0x0000000000000000        0x8 ./Sources/main.o
 .group         0x0000000000000000        0x8 ./Sources/main.o
 .group         0x0000000000000000        0x8 ./Sources/main.o
 .group         0x0000000000000000        0x8 ./Sources/main.o
 .group         0x0000000000000000        0x8 ./Sources/main.o
 .text          0x0000000000000000        0x0 ./Sources/main.o
 .data          0x0000000000000000        0x0 ./Sources/main.o
 .bss           0x0000000000000000        0x0 ./Sources/main.o
 .bss.ucSecond  0x0000000000000000        0x1 ./Sources/main.o
 .bss.ucHundredsMilliSecond
                0x0000000000000000        0x1 ./Sources/main.o
 .bss.ucMinute  0x0000000000000000        0x1 ./Sources/main.o
 .bss.usTimeElapsed
                0x0000000000000000        0x2 ./Sources/main.o
 .bss.flag_first_data1
                0x0000000000000000        0x4 ./Sources/main.o
 .text.I2C_SingleByteWrite
                0x0000000000000000       0xfc ./Sources/main.o
 .group         0x0000000000000000        0x8 ./Sources/slcd.o
 .group         0x0000000000000000        0x8 ./Sources/slcd.o
 .group         0x0000000000000000        0x8 ./Sources/slcd.o
 .group         0x0000000000000000        0x8 ./Sources/slcd.o
 .group         0x0000000000000000        0x8 ./Sources/slcd.o
 .group         0x0000000000000000        0x8 ./Sources/slcd.o
 .group         0x0000000000000000        0x8 ./Sources/slcd.o
 .group         0x0000000000000000        0x8 ./Sources/slcd.o
 .text          0x0000000000000000        0x0 ./Sources/slcd.o
 .data          0x0000000000000000        0x0 ./Sources/slcd.o
 .bss           0x0000000000000000        0x0 ./Sources/slcd.o
 .debug_macro   0x0000000000000000      0x802 ./Sources/slcd.o
 .debug_macro   0x0000000000000000       0x37 ./Sources/slcd.o
 .debug_macro   0x0000000000000000       0x3a ./Sources/slcd.o
 .debug_macro   0x0000000000000000      0x214 ./Sources/slcd.o
 .debug_macro   0x0000000000000000       0x1f ./Sources/slcd.o
 .debug_macro   0x0000000000000000      0x250 ./Sources/slcd.o
 .debug_macro   0x0000000000000000     0x627b ./Sources/slcd.o
 .debug_macro   0x0000000000000000      0x142 ./Sources/slcd.o
 .data          0x0000000000000000        0x0 ./Project_Settings/Startup_Code/startup_MKL46Z4.o
 .bss           0x0000000000000000        0x0 ./Project_Settings/Startup_Code/startup_MKL46Z4.o
 .group         0x0000000000000000        0x8 ./Project_Settings/Startup_Code/system_MKL46Z4.o
 .group         0x0000000000000000        0x8 ./Project_Settings/Startup_Code/system_MKL46Z4.o
 .group         0x0000000000000000        0x8 ./Project_Settings/Startup_Code/system_MKL46Z4.o
 .group         0x0000000000000000        0x8 ./Project_Settings/Startup_Code/system_MKL46Z4.o
 .group         0x0000000000000000        0x8 ./Project_Settings/Startup_Code/system_MKL46Z4.o
 .group         0x0000000000000000        0x8 ./Project_Settings/Startup_Code/system_MKL46Z4.o
 .group         0x0000000000000000        0x8 ./Project_Settings/Startup_Code/system_MKL46Z4.o
 .text          0x0000000000000000        0x0 ./Project_Settings/Startup_Code/system_MKL46Z4.o
 .data          0x0000000000000000        0x0 ./Project_Settings/Startup_Code/system_MKL46Z4.o
 .bss           0x0000000000000000        0x0 ./Project_Settings/Startup_Code/system_MKL46Z4.o
 .data.SystemCoreClock
                0x0000000000000000        0x4 ./Project_Settings/Startup_Code/system_MKL46Z4.o
 .text.SystemCoreClockUpdate
                0x0000000000000000      0x1f0 ./Project_Settings/Startup_Code/system_MKL46Z4.o
 .debug_macro   0x0000000000000000      0x802 ./Project_Settings/Startup_Code/system_MKL46Z4.o
 .debug_macro   0x0000000000000000      0x214 ./Project_Settings/Startup_Code/system_MKL46Z4.o
 .debug_macro   0x0000000000000000       0x37 ./Project_Settings/Startup_Code/system_MKL46Z4.o
 .debug_macro   0x0000000000000000       0x3a ./Project_Settings/Startup_Code/system_MKL46Z4.o
 .debug_macro   0x0000000000000000       0x1f ./Project_Settings/Startup_Code/system_MKL46Z4.o
 .debug_macro   0x0000000000000000      0x250 ./Project_Settings/Startup_Code/system_MKL46Z4.o
 .debug_macro   0x0000000000000000     0x627b ./Project_Settings/Startup_Code/system_MKL46Z4.o
 .text          0x0000000000000000        0x0 /package/freescale/KDS_2.0.0/toolchain/bin/../lib/gcc/arm-none-eabi/4.8.0/../../../../arm-none-eabi/lib/libm.a(lib_a-s_atan.o)
 .data          0x0000000000000000        0x0 /package/freescale/KDS_2.0.0/toolchain/bin/../lib/gcc/arm-none-eabi/4.8.0/../../../../arm-none-eabi/lib/libm.a(lib_a-s_atan.o)
 .bss           0x0000000000000000        0x0 /package/freescale/KDS_2.0.0/toolchain/bin/../lib/gcc/arm-none-eabi/4.8.0/../../../../arm-none-eabi/lib/libm.a(lib_a-s_atan.o)
 .text          0x0000000000000000        0x0 /package/freescale/KDS_2.0.0/toolchain/bin/../lib/gcc/arm-none-eabi/4.8.0/../../../../arm-none-eabi/lib/libm.a(lib_a-s_fabs.o)
 .data          0x0000000000000000        0x0 /package/freescale/KDS_2.0.0/toolchain/bin/../lib/gcc/arm-none-eabi/4.8.0/../../../../arm-none-eabi/lib/libm.a(lib_a-s_fabs.o)
 .bss           0x0000000000000000        0x0 /package/freescale/KDS_2.0.0/toolchain/bin/../lib/gcc/arm-none-eabi/4.8.0/../../../../arm-none-eabi/lib/libm.a(lib_a-s_fabs.o)
 .data          0x0000000000000000        0x0 /package/freescale/KDS_2.0.0/toolchain/bin/../lib/gcc/arm-none-eabi/4.8.0/libgcc.a(_udivsi3.o)
 .bss           0x0000000000000000        0x0 /package/freescale/KDS_2.0.0/toolchain/bin/../lib/gcc/arm-none-eabi/4.8.0/libgcc.a(_udivsi3.o)
 .data          0x0000000000000000        0x0 /package/freescale/KDS_2.0.0/toolchain/bin/../lib/gcc/arm-none-eabi/4.8.0/libgcc.a(_divsi3.o)
 .bss           0x0000000000000000        0x0 /package/freescale/KDS_2.0.0/toolchain/bin/../lib/gcc/arm-none-eabi/4.8.0/libgcc.a(_divsi3.o)
 .data          0x0000000000000000        0x0 /package/freescale/KDS_2.0.0/toolchain/bin/../lib/gcc/arm-none-eabi/4.8.0/libgcc.a(_dvmd_tls.o)
 .bss           0x0000000000000000        0x0 /package/freescale/KDS_2.0.0/toolchain/bin/../lib/gcc/arm-none-eabi/4.8.0/libgcc.a(_dvmd_tls.o)
 .data          0x0000000000000000        0x0 /package/freescale/KDS_2.0.0/toolchain/bin/../lib/gcc/arm-none-eabi/4.8.0/libgcc.a(_arm_cmpdf2.o)
 .bss           0x0000000000000000        0x0 /package/freescale/KDS_2.0.0/toolchain/bin/../lib/gcc/arm-none-eabi/4.8.0/libgcc.a(_arm_cmpdf2.o)
 .text          0x0000000000000000        0x0 /package/freescale/KDS_2.0.0/toolchain/bin/../lib/gcc/arm-none-eabi/4.8.0/libgcc.a(adddf3.o)
 .data          0x0000000000000000        0x0 /package/freescale/KDS_2.0.0/toolchain/bin/../lib/gcc/arm-none-eabi/4.8.0/libgcc.a(adddf3.o)
 .bss           0x0000000000000000        0x0 /package/freescale/KDS_2.0.0/toolchain/bin/../lib/gcc/arm-none-eabi/4.8.0/libgcc.a(adddf3.o)
 .text          0x0000000000000000        0x0 /package/freescale/KDS_2.0.0/toolchain/bin/../lib/gcc/arm-none-eabi/4.8.0/libgcc.a(divdf3.o)
 .data          0x0000000000000000        0x0 /package/freescale/KDS_2.0.0/toolchain/bin/../lib/gcc/arm-none-eabi/4.8.0/libgcc.a(divdf3.o)
 .bss           0x0000000000000000        0x0 /package/freescale/KDS_2.0.0/toolchain/bin/../lib/gcc/arm-none-eabi/4.8.0/libgcc.a(divdf3.o)
 .text          0x0000000000000000        0x0 /package/freescale/KDS_2.0.0/toolchain/bin/../lib/gcc/arm-none-eabi/4.8.0/libgcc.a(eqdf2.o)
 .data          0x0000000000000000        0x0 /package/freescale/KDS_2.0.0/toolchain/bin/../lib/gcc/arm-none-eabi/4.8.0/libgcc.a(eqdf2.o)
 .bss           0x0000000000000000        0x0 /package/freescale/KDS_2.0.0/toolchain/bin/../lib/gcc/arm-none-eabi/4.8.0/libgcc.a(eqdf2.o)
 .text          0x0000000000000000        0x0 /package/freescale/KDS_2.0.0/toolchain/bin/../lib/gcc/arm-none-eabi/4.8.0/libgcc.a(gedf2.o)
 .data          0x0000000000000000        0x0 /package/freescale/KDS_2.0.0/toolchain/bin/../lib/gcc/arm-none-eabi/4.8.0/libgcc.a(gedf2.o)
 .bss           0x0000000000000000        0x0 /package/freescale/KDS_2.0.0/toolchain/bin/../lib/gcc/arm-none-eabi/4.8.0/libgcc.a(gedf2.o)
 .text          0x0000000000000000        0x0 /package/freescale/KDS_2.0.0/toolchain/bin/../lib/gcc/arm-none-eabi/4.8.0/libgcc.a(ledf2.o)
 .data          0x0000000000000000        0x0 /package/freescale/KDS_2.0.0/toolchain/bin/../lib/gcc/arm-none-eabi/4.8.0/libgcc.a(ledf2.o)
 .bss           0x0000000000000000        0x0 /package/freescale/KDS_2.0.0/toolchain/bin/../lib/gcc/arm-none-eabi/4.8.0/libgcc.a(ledf2.o)
 .text          0x0000000000000000        0x0 /package/freescale/KDS_2.0.0/toolchain/bin/../lib/gcc/arm-none-eabi/4.8.0/libgcc.a(muldf3.o)
 .data          0x0000000000000000        0x0 /package/freescale/KDS_2.0.0/toolchain/bin/../lib/gcc/arm-none-eabi/4.8.0/libgcc.a(muldf3.o)
 .bss           0x0000000000000000        0x0 /package/freescale/KDS_2.0.0/toolchain/bin/../lib/gcc/arm-none-eabi/4.8.0/libgcc.a(muldf3.o)
 .text          0x0000000000000000        0x0 /package/freescale/KDS_2.0.0/toolchain/bin/../lib/gcc/arm-none-eabi/4.8.0/libgcc.a(subdf3.o)
 .data          0x0000000000000000        0x0 /package/freescale/KDS_2.0.0/toolchain/bin/../lib/gcc/arm-none-eabi/4.8.0/libgcc.a(subdf3.o)
 .bss           0x0000000000000000        0x0 /package/freescale/KDS_2.0.0/toolchain/bin/../lib/gcc/arm-none-eabi/4.8.0/libgcc.a(subdf3.o)
 .text          0x0000000000000000        0x0 /package/freescale/KDS_2.0.0/toolchain/bin/../lib/gcc/arm-none-eabi/4.8.0/libgcc.a(fixdfsi.o)
 .data          0x0000000000000000        0x0 /package/freescale/KDS_2.0.0/toolchain/bin/../lib/gcc/arm-none-eabi/4.8.0/libgcc.a(fixdfsi.o)
 .bss           0x0000000000000000        0x0 /package/freescale/KDS_2.0.0/toolchain/bin/../lib/gcc/arm-none-eabi/4.8.0/libgcc.a(fixdfsi.o)
 .text          0x0000000000000000        0x0 /package/freescale/KDS_2.0.0/toolchain/bin/../lib/gcc/arm-none-eabi/4.8.0/libgcc.a(floatsidf.o)
 .data          0x0000000000000000        0x0 /package/freescale/KDS_2.0.0/toolchain/bin/../lib/gcc/arm-none-eabi/4.8.0/libgcc.a(floatsidf.o)
 .bss           0x0000000000000000        0x0 /package/freescale/KDS_2.0.0/toolchain/bin/../lib/gcc/arm-none-eabi/4.8.0/libgcc.a(floatsidf.o)
 .data          0x0000000000000000        0x0 /package/freescale/KDS_2.0.0/toolchain/bin/../lib/gcc/arm-none-eabi/4.8.0/libgcc.a(_thumb1_case_uhi.o)
 .bss           0x0000000000000000        0x0 /package/freescale/KDS_2.0.0/toolchain/bin/../lib/gcc/arm-none-eabi/4.8.0/libgcc.a(_thumb1_case_uhi.o)
 .data          0x0000000000000000        0x0 /package/freescale/KDS_2.0.0/toolchain/bin/../lib/gcc/arm-none-eabi/4.8.0/libgcc.a(_clzsi2.o)
 .bss           0x0000000000000000        0x0 /package/freescale/KDS_2.0.0/toolchain/bin/../lib/gcc/arm-none-eabi/4.8.0/libgcc.a(_clzsi2.o)
 .text          0x0000000000000000        0x0 /package/freescale/KDS_2.0.0/toolchain/bin/../lib/gcc/arm-none-eabi/4.8.0/../../../../arm-none-eabi/lib/libg_s.a(lib_a-atexit.o)
 .data          0x0000000000000000        0x0 /package/freescale/KDS_2.0.0/toolchain/bin/../lib/gcc/arm-none-eabi/4.8.0/../../../../arm-none-eabi/lib/libg_s.a(lib_a-atexit.o)
 .bss           0x0000000000000000        0x0 /package/freescale/KDS_2.0.0/toolchain/bin/../lib/gcc/arm-none-eabi/4.8.0/../../../../arm-none-eabi/lib/libg_s.a(lib_a-atexit.o)
 .text          0x0000000000000000        0x0 /package/freescale/KDS_2.0.0/toolchain/bin/../lib/gcc/arm-none-eabi/4.8.0/../../../../arm-none-eabi/lib/libg_s.a(lib_a-exit.o)
 .data          0x0000000000000000        0x0 /package/freescale/KDS_2.0.0/toolchain/bin/../lib/gcc/arm-none-eabi/4.8.0/../../../../arm-none-eabi/lib/libg_s.a(lib_a-exit.o)
 .bss           0x0000000000000000        0x0 /package/freescale/KDS_2.0.0/toolchain/bin/../lib/gcc/arm-none-eabi/4.8.0/../../../../arm-none-eabi/lib/libg_s.a(lib_a-exit.o)
 .text          0x0000000000000000        0x0 /package/freescale/KDS_2.0.0/toolchain/bin/../lib/gcc/arm-none-eabi/4.8.0/../../../../arm-none-eabi/lib/libg_s.a(lib_a-fini.o)
 .data          0x0000000000000000        0x0 /package/freescale/KDS_2.0.0/toolchain/bin/../lib/gcc/arm-none-eabi/4.8.0/../../../../arm-none-eabi/lib/libg_s.a(lib_a-fini.o)
 .bss           0x0000000000000000        0x0 /package/freescale/KDS_2.0.0/toolchain/bin/../lib/gcc/arm-none-eabi/4.8.0/../../../../arm-none-eabi/lib/libg_s.a(lib_a-fini.o)
 .text          0x0000000000000000        0x0 /package/freescale/KDS_2.0.0/toolchain/bin/../lib/gcc/arm-none-eabi/4.8.0/../../../../arm-none-eabi/lib/libg_s.a(lib_a-impure.o)
 .data          0x0000000000000000        0x0 /package/freescale/KDS_2.0.0/toolchain/bin/../lib/gcc/arm-none-eabi/4.8.0/../../../../arm-none-eabi/lib/libg_s.a(lib_a-impure.o)
 .bss           0x0000000000000000        0x0 /package/freescale/KDS_2.0.0/toolchain/bin/../lib/gcc/arm-none-eabi/4.8.0/../../../../arm-none-eabi/lib/libg_s.a(lib_a-impure.o)
 .text          0x0000000000000000        0x0 /package/freescale/KDS_2.0.0/toolchain/bin/../lib/gcc/arm-none-eabi/4.8.0/../../../../arm-none-eabi/lib/libg_s.a(lib_a-memcpy.o)
 .data          0x0000000000000000        0x0 /package/freescale/KDS_2.0.0/toolchain/bin/../lib/gcc/arm-none-eabi/4.8.0/../../../../arm-none-eabi/lib/libg_s.a(lib_a-memcpy.o)
 .bss           0x0000000000000000        0x0 /package/freescale/KDS_2.0.0/toolchain/bin/../lib/gcc/arm-none-eabi/4.8.0/../../../../arm-none-eabi/lib/libg_s.a(lib_a-memcpy.o)
 .text          0x0000000000000000        0x0 /package/freescale/KDS_2.0.0/toolchain/bin/../lib/gcc/arm-none-eabi/4.8.0/../../../../arm-none-eabi/lib/libg_s.a(lib_a-memset.o)
 .data          0x0000000000000000        0x0 /package/freescale/KDS_2.0.0/toolchain/bin/../lib/gcc/arm-none-eabi/4.8.0/../../../../arm-none-eabi/lib/libg_s.a(lib_a-memset.o)
 .bss           0x0000000000000000        0x0 /package/freescale/KDS_2.0.0/toolchain/bin/../lib/gcc/arm-none-eabi/4.8.0/../../../../arm-none-eabi/lib/libg_s.a(lib_a-memset.o)
 .text          0x0000000000000000        0x0 /package/freescale/KDS_2.0.0/toolchain/bin/../lib/gcc/arm-none-eabi/4.8.0/../../../../arm-none-eabi/lib/libg_s.a(lib_a-snprintf.o)
 .data          0x0000000000000000        0x0 /package/freescale/KDS_2.0.0/toolchain/bin/../lib/gcc/arm-none-eabi/4.8.0/../../../../arm-none-eabi/lib/libg_s.a(lib_a-snprintf.o)
 .bss           0x0000000000000000        0x0 /package/freescale/KDS_2.0.0/toolchain/bin/../lib/gcc/arm-none-eabi/4.8.0/../../../../arm-none-eabi/lib/libg_s.a(lib_a-snprintf.o)
 .text._snprintf_r
                0x0000000000000000       0x5e /package/freescale/KDS_2.0.0/toolchain/bin/../lib/gcc/arm-none-eabi/4.8.0/../../../../arm-none-eabi/lib/libg_s.a(lib_a-snprintf.o)
 .text          0x0000000000000000        0x0 /package/freescale/KDS_2.0.0/toolchain/bin/../lib/gcc/arm-none-eabi/4.8.0/../../../../arm-none-eabi/lib/libg_s.a(lib_a-svfprintf.o)
 .data          0x0000000000000000        0x0 /package/freescale/KDS_2.0.0/toolchain/bin/../lib/gcc/arm-none-eabi/4.8.0/../../../../arm-none-eabi/lib/libg_s.a(lib_a-svfprintf.o)
 .bss           0x0000000000000000        0x0 /package/freescale/KDS_2.0.0/toolchain/bin/../lib/gcc/arm-none-eabi/4.8.0/../../../../arm-none-eabi/lib/libg_s.a(lib_a-svfprintf.o)
 .text.__ssprint_r
                0x0000000000000000      0x100 /package/freescale/KDS_2.0.0/toolchain/bin/../lib/gcc/arm-none-eabi/4.8.0/../../../../arm-none-eabi/lib/libg_s.a(lib_a-svfprintf.o)
 .text          0x0000000000000000        0x0 /package/freescale/KDS_2.0.0/toolchain/bin/../lib/gcc/arm-none-eabi/4.8.0/../../../../arm-none-eabi/lib/libg_s.a(lib_a-syscalls.o)
 .data          0x0000000000000000        0x0 /package/freescale/KDS_2.0.0/toolchain/bin/../lib/gcc/arm-none-eabi/4.8.0/../../../../arm-none-eabi/lib/libg_s.a(lib_a-syscalls.o)
 .bss           0x0000000000000000        0x0 /package/freescale/KDS_2.0.0/toolchain/bin/../lib/gcc/arm-none-eabi/4.8.0/../../../../arm-none-eabi/lib/libg_s.a(lib_a-syscalls.o)
 .text.invalid_fd
                0x0000000000000000       0x1c /package/freescale/KDS_2.0.0/toolchain/bin/../lib/gcc/arm-none-eabi/4.8.0/../../../../arm-none-eabi/lib/libg_s.a(lib_a-syscalls.o)
 .text.error    0x0000000000000000       0x1c /package/freescale/KDS_2.0.0/toolchain/bin/../lib/gcc/arm-none-eabi/4.8.0/../../../../arm-none-eabi/lib/libg_s.a(lib_a-syscalls.o)
 .text.findslot.part.0
                0x0000000000000000       0x1c /package/freescale/KDS_2.0.0/toolchain/bin/../lib/gcc/arm-none-eabi/4.8.0/../../../../arm-none-eabi/lib/libg_s.a(lib_a-syscalls.o)
 .text.initialise_monitor_handles
                0x0000000000000000       0x78 /package/freescale/KDS_2.0.0/toolchain/bin/../lib/gcc/arm-none-eabi/4.8.0/../../../../arm-none-eabi/lib/libg_s.a(lib_a-syscalls.o)
 .text._swiread
                0x0000000000000000       0x26 /package/freescale/KDS_2.0.0/toolchain/bin/../lib/gcc/arm-none-eabi/4.8.0/../../../../arm-none-eabi/lib/libg_s.a(lib_a-syscalls.o)
 .text._read    0x0000000000000000       0x64 /package/freescale/KDS_2.0.0/toolchain/bin/../lib/gcc/arm-none-eabi/4.8.0/../../../../arm-none-eabi/lib/libg_s.a(lib_a-syscalls.o)
 .text._swilseek
                0x0000000000000000       0xa4 /package/freescale/KDS_2.0.0/toolchain/bin/../lib/gcc/arm-none-eabi/4.8.0/../../../../arm-none-eabi/lib/libg_s.a(lib_a-syscalls.o)
 .text._lseek   0x0000000000000000       0x10 /package/freescale/KDS_2.0.0/toolchain/bin/../lib/gcc/arm-none-eabi/4.8.0/../../../../arm-none-eabi/lib/libg_s.a(lib_a-syscalls.o)
 .text._swiwrite
                0x0000000000000000       0x26 /package/freescale/KDS_2.0.0/toolchain/bin/../lib/gcc/arm-none-eabi/4.8.0/../../../../arm-none-eabi/lib/libg_s.a(lib_a-syscalls.o)
 .text._write   0x0000000000000000       0x68 /package/freescale/KDS_2.0.0/toolchain/bin/../lib/gcc/arm-none-eabi/4.8.0/../../../../arm-none-eabi/lib/libg_s.a(lib_a-syscalls.o)
 .text._swiopen
                0x0000000000000000       0x84 /package/freescale/KDS_2.0.0/toolchain/bin/../lib/gcc/arm-none-eabi/4.8.0/../../../../arm-none-eabi/lib/libg_s.a(lib_a-syscalls.o)
 .text._open    0x0000000000000000       0x18 /package/freescale/KDS_2.0.0/toolchain/bin/../lib/gcc/arm-none-eabi/4.8.0/../../../../arm-none-eabi/lib/libg_s.a(lib_a-syscalls.o)
 .text._swiclose
                0x0000000000000000       0x40 /package/freescale/KDS_2.0.0/toolchain/bin/../lib/gcc/arm-none-eabi/4.8.0/../../../../arm-none-eabi/lib/libg_s.a(lib_a-syscalls.o)
 .text._close   0x0000000000000000       0x10 /package/freescale/KDS_2.0.0/toolchain/bin/../lib/gcc/arm-none-eabi/4.8.0/../../../../arm-none-eabi/lib/libg_s.a(lib_a-syscalls.o)
 .text._getpid  0x0000000000000000        0x4 /package/freescale/KDS_2.0.0/toolchain/bin/../lib/gcc/arm-none-eabi/4.8.0/../../../../arm-none-eabi/lib/libg_s.a(lib_a-syscalls.o)
 .text._fstat   0x0000000000000000       0x1e /package/freescale/KDS_2.0.0/toolchain/bin/../lib/gcc/arm-none-eabi/4.8.0/../../../../arm-none-eabi/lib/libg_s.a(lib_a-syscalls.o)
 .text._stat    0x0000000000000000       0x34 /package/freescale/KDS_2.0.0/toolchain/bin/../lib/gcc/arm-none-eabi/4.8.0/../../../../arm-none-eabi/lib/libg_s.a(lib_a-syscalls.o)
 .text._link    0x0000000000000000        0x6 /package/freescale/KDS_2.0.0/toolchain/bin/../lib/gcc/arm-none-eabi/4.8.0/../../../../arm-none-eabi/lib/libg_s.a(lib_a-syscalls.o)
 .text._unlink  0x0000000000000000       0x2a /package/freescale/KDS_2.0.0/toolchain/bin/../lib/gcc/arm-none-eabi/4.8.0/../../../../arm-none-eabi/lib/libg_s.a(lib_a-syscalls.o)
 .text._raise   0x0000000000000000        0x2 /package/freescale/KDS_2.0.0/toolchain/bin/../lib/gcc/arm-none-eabi/4.8.0/../../../../arm-none-eabi/lib/libg_s.a(lib_a-syscalls.o)
 .text._gettimeofday
                0x0000000000000000       0x2a /package/freescale/KDS_2.0.0/toolchain/bin/../lib/gcc/arm-none-eabi/4.8.0/../../../../arm-none-eabi/lib/libg_s.a(lib_a-syscalls.o)
 .text._times   0x0000000000000000       0x22 /package/freescale/KDS_2.0.0/toolchain/bin/../lib/gcc/arm-none-eabi/4.8.0/../../../../arm-none-eabi/lib/libg_s.a(lib_a-syscalls.o)
 .text._isatty  0x0000000000000000       0x44 /package/freescale/KDS_2.0.0/toolchain/bin/../lib/gcc/arm-none-eabi/4.8.0/../../../../arm-none-eabi/lib/libg_s.a(lib_a-syscalls.o)
 .text._system  0x0000000000000000       0x42 /package/freescale/KDS_2.0.0/toolchain/bin/../lib/gcc/arm-none-eabi/4.8.0/../../../../arm-none-eabi/lib/libg_s.a(lib_a-syscalls.o)
 .text._rename  0x0000000000000000       0x3a /package/freescale/KDS_2.0.0/toolchain/bin/../lib/gcc/arm-none-eabi/4.8.0/../../../../arm-none-eabi/lib/libg_s.a(lib_a-syscalls.o)
 .bss.monitor_stdout
                0x0000000000000000        0x4 /package/freescale/KDS_2.0.0/toolchain/bin/../lib/gcc/arm-none-eabi/4.8.0/../../../../arm-none-eabi/lib/libg_s.a(lib_a-syscalls.o)
 .bss.monitor_stdin
                0x0000000000000000        0x4 /package/freescale/KDS_2.0.0/toolchain/bin/../lib/gcc/arm-none-eabi/4.8.0/../../../../arm-none-eabi/lib/libg_s.a(lib_a-syscalls.o)
 .rodata.str1.1
                0x0000000000000000        0x4 /package/freescale/KDS_2.0.0/toolchain/bin/../lib/gcc/arm-none-eabi/4.8.0/../../../../arm-none-eabi/lib/libg_s.a(lib_a-syscalls.o)
 .bss.monitor_stderr
                0x0000000000000000        0x4 /package/freescale/KDS_2.0.0/toolchain/bin/../lib/gcc/arm-none-eabi/4.8.0/../../../../arm-none-eabi/lib/libg_s.a(lib_a-syscalls.o)
 .bss.openfiles
                0x0000000000000000       0xa0 /package/freescale/KDS_2.0.0/toolchain/bin/../lib/gcc/arm-none-eabi/4.8.0/../../../../arm-none-eabi/lib/libg_s.a(lib_a-syscalls.o)
 .text          0x0000000000000000        0x0 /package/freescale/KDS_2.0.0/toolchain/bin/../lib/gcc/arm-none-eabi/4.8.0/../../../../arm-none-eabi/lib/libg_s.a(lib_a-vfprintf_i.o)
 .data          0x0000000000000000        0x0 /package/freescale/KDS_2.0.0/toolchain/bin/../lib/gcc/arm-none-eabi/4.8.0/../../../../arm-none-eabi/lib/libg_s.a(lib_a-vfprintf_i.o)
 .bss           0x0000000000000000        0x0 /package/freescale/KDS_2.0.0/toolchain/bin/../lib/gcc/arm-none-eabi/4.8.0/../../../../arm-none-eabi/lib/libg_s.a(lib_a-vfprintf_i.o)
 .text          0x0000000000000000        0x0 /package/freescale/KDS_2.0.0/toolchain/bin/../lib/gcc/arm-none-eabi/4.8.0/../../../../arm-none-eabi/lib/libg_s.a(lib_a-__atexit.o)
 .data          0x0000000000000000        0x0 /package/freescale/KDS_2.0.0/toolchain/bin/../lib/gcc/arm-none-eabi/4.8.0/../../../../arm-none-eabi/lib/libg_s.a(lib_a-__atexit.o)
 .bss           0x0000000000000000        0x0 /package/freescale/KDS_2.0.0/toolchain/bin/../lib/gcc/arm-none-eabi/4.8.0/../../../../arm-none-eabi/lib/libg_s.a(lib_a-__atexit.o)
 .data.__atexit_dummy
                0x0000000000000000        0x4 /package/freescale/KDS_2.0.0/toolchain/bin/../lib/gcc/arm-none-eabi/4.8.0/../../../../arm-none-eabi/lib/libg_s.a(lib_a-__atexit.o)
 .text          0x0000000000000000        0x0 /package/freescale/KDS_2.0.0/toolchain/bin/../lib/gcc/arm-none-eabi/4.8.0/../../../../arm-none-eabi/lib/libg_s.a(lib_a-__call_atexit.o)
 .data          0x0000000000000000        0x0 /package/freescale/KDS_2.0.0/toolchain/bin/../lib/gcc/arm-none-eabi/4.8.0/../../../../arm-none-eabi/lib/libg_s.a(lib_a-__call_atexit.o)
 .bss           0x0000000000000000        0x0 /package/freescale/KDS_2.0.0/toolchain/bin/../lib/gcc/arm-none-eabi/4.8.0/../../../../arm-none-eabi/lib/libg_s.a(lib_a-__call_atexit.o)
 .text          0x0000000000000000        0x0 /package/freescale/KDS_2.0.0/toolchain/bin/../lib/gcc/arm-none-eabi/4.8.0/../../../../arm-none-eabi/lib/libg_s.a(lib_a-errno.o)
 .data          0x0000000000000000        0x0 /package/freescale/KDS_2.0.0/toolchain/bin/../lib/gcc/arm-none-eabi/4.8.0/../../../../arm-none-eabi/lib/libg_s.a(lib_a-errno.o)
 .bss           0x0000000000000000        0x0 /package/freescale/KDS_2.0.0/toolchain/bin/../lib/gcc/arm-none-eabi/4.8.0/../../../../arm-none-eabi/lib/libg_s.a(lib_a-errno.o)
 .text          0x0000000000000000        0x0 /package/freescale/KDS_2.0.0/toolchain/bin/../lib/gcc/arm-none-eabi/4.8.0/../../../../arm-none-eabi/lib/libg_s.a(lib_a-freer.o)
 .data          0x0000000000000000        0x0 /package/freescale/KDS_2.0.0/toolchain/bin/../lib/gcc/arm-none-eabi/4.8.0/../../../../arm-none-eabi/lib/libg_s.a(lib_a-freer.o)
 .bss           0x0000000000000000        0x0 /package/freescale/KDS_2.0.0/toolchain/bin/../lib/gcc/arm-none-eabi/4.8.0/../../../../arm-none-eabi/lib/libg_s.a(lib_a-freer.o)
 .text          0x0000000000000000        0x0 /package/freescale/KDS_2.0.0/toolchain/bin/../lib/gcc/arm-none-eabi/4.8.0/../../../../arm-none-eabi/lib/libg_s.a(lib_a-malloc.o)
 .data          0x0000000000000000        0x0 /package/freescale/KDS_2.0.0/toolchain/bin/../lib/gcc/arm-none-eabi/4.8.0/../../../../arm-none-eabi/lib/libg_s.a(lib_a-malloc.o)
 .bss           0x0000000000000000        0x0 /package/freescale/KDS_2.0.0/toolchain/bin/../lib/gcc/arm-none-eabi/4.8.0/../../../../arm-none-eabi/lib/libg_s.a(lib_a-malloc.o)
 .text          0x0000000000000000        0x0 /package/freescale/KDS_2.0.0/toolchain/bin/../lib/gcc/arm-none-eabi/4.8.0/../../../../arm-none-eabi/lib/libg_s.a(lib_a-mallocr.o)
 .data          0x0000000000000000        0x0 /package/freescale/KDS_2.0.0/toolchain/bin/../lib/gcc/arm-none-eabi/4.8.0/../../../../arm-none-eabi/lib/libg_s.a(lib_a-mallocr.o)
 .bss           0x0000000000000000        0x0 /package/freescale/KDS_2.0.0/toolchain/bin/../lib/gcc/arm-none-eabi/4.8.0/../../../../arm-none-eabi/lib/libg_s.a(lib_a-mallocr.o)
 .text          0x0000000000000000        0x0 /package/freescale/KDS_2.0.0/toolchain/bin/../lib/gcc/arm-none-eabi/4.8.0/../../../../arm-none-eabi/lib/libg_s.a(lib_a-memchr.o)
 .data          0x0000000000000000        0x0 /package/freescale/KDS_2.0.0/toolchain/bin/../lib/gcc/arm-none-eabi/4.8.0/../../../../arm-none-eabi/lib/libg_s.a(lib_a-memchr.o)
 .bss           0x0000000000000000        0x0 /package/freescale/KDS_2.0.0/toolchain/bin/../lib/gcc/arm-none-eabi/4.8.0/../../../../arm-none-eabi/lib/libg_s.a(lib_a-memchr.o)
 .text          0x0000000000000000        0x0 /package/freescale/KDS_2.0.0/toolchain/bin/../lib/gcc/arm-none-eabi/4.8.0/../../../../arm-none-eabi/lib/libg_s.a(lib_a-memmove.o)
 .data          0x0000000000000000        0x0 /package/freescale/KDS_2.0.0/toolchain/bin/../lib/gcc/arm-none-eabi/4.8.0/../../../../arm-none-eabi/lib/libg_s.a(lib_a-memmove.o)
 .bss           0x0000000000000000        0x0 /package/freescale/KDS_2.0.0/toolchain/bin/../lib/gcc/arm-none-eabi/4.8.0/../../../../arm-none-eabi/lib/libg_s.a(lib_a-memmove.o)
 .text.memmove  0x0000000000000000       0x30 /package/freescale/KDS_2.0.0/toolchain/bin/../lib/gcc/arm-none-eabi/4.8.0/../../../../arm-none-eabi/lib/libg_s.a(lib_a-memmove.o)
 .comment       0x0000000000000000       0x12 /package/freescale/KDS_2.0.0/toolchain/bin/../lib/gcc/arm-none-eabi/4.8.0/../../../../arm-none-eabi/lib/libg_s.a(lib_a-memmove.o)
 .ARM.attributes
                0x0000000000000000       0x31 /package/freescale/KDS_2.0.0/toolchain/bin/../lib/gcc/arm-none-eabi/4.8.0/../../../../arm-none-eabi/lib/libg_s.a(lib_a-memmove.o)
 .text          0x0000000000000000        0x0 /package/freescale/KDS_2.0.0/toolchain/bin/../lib/gcc/arm-none-eabi/4.8.0/../../../../arm-none-eabi/lib/libg_s.a(lib_a-reallocr.o)
 .data          0x0000000000000000        0x0 /package/freescale/KDS_2.0.0/toolchain/bin/../lib/gcc/arm-none-eabi/4.8.0/../../../../arm-none-eabi/lib/libg_s.a(lib_a-reallocr.o)
 .bss           0x0000000000000000        0x0 /package/freescale/KDS_2.0.0/toolchain/bin/../lib/gcc/arm-none-eabi/4.8.0/../../../../arm-none-eabi/lib/libg_s.a(lib_a-reallocr.o)
 .text          0x0000000000000000        0x0 /package/freescale/KDS_2.0.0/toolchain/bin/../lib/gcc/arm-none-eabi/4.8.0/../../../../arm-none-eabi/lib/libg_s.a(lib_a-sbrkr.o)
 .data          0x0000000000000000        0x0 /package/freescale/KDS_2.0.0/toolchain/bin/../lib/gcc/arm-none-eabi/4.8.0/../../../../arm-none-eabi/lib/libg_s.a(lib_a-sbrkr.o)
 .bss           0x0000000000000000        0x0 /package/freescale/KDS_2.0.0/toolchain/bin/../lib/gcc/arm-none-eabi/4.8.0/../../../../arm-none-eabi/lib/libg_s.a(lib_a-sbrkr.o)
 .text          0x0000000000000000        0x0 /package/freescale/KDS_2.0.0/toolchain/bin/../lib/gcc/arm-none-eabi/4.8.0/../../../../arm-none-eabi/lib/libg_s.a(lib_a-strlen.o)
 .data          0x0000000000000000        0x0 /package/freescale/KDS_2.0.0/toolchain/bin/../lib/gcc/arm-none-eabi/4.8.0/../../../../arm-none-eabi/lib/libg_s.a(lib_a-strlen.o)
 .bss           0x0000000000000000        0x0 /package/freescale/KDS_2.0.0/toolchain/bin/../lib/gcc/arm-none-eabi/4.8.0/../../../../arm-none-eabi/lib/libg_s.a(lib_a-strlen.o)
 .text          0x0000000000000000        0x0 /package/freescale/KDS_2.0.0/toolchain/bin/../lib/gcc/arm-none-eabi/4.8.0/../../../../arm-none-eabi/lib/libg_s.a(lib_a-msizer.o)
 .data          0x0000000000000000        0x0 /package/freescale/KDS_2.0.0/toolchain/bin/../lib/gcc/arm-none-eabi/4.8.0/../../../../arm-none-eabi/lib/libg_s.a(lib_a-msizer.o)
 .bss           0x0000000000000000        0x0 /package/freescale/KDS_2.0.0/toolchain/bin/../lib/gcc/arm-none-eabi/4.8.0/../../../../arm-none-eabi/lib/libg_s.a(lib_a-msizer.o)
 .text          0x0000000000000000        0x0 /package/freescale/KDS_2.0.0/toolchain/bin/../lib/gcc/arm-none-eabi/4.8.0/../../../../arm-none-eabi/lib/libg_s.a(lib_a-reent.o)
 .data          0x0000000000000000        0x0 /package/freescale/KDS_2.0.0/toolchain/bin/../lib/gcc/arm-none-eabi/4.8.0/../../../../arm-none-eabi/lib/libg_s.a(lib_a-reent.o)
 .bss           0x0000000000000000        0x0 /package/freescale/KDS_2.0.0/toolchain/bin/../lib/gcc/arm-none-eabi/4.8.0/../../../../arm-none-eabi/lib/libg_s.a(lib_a-reent.o)
 .text.cleanup_glue
                0x0000000000000000       0x1a /package/freescale/KDS_2.0.0/toolchain/bin/../lib/gcc/arm-none-eabi/4.8.0/../../../../arm-none-eabi/lib/libg_s.a(lib_a-reent.o)
 .text._reclaim_reent
                0x0000000000000000       0x7c /package/freescale/KDS_2.0.0/toolchain/bin/../lib/gcc/arm-none-eabi/4.8.0/../../../../arm-none-eabi/lib/libg_s.a(lib_a-reent.o)
 .text._wrapup_reent
                0x0000000000000000       0x38 /package/freescale/KDS_2.0.0/toolchain/bin/../lib/gcc/arm-none-eabi/4.8.0/../../../../arm-none-eabi/lib/libg_s.a(lib_a-reent.o)
 .text          0x0000000000000000        0x0 /package/freescale/KDS_2.0.0/toolchain/bin/../lib/gcc/arm-none-eabi/4.8.0/crtend.o
 .data          0x0000000000000000        0x0 /package/freescale/KDS_2.0.0/toolchain/bin/../lib/gcc/arm-none-eabi/4.8.0/crtend.o
 .bss           0x0000000000000000        0x0 /package/freescale/KDS_2.0.0/toolchain/bin/../lib/gcc/arm-none-eabi/4.8.0/crtend.o
 .eh_frame      0x0000000000000000        0x4 /package/freescale/KDS_2.0.0/toolchain/bin/../lib/gcc/arm-none-eabi/4.8.0/crtend.o
 .text          0x0000000000000000        0x0 /package/freescale/KDS_2.0.0/toolchain/bin/../lib/gcc/arm-none-eabi/4.8.0/crtn.o
 .data          0x0000000000000000        0x0 /package/freescale/KDS_2.0.0/toolchain/bin/../lib/gcc/arm-none-eabi/4.8.0/crtn.o
 .bss           0x0000000000000000        0x0 /package/freescale/KDS_2.0.0/toolchain/bin/../lib/gcc/arm-none-eabi/4.8.0/crtn.o

Memory Configuration

Name             Origin             Length             Attributes
m_interrupts     0x0000000000000000 0x0000000000000100 xr
m_flash_config   0x0000000000000400 0x0000000000000010 xr
m_text           0x0000000000000410 0x000000000003fbf0 xr
m_data           0x000000001fffe000 0x0000000000008000 rw
*default*        0x0000000000000000 0xffffffffffffffff

Linker script and memory map

LOAD /package/freescale/KDS_2.0.0/toolchain/bin/../lib/gcc/arm-none-eabi/4.8.0/crti.o
LOAD /package/freescale/KDS_2.0.0/toolchain/bin/../lib/gcc/arm-none-eabi/4.8.0/crtbegin.o
LOAD /package/freescale/KDS_2.0.0/toolchain/bin/../lib/gcc/arm-none-eabi/4.8.0/../../../../arm-none-eabi/lib/crt0.o
LOAD ./Sources/main.o
LOAD ./Sources/slcd.o
LOAD ./Project_Settings/Startup_Code/startup_MKL46Z4.o
LOAD ./Project_Settings/Startup_Code/system_MKL46Z4.o
LOAD /package/freescale/KDS_2.0.0/toolchain/bin/../lib/gcc/arm-none-eabi/4.8.0/../../../../arm-none-eabi/lib/libstdc++.a
LOAD /package/freescale/KDS_2.0.0/toolchain/bin/../lib/gcc/arm-none-eabi/4.8.0/../../../../arm-none-eabi/lib/libm.a
START GROUP
LOAD /package/freescale/KDS_2.0.0/toolchain/bin/../lib/gcc/arm-none-eabi/4.8.0/libgcc.a
LOAD /package/freescale/KDS_2.0.0/toolchain/bin/../lib/gcc/arm-none-eabi/4.8.0/../../../../arm-none-eabi/lib/libg_s.a
LOAD /package/freescale/KDS_2.0.0/toolchain/bin/../lib/gcc/arm-none-eabi/4.8.0/../../../../arm-none-eabi/lib/libc_s.a
END GROUP
LOAD /package/freescale/KDS_2.0.0/toolchain/bin/../lib/gcc/arm-none-eabi/4.8.0/crtend.o
LOAD /package/freescale/KDS_2.0.0/toolchain/bin/../lib/gcc/arm-none-eabi/4.8.0/crtn.o
                0x0000000000000400                HEAP_SIZE = DEFINED (__heap_size__)?__heap_size__:0x400
                0x0000000000000400                STACK_SIZE = DEFINED (__stack_size__)?__stack_size__:0x400

.interrupts     0x0000000000000000       0xc0
                0x0000000000000000                __VECTOR_TABLE = .
                0x0000000000000000                . = ALIGN (0x4)
 *(.isr_vector)
 .isr_vector    0x0000000000000000       0xc0 ./Project_Settings/Startup_Code/startup_MKL46Z4.o
                0x0000000000000000                __isr_vector
                0x00000000000000c0                . = ALIGN (0x4)

.flash_config   0x0000000000000400       0x10
                0x0000000000000400                . = ALIGN (0x4)
 *(.FlashConfig)
 .FlashConfig   0x0000000000000400       0x10 ./Project_Settings/Startup_Code/startup_MKL46Z4.o
                0x0000000000000410                . = ALIGN (0x4)

.text           0x0000000000000410     0x3ea4
                0x0000000000000410                . = ALIGN (0x4)
 *(.text)
 .text          0x0000000000000410       0xf4 /package/freescale/KDS_2.0.0/toolchain/bin/../lib/gcc/arm-none-eabi/4.8.0/../../../../arm-none-eabi/lib/crt0.o
                0x0000000000000440                _start
 .text          0x0000000000000504       0x44 ./Project_Settings/Startup_Code/startup_MKL46Z4.o
                0x0000000000000504                Reset_Handler
                0x0000000000000544                I2C0_IRQHandler
                0x0000000000000544                HardFault_Handler
                0x0000000000000544                SysTick_Handler
                0x0000000000000544                PendSV_Handler
                0x0000000000000544                NMI_Handler
                0x0000000000000544                I2C1_IRQHandler
                0x0000000000000544                UART1_IRQHandler
                0x0000000000000544                DMA2_IRQHandler
                0x0000000000000544                I2S0_IRQHandler
                0x0000000000000544                TSI0_IRQHandler
                0x0000000000000544                UART0_IRQHandler
                0x0000000000000544                ADC0_IRQHandler
                0x0000000000000544                SPI1_IRQHandler
                0x0000000000000544                DefaultISR
                0x0000000000000544                TPM2_IRQHandler
                0x0000000000000544                LPTimer_IRQHandler
                0x0000000000000544                RTC_IRQHandler
                0x0000000000000544                LCD_IRQHandler
                0x0000000000000544                RTC_Seconds_IRQHandler
                0x0000000000000544                MCG_IRQHandler
                0x0000000000000544                UART2_IRQHandler
                0x0000000000000544                Reserved20_IRQHandler
                0x0000000000000544                Default_Handler
                0x0000000000000544                USB0_IRQHandler
                0x0000000000000544                LLW_IRQHandler
                0x0000000000000544                PIT_IRQHandler
                0x0000000000000544                SVC_Handler
                0x0000000000000544                DMA3_IRQHandler
                0x0000000000000544                DMA0_IRQHandler
                0x0000000000000544                DAC0_IRQHandler
                0x0000000000000544                TPM1_IRQHandler
                0x0000000000000544                LVD_LVW_IRQHandler
                0x0000000000000544                SPI0_IRQHandler
                0x0000000000000544                PORTA_IRQHandler
                0x0000000000000544                FTFA_IRQHandler
                0x0000000000000544                CMP0_IRQHandler
                0x0000000000000544                DMA1_IRQHandler
 .text          0x0000000000000548       0x9c /package/freescale/KDS_2.0.0/toolchain/bin/../lib/gcc/arm-none-eabi/4.8.0/libgcc.a(_udivsi3.o)
                0x0000000000000548                __udivsi3
                0x0000000000000548                __aeabi_uidiv
                0x00000000000005d0                __aeabi_uidivmod
 .text          0x00000000000005e4       0xc0 /package/freescale/KDS_2.0.0/toolchain/bin/../lib/gcc/arm-none-eabi/4.8.0/libgcc.a(_divsi3.o)
                0x00000000000005e4                __aeabi_idiv
                0x00000000000005e4                __divsi3
                0x0000000000000690                __aeabi_idivmod
 .text          0x00000000000006a4        0x4 /package/freescale/KDS_2.0.0/toolchain/bin/../lib/gcc/arm-none-eabi/4.8.0/libgcc.a(_dvmd_tls.o)
                0x00000000000006a4                __aeabi_ldiv0
                0x00000000000006a4                __aeabi_idiv0
 .text          0x00000000000006a8       0x7c /package/freescale/KDS_2.0.0/toolchain/bin/../lib/gcc/arm-none-eabi/4.8.0/libgcc.a(_arm_cmpdf2.o)
                0x00000000000006a8                __aeabi_cdrcmple
                0x00000000000006b8                __aeabi_cdcmple
                0x00000000000006b8                __aeabi_cdcmpeq
                0x00000000000006c8                __aeabi_dcmpeq
                0x00000000000006d4                __aeabi_dcmplt
                0x00000000000006e8                __aeabi_dcmple
                0x00000000000006fc                __aeabi_dcmpgt
                0x0000000000000710                __aeabi_dcmpge
 .text          0x0000000000000724       0x14 /package/freescale/KDS_2.0.0/toolchain/bin/../lib/gcc/arm-none-eabi/4.8.0/libgcc.a(_thumb1_case_uhi.o)
                0x0000000000000724                __gnu_thumb1_case_uhi
 .text          0x0000000000000738       0x3c /package/freescale/KDS_2.0.0/toolchain/bin/../lib/gcc/arm-none-eabi/4.8.0/libgcc.a(_clzsi2.o)
                0x0000000000000738                __clzsi2
 *(.text*)
 .text.deregister_tm_clones
                0x0000000000000774       0x24 /package/freescale/KDS_2.0.0/toolchain/bin/../lib/gcc/arm-none-eabi/4.8.0/crtbegin.o
 .text.register_tm_clones
                0x0000000000000798       0x28 /package/freescale/KDS_2.0.0/toolchain/bin/../lib/gcc/arm-none-eabi/4.8.0/crtbegin.o
 .text.__do_global_dtors_aux
                0x00000000000007c0       0x30 /package/freescale/KDS_2.0.0/toolchain/bin/../lib/gcc/arm-none-eabi/4.8.0/crtbegin.o
 .text.frame_dummy
                0x00000000000007f0       0x3c /package/freescale/KDS_2.0.0/toolchain/bin/../lib/gcc/arm-none-eabi/4.8.0/crtbegin.o
 .text.NVIC_EnableIRQ
                0x000000000000082c       0x2c ./Sources/main.o
 .text.delay    0x0000000000000858       0x24 ./Sources/main.o
                0x0000000000000858                delay
 .text.LED_Init
                0x000000000000087c       0x88 ./Sources/main.o
                0x000000000000087c                LED_Init
 .text.SWITCH_Init
                0x0000000000000904       0x58 ./Sources/main.o
                0x0000000000000904                SWITCH_Init
 .text.TIMER_Init
                0x000000000000095c      0x100 ./Sources/main.o
                0x000000000000095c                TIMER_Init
 .text.I2C0_Init
                0x0000000000000a5c      0x114 ./Sources/main.o
                0x0000000000000a5c                I2C0_Init
 .text.TPM0_IRQHandler
                0x0000000000000b70       0x24 ./Sources/main.o
                0x0000000000000b70                TPM0_IRQHandler
 .text.PORTC_PORTD_IRQHandler
                0x0000000000000b94       0x68 ./Sources/main.o
                0x0000000000000b94                PORTC_PORTD_IRQHandler
 .text.I2C_SingleByteRead
                0x0000000000000bfc      0x194 ./Sources/main.o
                0x0000000000000bfc                I2C_SingleByteRead
 .text.I2C_MultipleByteRead
                0x0000000000000d90      0x218 ./Sources/main.o
                0x0000000000000d90                I2C_MultipleByteRead
 .text.I2C_MultipleByteWrite
                0x0000000000000fa8      0x120 ./Sources/main.o
                0x0000000000000fa8                I2C_MultipleByteWrite
 .text.Magnetometer_Init
                0x00000000000010c8       0x74 ./Sources/main.o
                0x00000000000010c8                Magnetometer_Init
 .text.Magnetometer_Acq
                0x000000000000113c       0xfc ./Sources/main.o
                0x000000000000113c                Magnetometer_Acq
 .text.Magnetometer_Cal
                0x0000000000001238       0x54 ./Sources/main.o
                0x0000000000001238                Magnetometer_Cal
 *fill*         0x000000000000128c        0x4 
 .text.Magnetometer_Run
                0x0000000000001290      0x1d0 ./Sources/main.o
                0x0000000000001290                Magnetometer_Run
 .text.main     0x0000000000001460      0x2a8 ./Sources/main.o
                0x0000000000001460                main
 .text.SLCD_Init
                0x0000000000001708       0x8c ./Sources/slcd.o
                0x0000000000001708                SLCD_Init
 .text.SLCD_EnablePins
                0x0000000000001794       0xfc ./Sources/slcd.o
                0x0000000000001794                SLCD_EnablePins
 .text.SLCD_WriteMsg
                0x0000000000001890       0x74 ./Sources/slcd.o
                0x0000000000001890                SLCD_WriteMsg
 .text.SLCD_WriteChar
                0x0000000000001904      0x120 ./Sources/slcd.o
                0x0000000000001904                SLCD_WriteChar
 .text.SystemInit
                0x0000000000001a24       0xe0 ./Project_Settings/Startup_Code/system_MKL46Z4.o
                0x0000000000001a24                SystemInit
 *fill*         0x0000000000001b04        0x4 
 .text.atan     0x0000000000001b08      0x358 /package/freescale/KDS_2.0.0/toolchain/bin/../lib/gcc/arm-none-eabi/4.8.0/../../../../arm-none-eabi/lib/libm.a(lib_a-s_atan.o)
                0x0000000000001b08                atan
 .text.fabs     0x0000000000001e60        0x6 /package/freescale/KDS_2.0.0/toolchain/bin/../lib/gcc/arm-none-eabi/4.8.0/../../../../arm-none-eabi/lib/libm.a(lib_a-s_fabs.o)
                0x0000000000001e60                fabs
 *fill*         0x0000000000001e66        0x2 
 .text.__aeabi_dadd
                0x0000000000001e68      0x5e4 /package/freescale/KDS_2.0.0/toolchain/bin/../lib/gcc/arm-none-eabi/4.8.0/libgcc.a(adddf3.o)
                0x0000000000001e68                __aeabi_dadd
 .text.__aeabi_ddiv
                0x000000000000244c      0x560 /package/freescale/KDS_2.0.0/toolchain/bin/../lib/gcc/arm-none-eabi/4.8.0/libgcc.a(divdf3.o)
                0x000000000000244c                __aeabi_ddiv
 .text.__eqdf2  0x00000000000029ac       0x7c /package/freescale/KDS_2.0.0/toolchain/bin/../lib/gcc/arm-none-eabi/4.8.0/libgcc.a(eqdf2.o)
                0x00000000000029ac                __eqdf2
                0x00000000000029ac                __nedf2
 .text.__gedf2  0x0000000000002a28       0xcc /package/freescale/KDS_2.0.0/toolchain/bin/../lib/gcc/arm-none-eabi/4.8.0/libgcc.a(gedf2.o)
                0x0000000000002a28                __gtdf2
                0x0000000000002a28                __gedf2
 .text.__ledf2  0x0000000000002af4       0xd0 /package/freescale/KDS_2.0.0/toolchain/bin/../lib/gcc/arm-none-eabi/4.8.0/libgcc.a(ledf2.o)
                0x0000000000002af4                __ltdf2
                0x0000000000002af4                __ledf2
 .text.__aeabi_dmul
                0x0000000000002bc4      0x440 /package/freescale/KDS_2.0.0/toolchain/bin/../lib/gcc/arm-none-eabi/4.8.0/libgcc.a(muldf3.o)
                0x0000000000002bc4                __aeabi_dmul
 .text.__aeabi_dsub
                0x0000000000003004      0x5f0 /package/freescale/KDS_2.0.0/toolchain/bin/../lib/gcc/arm-none-eabi/4.8.0/libgcc.a(subdf3.o)
                0x0000000000003004                __aeabi_dsub
 .text.__aeabi_d2iz
                0x00000000000035f4       0x6c /package/freescale/KDS_2.0.0/toolchain/bin/../lib/gcc/arm-none-eabi/4.8.0/libgcc.a(fixdfsi.o)
                0x00000000000035f4                __aeabi_d2iz
 .text.__aeabi_i2d
                0x0000000000003660       0x6c /package/freescale/KDS_2.0.0/toolchain/bin/../lib/gcc/arm-none-eabi/4.8.0/libgcc.a(floatsidf.o)
                0x0000000000003660                __aeabi_i2d
 .text.atexit   0x00000000000036cc       0x10 /package/freescale/KDS_2.0.0/toolchain/bin/../lib/gcc/arm-none-eabi/4.8.0/../../../../arm-none-eabi/lib/libg_s.a(lib_a-atexit.o)
                0x00000000000036cc                atexit
 .text.exit     0x00000000000036dc       0x30 /package/freescale/KDS_2.0.0/toolchain/bin/../lib/gcc/arm-none-eabi/4.8.0/../../../../arm-none-eabi/lib/libg_s.a(lib_a-exit.o)
                0x00000000000036dc                exit
 .text.__libc_fini_array
                0x000000000000370c       0x28 /package/freescale/KDS_2.0.0/toolchain/bin/../lib/gcc/arm-none-eabi/4.8.0/../../../../arm-none-eabi/lib/libg_s.a(lib_a-fini.o)
                0x000000000000370c                __libc_fini_array
 .text.memcpy   0x0000000000003734       0x12 /package/freescale/KDS_2.0.0/toolchain/bin/../lib/gcc/arm-none-eabi/4.8.0/../../../../arm-none-eabi/lib/libg_s.a(lib_a-memcpy.o)
                0x0000000000003734                memcpy
 .text.memset   0x0000000000003746       0x12 /package/freescale/KDS_2.0.0/toolchain/bin/../lib/gcc/arm-none-eabi/4.8.0/../../../../arm-none-eabi/lib/libg_s.a(lib_a-memset.o)
                0x0000000000003746                memset
 .text.snprintf
                0x0000000000003758       0x64 /package/freescale/KDS_2.0.0/toolchain/bin/../lib/gcc/arm-none-eabi/4.8.0/../../../../arm-none-eabi/lib/libg_s.a(lib_a-snprintf.o)
                0x0000000000003758                snprintf
                0x0000000000003758                sniprintf
 .text.__ssputc_r
                0x00000000000037bc       0xb0 /package/freescale/KDS_2.0.0/toolchain/bin/../lib/gcc/arm-none-eabi/4.8.0/../../../../arm-none-eabi/lib/libg_s.a(lib_a-svfprintf.o)
                0x00000000000037bc                __ssputc_r
 .text._svfprintf_r
                0x000000000000386c      0x1f8 /package/freescale/KDS_2.0.0/toolchain/bin/../lib/gcc/arm-none-eabi/4.8.0/../../../../arm-none-eabi/lib/libg_s.a(lib_a-svfprintf.o)
                0x000000000000386c                _svfprintf_r
                0x000000000000386c                _svfiprintf_r
 .text._kill    0x0000000000003a64       0x24 /package/freescale/KDS_2.0.0/toolchain/bin/../lib/gcc/arm-none-eabi/4.8.0/../../../../arm-none-eabi/lib/libg_s.a(lib_a-syscalls.o)
                0x0000000000003a64                _kill
 .text._exit    0x0000000000003a88        0xc /package/freescale/KDS_2.0.0/toolchain/bin/../lib/gcc/arm-none-eabi/4.8.0/../../../../arm-none-eabi/lib/libg_s.a(lib_a-syscalls.o)
                0x0000000000003a88                _exit
 .text._sbrk    0x0000000000003a94       0x38 /package/freescale/KDS_2.0.0/toolchain/bin/../lib/gcc/arm-none-eabi/4.8.0/../../../../arm-none-eabi/lib/libg_s.a(lib_a-syscalls.o)
                0x0000000000003a94                _sbrk
 .text._printf_common
                0x0000000000003acc       0xe0 /package/freescale/KDS_2.0.0/toolchain/bin/../lib/gcc/arm-none-eabi/4.8.0/../../../../arm-none-eabi/lib/libg_s.a(lib_a-vfprintf_i.o)
                0x0000000000003acc                _printf_common
 .text._printf_i
                0x0000000000003bac      0x230 /package/freescale/KDS_2.0.0/toolchain/bin/../lib/gcc/arm-none-eabi/4.8.0/../../../../arm-none-eabi/lib/libg_s.a(lib_a-vfprintf_i.o)
                0x0000000000003bac                _printf_i
 .text.__do_register_exitproc
                0x0000000000003ddc       0x80 /package/freescale/KDS_2.0.0/toolchain/bin/../lib/gcc/arm-none-eabi/4.8.0/../../../../arm-none-eabi/lib/libg_s.a(lib_a-__atexit.o)
                0x0000000000003ddc                __do_register_exitproc
 .text.__call_exitprocs
                0x0000000000003e5c       0xa8 /package/freescale/KDS_2.0.0/toolchain/bin/../lib/gcc/arm-none-eabi/4.8.0/../../../../arm-none-eabi/lib/libg_s.a(lib_a-__call_atexit.o)
                0x0000000000003e5c                __call_exitprocs
 .text.__errno  0x0000000000003f04        0xc /package/freescale/KDS_2.0.0/toolchain/bin/../lib/gcc/arm-none-eabi/4.8.0/../../../../arm-none-eabi/lib/libg_s.a(lib_a-errno.o)
                0x0000000000003f04                __errno
 .text._free_r  0x0000000000003f10       0x90 /package/freescale/KDS_2.0.0/toolchain/bin/../lib/gcc/arm-none-eabi/4.8.0/../../../../arm-none-eabi/lib/libg_s.a(lib_a-freer.o)
                0x0000000000003f10                _free_r
 .text.malloc   0x0000000000003fa0       0x14 /package/freescale/KDS_2.0.0/toolchain/bin/../lib/gcc/arm-none-eabi/4.8.0/../../../../arm-none-eabi/lib/libg_s.a(lib_a-malloc.o)
                0x0000000000003fa0                malloc
 .text.free     0x0000000000003fb4       0x14 /package/freescale/KDS_2.0.0/toolchain/bin/../lib/gcc/arm-none-eabi/4.8.0/../../../../arm-none-eabi/lib/libg_s.a(lib_a-malloc.o)
                0x0000000000003fb4                free
 .text._malloc_r
                0x0000000000003fc8       0x98 /package/freescale/KDS_2.0.0/toolchain/bin/../lib/gcc/arm-none-eabi/4.8.0/../../../../arm-none-eabi/lib/libg_s.a(lib_a-mallocr.o)
                0x0000000000003fc8                _malloc_r
 .text.memchr   0x0000000000004060       0x18 /package/freescale/KDS_2.0.0/toolchain/bin/../lib/gcc/arm-none-eabi/4.8.0/../../../../arm-none-eabi/lib/libg_s.a(lib_a-memchr.o)
                0x0000000000004060                memchr
 .text._realloc_r
                0x0000000000004078       0x4c /package/freescale/KDS_2.0.0/toolchain/bin/../lib/gcc/arm-none-eabi/4.8.0/../../../../arm-none-eabi/lib/libg_s.a(lib_a-reallocr.o)
                0x0000000000004078                _realloc_r
 .text._sbrk_r  0x00000000000040c4       0x24 /package/freescale/KDS_2.0.0/toolchain/bin/../lib/gcc/arm-none-eabi/4.8.0/../../../../arm-none-eabi/lib/libg_s.a(lib_a-sbrkr.o)
                0x00000000000040c4                _sbrk_r
 .text.strlen   0x00000000000040e8        0xe /package/freescale/KDS_2.0.0/toolchain/bin/../lib/gcc/arm-none-eabi/4.8.0/../../../../arm-none-eabi/lib/libg_s.a(lib_a-strlen.o)
                0x00000000000040e8                strlen
 .text._malloc_usable_size_r
                0x00000000000040f6       0x14 /package/freescale/KDS_2.0.0/toolchain/bin/../lib/gcc/arm-none-eabi/4.8.0/../../../../arm-none-eabi/lib/libg_s.a(lib_a-msizer.o)
                0x00000000000040f6                _malloc_usable_size_r
 *(.rodata)
 *fill*         0x000000000000410a        0x2 
 .rodata        0x000000000000410c       0x24 ./Sources/main.o
 *(.rodata*)
 .rodata.MASK_BIT
                0x0000000000004130       0x80 ./Sources/slcd.o
                0x0000000000004130                MASK_BIT
 .rodata.WF_ORDERING_TABLE
                0x00000000000041b0        0xc ./Sources/slcd.o
                0x00000000000041b0                WF_ORDERING_TABLE
 .rodata.ASCII_TO_WF_CODIFICATION_TABLE
                0x00000000000041bc       0x64 ./Sources/slcd.o
                0x00000000000041bc                ASCII_TO_WF_CODIFICATION_TABLE
 .rodata.atanlo
                0x0000000000004220       0x20 /package/freescale/KDS_2.0.0/toolchain/bin/../lib/gcc/arm-none-eabi/4.8.0/../../../../arm-none-eabi/lib/libm.a(lib_a-s_atan.o)
 .rodata.atanhi
                0x0000000000004240       0x20 /package/freescale/KDS_2.0.0/toolchain/bin/../lib/gcc/arm-none-eabi/4.8.0/../../../../arm-none-eabi/lib/libm.a(lib_a-s_atan.o)
 .rodata.str1.1
                0x0000000000004260        0x2 /package/freescale/KDS_2.0.0/toolchain/bin/../lib/gcc/arm-none-eabi/4.8.0/../../../../arm-none-eabi/lib/libg_s.a(lib_a-impure.o)
 *fill*         0x0000000000004262        0x2 
 .rodata._global_impure_ptr
                0x0000000000004264        0x4 /package/freescale/KDS_2.0.0/toolchain/bin/../lib/gcc/arm-none-eabi/4.8.0/../../../../arm-none-eabi/lib/libg_s.a(lib_a-impure.o)
                0x0000000000004264                _global_impure_ptr
 .rodata.str1.1
                0x0000000000004268       0x11 /package/freescale/KDS_2.0.0/toolchain/bin/../lib/gcc/arm-none-eabi/4.8.0/../../../../arm-none-eabi/lib/libg_s.a(lib_a-svfprintf.o)
 .rodata.str1.1
                0x0000000000004279       0x22 /package/freescale/KDS_2.0.0/toolchain/bin/../lib/gcc/arm-none-eabi/4.8.0/../../../../arm-none-eabi/lib/libg_s.a(lib_a-vfprintf_i.o)
 *(.glue_7)
 .glue_7        0x0000000000000000        0x0 linker stubs
 *(.glue_7t)
 .glue_7t       0x0000000000000000        0x0 linker stubs
 *(.eh_frame)
 *fill*         0x000000000000429b        0x1 
 .eh_frame      0x000000000000429c        0x0 /package/freescale/KDS_2.0.0/toolchain/bin/../lib/gcc/arm-none-eabi/4.8.0/crtbegin.o
 *(.init)
 .init          0x000000000000429c        0x4 /package/freescale/KDS_2.0.0/toolchain/bin/../lib/gcc/arm-none-eabi/4.8.0/crti.o
                0x000000000000429c                _init
 .init          0x00000000000042a0        0x8 /package/freescale/KDS_2.0.0/toolchain/bin/../lib/gcc/arm-none-eabi/4.8.0/crtn.o
 *(.fini)
 .fini          0x00000000000042a8        0x4 /package/freescale/KDS_2.0.0/toolchain/bin/../lib/gcc/arm-none-eabi/4.8.0/crti.o
                0x00000000000042a8                _fini
 .fini          0x00000000000042ac        0x8 /package/freescale/KDS_2.0.0/toolchain/bin/../lib/gcc/arm-none-eabi/4.8.0/crtn.o
                0x00000000000042b4                . = ALIGN (0x4)

.vfp11_veneer   0x00000000000042b4        0x0
 .vfp11_veneer  0x0000000000000000        0x0 linker stubs

.v4_bx          0x00000000000042b4        0x0
 .v4_bx         0x0000000000000000        0x0 linker stubs

.iplt           0x00000000000042b4        0x0
 .iplt          0x0000000000000000        0x0 /package/freescale/KDS_2.0.0/toolchain/bin/../lib/gcc/arm-none-eabi/4.8.0/crtbegin.o

.rel.dyn        0x00000000000042b4        0x0
 .rel.iplt      0x0000000000000000        0x0 /package/freescale/KDS_2.0.0/toolchain/bin/../lib/gcc/arm-none-eabi/4.8.0/crtbegin.o

.ARM.extab
 *(.ARM.extab* .gnu.linkonce.armextab.*)

.ARM            0x00000000000042b4        0x0
                0x00000000000042b4                __exidx_start = .
 *(.ARM.exidx*)
                0x00000000000042b4                __exidx_end = .

.ctors          0x00000000000042b4        0x0
                0x00000000000042b4                __CTOR_LIST__ = .
 *crtbegin.o(.ctors)
 *crtbegin?.o(.ctors)
 *(EXCLUDE_FILE(*crtend.o *crtend?.o) .ctors)
 *(SORT(.ctors.*))
 *(.ctors)
                0x00000000000042b4                __CTOR_END__ = .

.dtors          0x00000000000042b4        0x0
                0x00000000000042b4                __DTOR_LIST__ = .
 *crtbegin.o(.dtors)
 *crtbegin?.o(.dtors)
 *(EXCLUDE_FILE(*crtend.o *crtend?.o) .dtors)
 *(SORT(.dtors.*))
 *(.dtors)
                0x00000000000042b4                __DTOR_END__ = .

.preinit_array  0x00000000000042b4        0x0
                0x00000000000042b4                PROVIDE (__preinit_array_start, .)
 *(.preinit_array*)
                0x00000000000042b4                PROVIDE (__preinit_array_end, .)

.init_array     0x00000000000042b4        0x4
                0x00000000000042b4                PROVIDE (__init_array_start, .)
 *(SORT(.init_array.*))
 *(.init_array*)
 .init_array    0x00000000000042b4        0x4 /package/freescale/KDS_2.0.0/toolchain/bin/../lib/gcc/arm-none-eabi/4.8.0/crtbegin.o
                0x00000000000042b8                PROVIDE (__init_array_end, .)

.fini_array     0x00000000000042b8        0x4
                0x00000000000042b8                PROVIDE (__fini_array_start, .)
 *(SORT(.fini_array.*))
 *(.fini_array*)
 .fini_array    0x00000000000042b8        0x4 /package/freescale/KDS_2.0.0/toolchain/bin/../lib/gcc/arm-none-eabi/4.8.0/crtbegin.o
                0x00000000000042bc                PROVIDE (__fini_array_end, .)
                0x00000000000042bc                __etext = .
                0x00000000000042bc                __DATA_ROM = .

.mtb            0x000000001fffe000        0x0
                0x000000001fffe000                . = ALIGN (0x8)
                0x000000001fffe000                _mtb_start = .
 *(.mtb_buf)
                0x000000001fffe000                . = ALIGN (0x8)
                0x000000001fffe000                _mtb_end = .

.data           0x000000001fffe000      0x2a0 load address 0x00000000000042bc
                0x000000001fffe000                . = ALIGN (0x4)
                0x000000001fffe000                __DATA_RAM = .
                0x000000001fffe000                __data_start__ = .
 *(.data)
 *(.data*)
 .data.impure_data
                0x000000001fffe000      0x298 /package/freescale/KDS_2.0.0/toolchain/bin/../lib/gcc/arm-none-eabi/4.8.0/../../../../arm-none-eabi/lib/libg_s.a(lib_a-impure.o)
 .data._impure_ptr
                0x000000001fffe298        0x4 /package/freescale/KDS_2.0.0/toolchain/bin/../lib/gcc/arm-none-eabi/4.8.0/../../../../arm-none-eabi/lib/libg_s.a(lib_a-impure.o)
                0x000000001fffe298                _impure_ptr
 *(.jcr*)
 .jcr           0x000000001fffe29c        0x0 /package/freescale/KDS_2.0.0/toolchain/bin/../lib/gcc/arm-none-eabi/4.8.0/crtbegin.o
 .jcr           0x000000001fffe29c        0x4 /package/freescale/KDS_2.0.0/toolchain/bin/../lib/gcc/arm-none-eabi/4.8.0/crtend.o
                0x000000001fffe2a0                . = ALIGN (0x4)
                0x000000001fffe2a0                __data_end__ = .
                0x000000000000455c                __DATA_END = (__DATA_ROM + (__data_end__ - __data_start__))

.tm_clone_table
                0x000000001fffe2a0        0x0 load address 0x000000000000455c
 .tm_clone_table
                0x000000001fffe2a0        0x0 /package/freescale/KDS_2.0.0/toolchain/bin/../lib/gcc/arm-none-eabi/4.8.0/crtbegin.o
 .tm_clone_table
                0x000000001fffe2a0        0x0 /package/freescale/KDS_2.0.0/toolchain/bin/../lib/gcc/arm-none-eabi/4.8.0/crtend.o

.igot.plt       0x000000001fffe2a0        0x0 load address 0x000000000000455c
 .igot.plt      0x0000000000000000        0x0 /package/freescale/KDS_2.0.0/toolchain/bin/../lib/gcc/arm-none-eabi/4.8.0/crtbegin.o

.bss            0x000000001fffe2a0       0xac load address 0x000000000000455c
                0x000000001fffe2a0                . = ALIGN (0x4)
                0x000000001fffe2a0                __START_BSS = .
                0x000000001fffe2a0                __bss_start__ = .
 *(.bss)
 *(.bss*)
 .bss.completed.6137
                0x000000001fffe2a0        0x1 /package/freescale/KDS_2.0.0/toolchain/bin/../lib/gcc/arm-none-eabi/4.8.0/crtbegin.o
 *fill*         0x000000001fffe2a1        0x3 
 .bss.object.6142
                0x000000001fffe2a4       0x18 /package/freescale/KDS_2.0.0/toolchain/bin/../lib/gcc/arm-none-eabi/4.8.0/crtbegin.o
 .bss.enumECompassState
                0x000000001fffe2bc        0x1 ./Sources/main.o
                0x000000001fffe2bc                enumECompassState
 .bss.bSW3Pressed
                0x000000001fffe2bd        0x1 ./Sources/main.o
                0x000000001fffe2bd                bSW3Pressed
 .bss.bSW1Pressed
                0x000000001fffe2be        0x1 ./Sources/main.o
                0x000000001fffe2be                bSW1Pressed
 .bss.bIsTimerExpired
                0x000000001fffe2bf        0x1 ./Sources/main.o
                0x000000001fffe2bf                bIsTimerExpired
 .bss.ucaryLCDMsg
                0x000000001fffe2c0        0x8 ./Sources/main.o
                0x000000001fffe2c0                ucaryLCDMsg
 .bss.flag_first_data
                0x000000001fffe2c8        0x4 ./Sources/main.o
                0x000000001fffe2c8                flag_first_data
 .bss.flag_initialisation
                0x000000001fffe2cc        0x4 ./Sources/main.o
                0x000000001fffe2cc                flag_initialisation
 .bss.flag_first_data_acquire
                0x000000001fffe2d0        0x4 ./Sources/main.o
                0x000000001fffe2d0                flag_first_data_acquire
 .bss.flag_first_data_run
                0x000000001fffe2d4        0x4 ./Sources/main.o
                0x000000001fffe2d4                flag_first_data_run
 .bss.heap_end.5175
                0x000000001fffe2d8        0x4 /package/freescale/KDS_2.0.0/toolchain/bin/../lib/gcc/arm-none-eabi/4.8.0/../../../../arm-none-eabi/lib/libg_s.a(lib_a-syscalls.o)
 .bss.__malloc_free_list
                0x000000001fffe2dc        0x4 /package/freescale/KDS_2.0.0/toolchain/bin/../lib/gcc/arm-none-eabi/4.8.0/../../../../arm-none-eabi/lib/libg_s.a(lib_a-mallocr.o)
                0x000000001fffe2dc                __malloc_free_list
 *(COMMON)
 COMMON         0x000000001fffe2e0       0x66 ./Sources/main.o
                0x000000001fffe2e0                prescalar_factor
                0x000000001fffe2e4                resolution
                0x000000001fffe2e8                prescalar
                0x000000001fffe2ec                DR_STATUS_DATA
                0x000000001fffe2f0                new_clock_frequency
                0x000000001fffe2f4                reset_count
                0x000000001fffe2f8                DATA_READ
                0x000000001fffe300                ACC_DATA_CALIBRATED
                0x000000001fffe306                ANGLE
                0x000000001fffe308                MAG_DATA_READ_AXIS
                0x000000001fffe310                MAG_DATA_MAX_AXIS
                0x000000001fffe318                ACC_DATA_OFFSET_AXIS
                0x000000001fffe320                MAG_DATA_MIN_AXIS
                0x000000001fffe328                MAG_DATA_HI_CALIBRATED
                0x000000001fffe330                original_clock_frequency
                0x000000001fffe334                ACC_DATA_READ_AXIS
                0x000000001fffe33a                DR_STATUS_DATA_ACC
                0x000000001fffe33c                timer_overflow_count
                0x000000001fffe340                MAG_DATA_AVERAGE_AXIS
 COMMON         0x000000001fffe346        0x1 ./Sources/slcd.o
                0x000000001fffe346                bLCD_CharPosition
 *fill*         0x000000001fffe347        0x1 
 COMMON         0x000000001fffe348        0x4 /package/freescale/KDS_2.0.0/toolchain/bin/../lib/gcc/arm-none-eabi/4.8.0/../../../../arm-none-eabi/lib/libg_s.a(lib_a-reent.o)
                0x000000001fffe348                errno
                0x000000001fffe34c                . = ALIGN (0x4)
                0x000000001fffe34c                __bss_end__ = .
                0x000000001fffe34c                __END_BSS = .

.heap           0x000000001fffe34c      0x404 load address 0x0000000000004608
                0x000000001fffe350                . = ALIGN (0x8)
 *fill*         0x000000001fffe34c        0x4 
                0x000000001fffe350                __end__ = .
                0x000000001fffe350                PROVIDE (end, .)
                0x000000001fffe350                __HeapBase = .
                0x000000001fffe750                . = (. + HEAP_SIZE)
 *fill*         0x000000001fffe350      0x400 
                0x000000001fffe750                __HeapLimit = .

.stack          0x000000001fffe750      0x400 load address 0x0000000000004a0c
                0x000000001fffe750                . = ALIGN (0x8)
                0x000000001fffeb50                . = (. + STACK_SIZE)
 *fill*         0x000000001fffe750      0x400 
                0x000000001fffeb50                __StackTop = .
                0x000000001fffe750                __StackLimit = (__StackTop - STACK_SIZE)
                0x000000001fffeb50                PROVIDE (__stack, __StackTop)

.ARM.attributes
                0x0000000000000000       0x2d
 *(.ARM.attributes)
 .ARM.attributes
                0x0000000000000000       0x23 /package/freescale/KDS_2.0.0/toolchain/bin/../lib/gcc/arm-none-eabi/4.8.0/crti.o
 .ARM.attributes
                0x0000000000000023       0x31 /package/freescale/KDS_2.0.0/toolchain/bin/../lib/gcc/arm-none-eabi/4.8.0/crtbegin.o
 .ARM.attributes
                0x0000000000000054       0x31 /package/freescale/KDS_2.0.0/toolchain/bin/../lib/gcc/arm-none-eabi/4.8.0/../../../../arm-none-eabi/lib/crt0.o
 .ARM.attributes
                0x0000000000000085       0x32 ./Sources/main.o
 .ARM.attributes
                0x00000000000000b7       0x32 ./Sources/slcd.o
 .ARM.attributes
                0x00000000000000e9       0x1b ./Project_Settings/Startup_Code/startup_MKL46Z4.o
 .ARM.attributes
                0x0000000000000104       0x32 ./Project_Settings/Startup_Code/system_MKL46Z4.o
 .ARM.attributes
                0x0000000000000136       0x31 /package/freescale/KDS_2.0.0/toolchain/bin/../lib/gcc/arm-none-eabi/4.8.0/../../../../arm-none-eabi/lib/libm.a(lib_a-s_atan.o)
 .ARM.attributes
                0x0000000000000167       0x31 /package/freescale/KDS_2.0.0/toolchain/bin/../lib/gcc/arm-none-eabi/4.8.0/../../../../arm-none-eabi/lib/libm.a(lib_a-s_fabs.o)
 .ARM.attributes
                0x0000000000000198       0x23 /package/freescale/KDS_2.0.0/toolchain/bin/../lib/gcc/arm-none-eabi/4.8.0/libgcc.a(_udivsi3.o)
 .ARM.attributes
                0x00000000000001bb       0x23 /package/freescale/KDS_2.0.0/toolchain/bin/../lib/gcc/arm-none-eabi/4.8.0/libgcc.a(_divsi3.o)
 .ARM.attributes
                0x00000000000001de       0x23 /package/freescale/KDS_2.0.0/toolchain/bin/../lib/gcc/arm-none-eabi/4.8.0/libgcc.a(_dvmd_tls.o)
 .ARM.attributes
                0x0000000000000201       0x23 /package/freescale/KDS_2.0.0/toolchain/bin/../lib/gcc/arm-none-eabi/4.8.0/libgcc.a(_arm_cmpdf2.o)
 .ARM.attributes
                0x0000000000000224       0x31 /package/freescale/KDS_2.0.0/toolchain/bin/../lib/gcc/arm-none-eabi/4.8.0/libgcc.a(adddf3.o)
 .ARM.attributes
                0x0000000000000255       0x31 /package/freescale/KDS_2.0.0/toolchain/bin/../lib/gcc/arm-none-eabi/4.8.0/libgcc.a(divdf3.o)
 .ARM.attributes
                0x0000000000000286       0x31 /package/freescale/KDS_2.0.0/toolchain/bin/../lib/gcc/arm-none-eabi/4.8.0/libgcc.a(eqdf2.o)
 .ARM.attributes
                0x00000000000002b7       0x31 /package/freescale/KDS_2.0.0/toolchain/bin/../lib/gcc/arm-none-eabi/4.8.0/libgcc.a(gedf2.o)
 .ARM.attributes
                0x00000000000002e8       0x31 /package/freescale/KDS_2.0.0/toolchain/bin/../lib/gcc/arm-none-eabi/4.8.0/libgcc.a(ledf2.o)
 .ARM.attributes
                0x0000000000000319       0x31 /package/freescale/KDS_2.0.0/toolchain/bin/../lib/gcc/arm-none-eabi/4.8.0/libgcc.a(muldf3.o)
 .ARM.attributes
                0x000000000000034a       0x31 /package/freescale/KDS_2.0.0/toolchain/bin/../lib/gcc/arm-none-eabi/4.8.0/libgcc.a(subdf3.o)
 .ARM.attributes
                0x000000000000037b       0x31 /package/freescale/KDS_2.0.0/toolchain/bin/../lib/gcc/arm-none-eabi/4.8.0/libgcc.a(fixdfsi.o)
 .ARM.attributes
                0x00000000000003ac       0x31 /package/freescale/KDS_2.0.0/toolchain/bin/../lib/gcc/arm-none-eabi/4.8.0/libgcc.a(floatsidf.o)
 .ARM.attributes
                0x00000000000003dd       0x23 /package/freescale/KDS_2.0.0/toolchain/bin/../lib/gcc/arm-none-eabi/4.8.0/libgcc.a(_thumb1_case_uhi.o)
 .ARM.attributes
                0x0000000000000400       0x23 /package/freescale/KDS_2.0.0/toolchain/bin/../lib/gcc/arm-none-eabi/4.8.0/libgcc.a(_clzsi2.o)
 .ARM.attributes
                0x0000000000000423       0x31 /package/freescale/KDS_2.0.0/toolchain/bin/../lib/gcc/arm-none-eabi/4.8.0/../../../../arm-none-eabi/lib/libg_s.a(lib_a-atexit.o)
 .ARM.attributes
                0x0000000000000454       0x31 /package/freescale/KDS_2.0.0/toolchain/bin/../lib/gcc/arm-none-eabi/4.8.0/../../../../arm-none-eabi/lib/libg_s.a(lib_a-exit.o)
 .ARM.attributes
                0x0000000000000485       0x31 /package/freescale/KDS_2.0.0/toolchain/bin/../lib/gcc/arm-none-eabi/4.8.0/../../../../arm-none-eabi/lib/libg_s.a(lib_a-fini.o)
 .ARM.attributes
                0x00000000000004b6       0x31 /package/freescale/KDS_2.0.0/toolchain/bin/../lib/gcc/arm-none-eabi/4.8.0/../../../../arm-none-eabi/lib/libg_s.a(lib_a-impure.o)
 .ARM.attributes
                0x00000000000004e7       0x31 /package/freescale/KDS_2.0.0/toolchain/bin/../lib/gcc/arm-none-eabi/4.8.0/../../../../arm-none-eabi/lib/libg_s.a(lib_a-memcpy.o)
 .ARM.attributes
                0x0000000000000518       0x31 /package/freescale/KDS_2.0.0/toolchain/bin/../lib/gcc/arm-none-eabi/4.8.0/../../../../arm-none-eabi/lib/libg_s.a(lib_a-memset.o)
 .ARM.attributes
                0x0000000000000549       0x31 /package/freescale/KDS_2.0.0/toolchain/bin/../lib/gcc/arm-none-eabi/4.8.0/../../../../arm-none-eabi/lib/libg_s.a(lib_a-snprintf.o)
 .ARM.attributes
                0x000000000000057a       0x31 /package/freescale/KDS_2.0.0/toolchain/bin/../lib/gcc/arm-none-eabi/4.8.0/../../../../arm-none-eabi/lib/libg_s.a(lib_a-svfprintf.o)
 .ARM.attributes
                0x00000000000005ab       0x31 /package/freescale/KDS_2.0.0/toolchain/bin/../lib/gcc/arm-none-eabi/4.8.0/../../../../arm-none-eabi/lib/libg_s.a(lib_a-syscalls.o)
 .ARM.attributes
                0x00000000000005dc       0x31 /package/freescale/KDS_2.0.0/toolchain/bin/../lib/gcc/arm-none-eabi/4.8.0/../../../../arm-none-eabi/lib/libg_s.a(lib_a-vfprintf_i.o)
 .ARM.attributes
                0x000000000000060d       0x31 /package/freescale/KDS_2.0.0/toolchain/bin/../lib/gcc/arm-none-eabi/4.8.0/../../../../arm-none-eabi/lib/libg_s.a(lib_a-__atexit.o)
 .ARM.attributes
                0x000000000000063e       0x31 /package/freescale/KDS_2.0.0/toolchain/bin/../lib/gcc/arm-none-eabi/4.8.0/../../../../arm-none-eabi/lib/libg_s.a(lib_a-__call_atexit.o)
 .ARM.attributes
                0x000000000000066f       0x31 /package/freescale/KDS_2.0.0/toolchain/bin/../lib/gcc/arm-none-eabi/4.8.0/../../../../arm-none-eabi/lib/libg_s.a(lib_a-errno.o)
 .ARM.attributes
                0x00000000000006a0       0x31 /package/freescale/KDS_2.0.0/toolchain/bin/../lib/gcc/arm-none-eabi/4.8.0/../../../../arm-none-eabi/lib/libg_s.a(lib_a-freer.o)
 .ARM.attributes
                0x00000000000006d1       0x31 /package/freescale/KDS_2.0.0/toolchain/bin/../lib/gcc/arm-none-eabi/4.8.0/../../../../arm-none-eabi/lib/libg_s.a(lib_a-malloc.o)
 .ARM.attributes
                0x0000000000000702       0x31 /package/freescale/KDS_2.0.0/toolchain/bin/../lib/gcc/arm-none-eabi/4.8.0/../../../../arm-none-eabi/lib/libg_s.a(lib_a-mallocr.o)
 .ARM.attributes
                0x0000000000000733       0x31 /package/freescale/KDS_2.0.0/toolchain/bin/../lib/gcc/arm-none-eabi/4.8.0/../../../../arm-none-eabi/lib/libg_s.a(lib_a-memchr.o)
 .ARM.attributes
                0x0000000000000764       0x31 /package/freescale/KDS_2.0.0/toolchain/bin/../lib/gcc/arm-none-eabi/4.8.0/../../../../arm-none-eabi/lib/libg_s.a(lib_a-reallocr.o)
 .ARM.attributes
                0x0000000000000795       0x31 /package/freescale/KDS_2.0.0/toolchain/bin/../lib/gcc/arm-none-eabi/4.8.0/../../../../arm-none-eabi/lib/libg_s.a(lib_a-sbrkr.o)
 .ARM.attributes
                0x00000000000007c6       0x31 /package/freescale/KDS_2.0.0/toolchain/bin/../lib/gcc/arm-none-eabi/4.8.0/../../../../arm-none-eabi/lib/libg_s.a(lib_a-strlen.o)
 .ARM.attributes
                0x00000000000007f7       0x31 /package/freescale/KDS_2.0.0/toolchain/bin/../lib/gcc/arm-none-eabi/4.8.0/../../../../arm-none-eabi/lib/libg_s.a(lib_a-msizer.o)
 .ARM.attributes
                0x0000000000000828       0x31 /package/freescale/KDS_2.0.0/toolchain/bin/../lib/gcc/arm-none-eabi/4.8.0/../../../../arm-none-eabi/lib/libg_s.a(lib_a-reent.o)
 .ARM.attributes
                0x0000000000000859       0x31 /package/freescale/KDS_2.0.0/toolchain/bin/../lib/gcc/arm-none-eabi/4.8.0/crtend.o
 .ARM.attributes
                0x000000000000088a       0x23 /package/freescale/KDS_2.0.0/toolchain/bin/../lib/gcc/arm-none-eabi/4.8.0/crtn.o
OUTPUT(lab3_mag.elf elf32-littlearm)

.comment        0x0000000000000000       0x3b
 .comment       0x0000000000000000       0x2a /package/freescale/KDS_2.0.0/toolchain/bin/../lib/gcc/arm-none-eabi/4.8.0/crtbegin.o
                                         0x2b (size before relaxing)
 .comment       0x0000000000000000       0x2b /package/freescale/KDS_2.0.0/toolchain/bin/../lib/gcc/arm-none-eabi/4.8.0/../../../../arm-none-eabi/lib/crt0.o
 .comment       0x0000000000000000       0x2b ./Sources/main.o
 .comment       0x0000000000000000       0x2b ./Sources/slcd.o
 .comment       0x0000000000000000       0x2b ./Project_Settings/Startup_Code/system_MKL46Z4.o
 .comment       0x000000000000002a       0x11 /package/freescale/KDS_2.0.0/toolchain/bin/../lib/gcc/arm-none-eabi/4.8.0/../../../../arm-none-eabi/lib/libm.a(lib_a-s_atan.o)
                                         0x12 (size before relaxing)
 .comment       0x0000000000000000       0x12 /package/freescale/KDS_2.0.0/toolchain/bin/../lib/gcc/arm-none-eabi/4.8.0/../../../../arm-none-eabi/lib/libm.a(lib_a-s_fabs.o)
 .comment       0x0000000000000000       0x2b /package/freescale/KDS_2.0.0/toolchain/bin/../lib/gcc/arm-none-eabi/4.8.0/libgcc.a(adddf3.o)
 .comment       0x0000000000000000       0x2b /package/freescale/KDS_2.0.0/toolchain/bin/../lib/gcc/arm-none-eabi/4.8.0/libgcc.a(divdf3.o)
 .comment       0x0000000000000000       0x2b /package/freescale/KDS_2.0.0/toolchain/bin/../lib/gcc/arm-none-eabi/4.8.0/libgcc.a(eqdf2.o)
 .comment       0x0000000000000000       0x2b /package/freescale/KDS_2.0.0/toolchain/bin/../lib/gcc/arm-none-eabi/4.8.0/libgcc.a(gedf2.o)
 .comment       0x0000000000000000       0x2b /package/freescale/KDS_2.0.0/toolchain/bin/../lib/gcc/arm-none-eabi/4.8.0/libgcc.a(ledf2.o)
 .comment       0x0000000000000000       0x2b /package/freescale/KDS_2.0.0/toolchain/bin/../lib/gcc/arm-none-eabi/4.8.0/libgcc.a(muldf3.o)
 .comment       0x0000000000000000       0x2b /package/freescale/KDS_2.0.0/toolchain/bin/../lib/gcc/arm-none-eabi/4.8.0/libgcc.a(subdf3.o)
 .comment       0x0000000000000000       0x2b /package/freescale/KDS_2.0.0/toolchain/bin/../lib/gcc/arm-none-eabi/4.8.0/libgcc.a(fixdfsi.o)
 .comment       0x0000000000000000       0x2b /package/freescale/KDS_2.0.0/toolchain/bin/../lib/gcc/arm-none-eabi/4.8.0/libgcc.a(floatsidf.o)
 .comment       0x0000000000000000       0x12 /package/freescale/KDS_2.0.0/toolchain/bin/../lib/gcc/arm-none-eabi/4.8.0/../../../../arm-none-eabi/lib/libg_s.a(lib_a-atexit.o)
 .comment       0x0000000000000000       0x12 /package/freescale/KDS_2.0.0/toolchain/bin/../lib/gcc/arm-none-eabi/4.8.0/../../../../arm-none-eabi/lib/libg_s.a(lib_a-exit.o)
 .comment       0x0000000000000000       0x12 /package/freescale/KDS_2.0.0/toolchain/bin/../lib/gcc/arm-none-eabi/4.8.0/../../../../arm-none-eabi/lib/libg_s.a(lib_a-fini.o)
 .comment       0x0000000000000000       0x12 /package/freescale/KDS_2.0.0/toolchain/bin/../lib/gcc/arm-none-eabi/4.8.0/../../../../arm-none-eabi/lib/libg_s.a(lib_a-impure.o)
 .comment       0x0000000000000000       0x12 /package/freescale/KDS_2.0.0/toolchain/bin/../lib/gcc/arm-none-eabi/4.8.0/../../../../arm-none-eabi/lib/libg_s.a(lib_a-memcpy.o)
 .comment       0x0000000000000000       0x12 /package/freescale/KDS_2.0.0/toolchain/bin/../lib/gcc/arm-none-eabi/4.8.0/../../../../arm-none-eabi/lib/libg_s.a(lib_a-memset.o)
 .comment       0x0000000000000000       0x12 /package/freescale/KDS_2.0.0/toolchain/bin/../lib/gcc/arm-none-eabi/4.8.0/../../../../arm-none-eabi/lib/libg_s.a(lib_a-snprintf.o)
 .comment       0x0000000000000000       0x12 /package/freescale/KDS_2.0.0/toolchain/bin/../lib/gcc/arm-none-eabi/4.8.0/../../../../arm-none-eabi/lib/libg_s.a(lib_a-svfprintf.o)
 .comment       0x0000000000000000       0x12 /package/freescale/KDS_2.0.0/toolchain/bin/../lib/gcc/arm-none-eabi/4.8.0/../../../../arm-none-eabi/lib/libg_s.a(lib_a-syscalls.o)
 .comment       0x0000000000000000       0x12 /package/freescale/KDS_2.0.0/toolchain/bin/../lib/gcc/arm-none-eabi/4.8.0/../../../../arm-none-eabi/lib/libg_s.a(lib_a-vfprintf_i.o)
 .comment       0x0000000000000000       0x12 /package/freescale/KDS_2.0.0/toolchain/bin/../lib/gcc/arm-none-eabi/4.8.0/../../../../arm-none-eabi/lib/libg_s.a(lib_a-__atexit.o)
 .comment       0x0000000000000000       0x12 /package/freescale/KDS_2.0.0/toolchain/bin/../lib/gcc/arm-none-eabi/4.8.0/../../../../arm-none-eabi/lib/libg_s.a(lib_a-__call_atexit.o)
 .comment       0x0000000000000000       0x12 /package/freescale/KDS_2.0.0/toolchain/bin/../lib/gcc/arm-none-eabi/4.8.0/../../../../arm-none-eabi/lib/libg_s.a(lib_a-errno.o)
 .comment       0x0000000000000000       0x12 /package/freescale/KDS_2.0.0/toolchain/bin/../lib/gcc/arm-none-eabi/4.8.0/../../../../arm-none-eabi/lib/libg_s.a(lib_a-freer.o)
 .comment       0x0000000000000000       0x12 /package/freescale/KDS_2.0.0/toolchain/bin/../lib/gcc/arm-none-eabi/4.8.0/../../../../arm-none-eabi/lib/libg_s.a(lib_a-malloc.o)
 .comment       0x0000000000000000       0x12 /package/freescale/KDS_2.0.0/toolchain/bin/../lib/gcc/arm-none-eabi/4.8.0/../../../../arm-none-eabi/lib/libg_s.a(lib_a-mallocr.o)
 .comment       0x0000000000000000       0x12 /package/freescale/KDS_2.0.0/toolchain/bin/../lib/gcc/arm-none-eabi/4.8.0/../../../../arm-none-eabi/lib/libg_s.a(lib_a-memchr.o)
 .comment       0x0000000000000000       0x12 /package/freescale/KDS_2.0.0/toolchain/bin/../lib/gcc/arm-none-eabi/4.8.0/../../../../arm-none-eabi/lib/libg_s.a(lib_a-reallocr.o)
 .comment       0x0000000000000000       0x12 /package/freescale/KDS_2.0.0/toolchain/bin/../lib/gcc/arm-none-eabi/4.8.0/../../../../arm-none-eabi/lib/libg_s.a(lib_a-sbrkr.o)
 .comment       0x0000000000000000       0x12 /package/freescale/KDS_2.0.0/toolchain/bin/../lib/gcc/arm-none-eabi/4.8.0/../../../../arm-none-eabi/lib/libg_s.a(lib_a-strlen.o)
 .comment       0x0000000000000000       0x12 /package/freescale/KDS_2.0.0/toolchain/bin/../lib/gcc/arm-none-eabi/4.8.0/../../../../arm-none-eabi/lib/libg_s.a(lib_a-msizer.o)
 .comment       0x0000000000000000       0x12 /package/freescale/KDS_2.0.0/toolchain/bin/../lib/gcc/arm-none-eabi/4.8.0/../../../../arm-none-eabi/lib/libg_s.a(lib_a-reent.o)
 .comment       0x0000000000000000       0x2b /package/freescale/KDS_2.0.0/toolchain/bin/../lib/gcc/arm-none-eabi/4.8.0/crtend.o

.debug_info     0x0000000000000000     0x18cd
 .debug_info    0x0000000000000000      0xd8c ./Sources/main.o
 .debug_info    0x0000000000000d8c      0x656 ./Sources/slcd.o
 .debug_info    0x00000000000013e2       0x8f ./Project_Settings/Startup_Code/startup_MKL46Z4.o
 .debug_info    0x0000000000001471      0x45c ./Project_Settings/Startup_Code/system_MKL46Z4.o

.debug_abbrev   0x0000000000000000      0x4ec
 .debug_abbrev  0x0000000000000000      0x246 ./Sources/main.o
 .debug_abbrev  0x0000000000000246      0x189 ./Sources/slcd.o
 .debug_abbrev  0x00000000000003cf       0x14 ./Project_Settings/Startup_Code/startup_MKL46Z4.o
 .debug_abbrev  0x00000000000003e3      0x109 ./Project_Settings/Startup_Code/system_MKL46Z4.o

.debug_aranges  0x0000000000000000      0x120
 .debug_aranges
                0x0000000000000000       0xa0 ./Sources/main.o
 .debug_aranges
                0x00000000000000a0       0x38 ./Sources/slcd.o
 .debug_aranges
                0x00000000000000d8       0x20 ./Project_Settings/Startup_Code/startup_MKL46Z4.o
 .debug_aranges
                0x00000000000000f8       0x28 ./Project_Settings/Startup_Code/system_MKL46Z4.o

.debug_ranges   0x0000000000000000       0xd0
 .debug_ranges  0x0000000000000000       0x90 ./Sources/main.o
 .debug_ranges  0x0000000000000090       0x28 ./Sources/slcd.o
 .debug_ranges  0x00000000000000b8       0x18 ./Project_Settings/Startup_Code/system_MKL46Z4.o

.debug_macro    0x0000000000000000     0x7c7f
 .debug_macro   0x0000000000000000      0x2b4 ./Sources/main.o
 .debug_macro   0x00000000000002b4      0x802 ./Sources/main.o
 .debug_macro   0x0000000000000ab6       0x37 ./Sources/main.o
 .debug_macro   0x0000000000000aed       0x3a ./Sources/main.o
 .debug_macro   0x0000000000000b27      0x214 ./Sources/main.o
 .debug_macro   0x0000000000000d3b       0x1f ./Sources/main.o
 .debug_macro   0x0000000000000d5a      0x250 ./Sources/main.o
 .debug_macro   0x0000000000000faa     0x627b ./Sources/main.o
 .debug_macro   0x0000000000007225      0x142 ./Sources/main.o
 .debug_macro   0x0000000000007367       0x2e ./Sources/main.o
 .debug_macro   0x0000000000007395       0x2e ./Sources/main.o
 .debug_macro   0x00000000000073c3       0x95 ./Sources/main.o
 .debug_macro   0x0000000000007458       0x10 ./Sources/main.o
 .debug_macro   0x0000000000007468       0x89 ./Sources/main.o
 .debug_macro   0x00000000000074f1       0x10 ./Sources/main.o
 .debug_macro   0x0000000000007501       0x3a ./Sources/main.o
 .debug_macro   0x000000000000753b       0x52 ./Sources/main.o
 .debug_macro   0x000000000000758d       0x19 ./Sources/main.o
 .debug_macro   0x00000000000075a6      0x16d ./Sources/main.o
 .debug_macro   0x0000000000007713       0x10 ./Sources/main.o
 .debug_macro   0x0000000000007723       0xef ./Sources/main.o
 .debug_macro   0x0000000000007812       0x22 ./Sources/main.o
 .debug_macro   0x0000000000007834       0x91 ./Sources/main.o
 .debug_macro   0x00000000000078c5       0x16 ./Sources/main.o
 .debug_macro   0x00000000000078db      0x14a ./Sources/main.o
 .debug_macro   0x0000000000007a25       0x10 ./Sources/main.o
 .debug_macro   0x0000000000007a35       0x35 ./Sources/main.o
 .debug_macro   0x0000000000007a6a       0x1c ./Sources/main.o
 .debug_macro   0x0000000000007a86       0x10 ./Sources/main.o
 .debug_macro   0x0000000000007a96       0x22 ./Sources/main.o
 .debug_macro   0x0000000000007ab8       0xd7 ./Sources/main.o
 .debug_macro   0x0000000000007b8f       0x6b ./Sources/slcd.o
 .debug_macro   0x0000000000007bfa       0x85 ./Project_Settings/Startup_Code/system_MKL46Z4.o

.debug_line     0x0000000000000000      0xb1a
 .debug_line    0x0000000000000000      0x6c7 ./Sources/main.o
 .debug_line    0x00000000000006c7      0x1fe ./Sources/slcd.o
 .debug_line    0x00000000000008c5       0x83 ./Project_Settings/Startup_Code/startup_MKL46Z4.o
 .debug_line    0x0000000000000948      0x1d2 ./Project_Settings/Startup_Code/system_MKL46Z4.o

.debug_str      0x0000000000000000    0x23ea4
 .debug_str     0x0000000000000000    0x23c71 ./Sources/main.o
                                      0x23f9a (size before relaxing)
 .debug_str     0x0000000000023c71      0x130 ./Sources/slcd.o
                                      0x2097b (size before relaxing)
 .debug_str     0x0000000000023da1      0x103 ./Project_Settings/Startup_Code/system_MKL46Z4.o
                                      0x206a4 (size before relaxing)

.debug_frame    0x0000000000000000      0x2fc
 .debug_frame   0x0000000000000000      0x224 ./Sources/main.o
 .debug_frame   0x0000000000000224       0x8c ./Sources/slcd.o
 .debug_frame   0x00000000000002b0       0x4c ./Project_Settings/Startup_Code/system_MKL46Z4.o
