Archive member included because of file (symbol)

/package/freescale/KDS_2.0.0/toolchain/bin/../lib/gcc/arm-none-eabi/4.8.0/../../../../arm-none-eabi/lib/libm.a(lib_a-s_atan.o)
                              ./Sources/main.o (atan)
/package/freescale/KDS_2.0.0/toolchain/bin/../lib/gcc/arm-none-eabi/4.8.0/../../../../arm-none-eabi/lib/libm.a(lib_a-s_fabs.o)
                              /package/freescale/KDS_2.0.0/toolchain/bin/../lib/gcc/arm-none-eabi/4.8.0/../../../../arm-none-eabi/lib/libm.a(lib_a-s_atan.o) (fabs)
/package/freescale/KDS_2.0.0/toolchain/bin/../lib/gcc/arm-none-eabi/4.8.0/libgcc.a(_udivsi3.o)
                              ./Project_Settings/Startup_Code/system_MKL46Z4.o (__aeabi_uidiv)
/package/freescale/KDS_2.0.0/toolchain/bin/../lib/gcc/arm-none-eabi/4.8.0/libgcc.a(_divsi3.o)
                              ./Sources/main.o (__aeabi_idiv)
/package/freescale/KDS_2.0.0/toolchain/bin/../lib/gcc/arm-none-eabi/4.8.0/libgcc.a(_dvmd_tls.o)
                              /package/freescale/KDS_2.0.0/toolchain/bin/../lib/gcc/arm-none-eabi/4.8.0/libgcc.a(_udivsi3.o) (__aeabi_idiv0)
/package/freescale/KDS_2.0.0/toolchain/bin/../lib/gcc/arm-none-eabi/4.8.0/libgcc.a(_arm_cmpdf2.o)
                              /package/freescale/KDS_2.0.0/toolchain/bin/../lib/gcc/arm-none-eabi/4.8.0/../../../../arm-none-eabi/lib/libm.a(lib_a-s_atan.o) (__aeabi_dcmpgt)
/package/freescale/KDS_2.0.0/toolchain/bin/../lib/gcc/arm-none-eabi/4.8.0/libgcc.a(_arm_cmpsf2.o)
                              ./Sources/main.o (__aeabi_fcmplt)
/package/freescale/KDS_2.0.0/toolchain/bin/../lib/gcc/arm-none-eabi/4.8.0/libgcc.a(eqsf2.o)
                              /package/freescale/KDS_2.0.0/toolchain/bin/../lib/gcc/arm-none-eabi/4.8.0/libgcc.a(_arm_cmpsf2.o) (__eqsf2)
/package/freescale/KDS_2.0.0/toolchain/bin/../lib/gcc/arm-none-eabi/4.8.0/libgcc.a(gesf2.o)
                              /package/freescale/KDS_2.0.0/toolchain/bin/../lib/gcc/arm-none-eabi/4.8.0/libgcc.a(_arm_cmpsf2.o) (__gesf2)
/package/freescale/KDS_2.0.0/toolchain/bin/../lib/gcc/arm-none-eabi/4.8.0/libgcc.a(lesf2.o)
                              /package/freescale/KDS_2.0.0/toolchain/bin/../lib/gcc/arm-none-eabi/4.8.0/libgcc.a(_arm_cmpsf2.o) (__lesf2)
/package/freescale/KDS_2.0.0/toolchain/bin/../lib/gcc/arm-none-eabi/4.8.0/libgcc.a(floatsisf.o)
                              ./Sources/main.o (__aeabi_i2f)
/package/freescale/KDS_2.0.0/toolchain/bin/../lib/gcc/arm-none-eabi/4.8.0/libgcc.a(adddf3.o)
                              /package/freescale/KDS_2.0.0/toolchain/bin/../lib/gcc/arm-none-eabi/4.8.0/../../../../arm-none-eabi/lib/libm.a(lib_a-s_atan.o) (__aeabi_dadd)
/package/freescale/KDS_2.0.0/toolchain/bin/../lib/gcc/arm-none-eabi/4.8.0/libgcc.a(divdf3.o)
                              ./Sources/main.o (__aeabi_ddiv)
/package/freescale/KDS_2.0.0/toolchain/bin/../lib/gcc/arm-none-eabi/4.8.0/libgcc.a(eqdf2.o)
                              /package/freescale/KDS_2.0.0/toolchain/bin/../lib/gcc/arm-none-eabi/4.8.0/libgcc.a(_arm_cmpdf2.o) (__eqdf2)
/package/freescale/KDS_2.0.0/toolchain/bin/../lib/gcc/arm-none-eabi/4.8.0/libgcc.a(gedf2.o)
                              /package/freescale/KDS_2.0.0/toolchain/bin/../lib/gcc/arm-none-eabi/4.8.0/libgcc.a(_arm_cmpdf2.o) (__gedf2)
/package/freescale/KDS_2.0.0/toolchain/bin/../lib/gcc/arm-none-eabi/4.8.0/libgcc.a(ledf2.o)
                              /package/freescale/KDS_2.0.0/toolchain/bin/../lib/gcc/arm-none-eabi/4.8.0/libgcc.a(_arm_cmpdf2.o) (__ledf2)
/package/freescale/KDS_2.0.0/toolchain/bin/../lib/gcc/arm-none-eabi/4.8.0/libgcc.a(muldf3.o)
                              ./Sources/main.o (__aeabi_dmul)
/package/freescale/KDS_2.0.0/toolchain/bin/../lib/gcc/arm-none-eabi/4.8.0/libgcc.a(subdf3.o)
                              ./Sources/main.o (__aeabi_dsub)
/package/freescale/KDS_2.0.0/toolchain/bin/../lib/gcc/arm-none-eabi/4.8.0/libgcc.a(fixdfsi.o)
                              ./Sources/main.o (__aeabi_d2iz)
/package/freescale/KDS_2.0.0/toolchain/bin/../lib/gcc/arm-none-eabi/4.8.0/libgcc.a(floatsidf.o)
                              ./Sources/main.o (__aeabi_i2d)
/package/freescale/KDS_2.0.0/toolchain/bin/../lib/gcc/arm-none-eabi/4.8.0/libgcc.a(_thumb1_case_uhi.o)
                              /package/freescale/KDS_2.0.0/toolchain/bin/../lib/gcc/arm-none-eabi/4.8.0/libgcc.a(divdf3.o) (__gnu_thumb1_case_uhi)
/package/freescale/KDS_2.0.0/toolchain/bin/../lib/gcc/arm-none-eabi/4.8.0/libgcc.a(_clzsi2.o)
                              /package/freescale/KDS_2.0.0/toolchain/bin/../lib/gcc/arm-none-eabi/4.8.0/libgcc.a(floatsisf.o) (__clzsi2)
/package/freescale/KDS_2.0.0/toolchain/bin/../lib/gcc/arm-none-eabi/4.8.0/../../../../arm-none-eabi/lib/libg_s.a(lib_a-atexit.o)
                              /package/freescale/KDS_2.0.0/toolchain/bin/../lib/gcc/arm-none-eabi/4.8.0/../../../../arm-none-eabi/lib/crt0.o (atexit)
[...]
Memory Configuration

Name             Origin             Length             Attributes
m_interrupts     0x0000000000000000 0x0000000000000100 xr
m_flash_config   0x0000000000000400 0x0000000000000010 xr
m_text           0x0000000000000410 0x000000000003fbf0 xr
m_data           0x000000001fffe000 0x0000000000008000 rw
*default*        0x0000000000000000 0xffffffffffffffff

Linker script and memory map

LOAD /package/freescale/KDS_2.0.0/toolchain/bin/../lib/gcc/arm-none-eabi/4.8.0/crti.o
LOAD /package/freescale/KDS_2.0.0/toolchain/bin/../lib/gcc/arm-none-eabi/4.8.0/crtbegin.o
LOAD /package/freescale/KDS_2.0.0/toolchain/bin/../lib/gcc/arm-none-eabi/4.8.0/../../../../arm-none-eabi/lib/crt0.o
LOAD ./Sources/main.o
LOAD ./Sources/slcd.o
LOAD ./Project_Settings/Startup_Code/startup_MKL46Z4.o
LOAD ./Project_Settings/Startup_Code/system_MKL46Z4.o
LOAD /package/freescale/KDS_2.0.0/toolchain/bin/../lib/gcc/arm-none-eabi/4.8.0/../../../../arm-none-eabi/lib/libstdc++.a
LOAD /package/freescale/KDS_2.0.0/toolchain/bin/../lib/gcc/arm-none-eabi/4.8.0/../../../../arm-none-eabi/lib/libm.a
START GROUP
LOAD /package/freescale/KDS_2.0.0/toolchain/bin/../lib/gcc/arm-none-eabi/4.8.0/libgcc.a
LOAD /package/freescale/KDS_2.0.0/toolchain/bin/../lib/gcc/arm-none-eabi/4.8.0/../../../../arm-none-eabi/lib/libg_s.a
LOAD /package/freescale/KDS_2.0.0/toolchain/bin/../lib/gcc/arm-none-eabi/4.8.0/../../../../arm-none-eabi/lib/libc_s.a
END GROUP
LOAD /package/freescale/KDS_2.0.0/toolchain/bin/../lib/gcc/arm-none-eabi/4.8.0/crtend.o
LOAD /package/freescale/KDS_2.0.0/toolchain/bin/../lib/gcc/arm-none-eabi/4.8.0/crtn.o
                0x0000000000000400                HEAP_SIZE = DEFINED (__heap_size__)?__heap_size__:0x400
                0x0000000000000400                STACK_SIZE = DEFINED (__stack_size__)?__stack_size__:0x400

.interrupts     0x0000000000000000       0xc0
                0x0000000000000000                __VECTOR_TABLE = .
                0x0000000000000000                . = ALIGN (0x4)
 *(.isr_vector)
 .isr_vector    0x0000000000000000       0xc0 ./Project_Settings/Startup_Code/startup_MKL46Z4.o
                0x0000000000000000                __isr_vector
                0x00000000000000c0                . = ALIGN (0x4)

.flash_config   0x0000000000000400       0x10
                0x0000000000000400                . = ALIGN (0x4)
 *(.FlashConfig)
 .FlashConfig   0x0000000000000400       0x10 ./Project_Settings/Startup_Code/startup_MKL46Z4.o
                0x0000000000000410                . = ALIGN (0x4)

.text           0x0000000000000410     0x4584
                0x0000000000000410                . = ALIGN (0x4)
 *(.text)
 .text          0x0000000000000410       0xf4 /package/freescale/KDS_2.0.0/toolchain/bin/../lib/gcc/arm-none-eabi/4.8.0/../../../../arm-none-eabi/lib/crt0.o
                0x0000000000000440                _start
 .text          0x0000000000000504       0x44 ./Project_Settings/Startup_Code/startup_MKL46Z4.o
                0x0000000000000504                Reset_Handler
                0x0000000000000544                I2C0_IRQHandler
                0x0000000000000544                HardFault_Handler
                0x0000000000000544                SysTick_Handler
                0x0000000000000544                PendSV_Handler
                0x0000000000000544                NMI_Handler
                0x0000000000000544                I2C1_IRQHandler
                0x0000000000000544                UART1_IRQHandler
                0x0000000000000544                DMA2_IRQHandler
                0x0000000000000544                I2S0_IRQHandler
                0x0000000000000544                TSI0_IRQHandler
                0x0000000000000544                UART0_IRQHandler
                0x0000000000000544                ADC0_IRQHandler
                0x0000000000000544                SPI1_IRQHandler
                0x0000000000000544                DefaultISR
                0x0000000000000544                TPM2_IRQHandler
                0x0000000000000544                LPTimer_IRQHandler
                0x0000000000000544                RTC_IRQHandler
                0x0000000000000544                LCD_IRQHandler
                0x0000000000000544                RTC_Seconds_IRQHandler
                0x0000000000000544                MCG_IRQHandler
                0x0000000000000544                UART2_IRQHandler
                0x0000000000000544                Reserved20_IRQHandler
                0x0000000000000544                Default_Handler
                0x0000000000000544                USB0_IRQHandler
                0x0000000000000544                LLW_IRQHandler
                0x0000000000000544                PIT_IRQHandler
                0x0000000000000544                SVC_Handler
                0x0000000000000544                DMA3_IRQHandler
                0x0000000000000544                DMA0_IRQHandler
                0x0000000000000544                DAC0_IRQHandler
                0x0000000000000544                TPM1_IRQHandler
                0x0000000000000544                LVD_LVW_IRQHandler
                0x0000000000000544                SPI0_IRQHandler
                0x0000000000000544                PORTA_IRQHandler
                0x0000000000000544                FTFA_IRQHandler
                0x0000000000000544                CMP0_IRQHandler
                0x0000000000000544                DMA1_IRQHandler
 .text          0x0000000000000548       0x9c /package/freescale/KDS_2.0.0/toolchain/bin/../lib/gcc/arm-none-eabi/4.8.0/libgcc.a(_udivsi3.o)
                0x0000000000000548                __udivsi3
                0x0000000000000548                __aeabi_uidiv
                0x00000000000005d0                __aeabi_uidivmod
 .text          0x00000000000005e4       0xc0 /package/freescale/KDS_2.0.0/toolchain/bin/../lib/gcc/arm-none-eabi/4.8.0/libgcc.a(_divsi3.o)
                0x00000000000005e4                __aeabi_idiv
                0x00000000000005e4                __divsi3
                0x0000000000000690                __aeabi_idivmod
 .text          0x00000000000006a4        0x4 /package/freescale/KDS_2.0.0/toolchain/bin/../lib/gcc/arm-none-eabi/4.8.0/libgcc.a(_dvmd_tls.o)
                0x00000000000006a4                __aeabi_ldiv0
                0x00000000000006a4                __aeabi_idiv0
 .text          0x00000000000006a8       0x7c /package/freescale/KDS_2.0.0/toolchain/bin/../lib/gcc/arm-none-eabi/4.8.0/libgcc.a(_arm_cmpdf2.o)
                0x00000000000006a8                __aeabi_cdrcmple
                0x00000000000006b8                __aeabi_cdcmple
                0x00000000000006b8                __aeabi_cdcmpeq
                0x00000000000006c8                __aeabi_dcmpeq
                0x00000000000006d4                __aeabi_dcmplt
                0x00000000000006e8                __aeabi_dcmple
                0x00000000000006fc                __aeabi_dcmpgt
                0x0000000000000710                __aeabi_dcmpge
 .text          0x0000000000000724       0x74 /package/freescale/KDS_2.0.0/toolchain/bin/../lib/gcc/arm-none-eabi/4.8.0/libgcc.a(_arm_cmpsf2.o)
                0x0000000000000724                __aeabi_cfrcmple
                0x000000000000072c                __aeabi_cfcmple
                0x000000000000072c                __aeabi_cfcmpeq
                0x000000000000073c                __aeabi_fcmpeq
                0x0000000000000748                __aeabi_fcmplt
                0x000000000000075c                __aeabi_fcmple
                0x0000000000000770                __aeabi_fcmpgt
                0x0000000000000784                __aeabi_fcmpge
 .text          0x0000000000000798       0x14 /package/freescale/KDS_2.0.0/toolchain/bin/../lib/gcc/arm-none-eabi/4.8.0/libgcc.a(_thumb1_case_uhi.o)
                0x0000000000000798                __gnu_thumb1_case_uhi
 .text          0x00000000000007ac       0x3c /package/freescale/KDS_2.0.0/toolchain/bin/../lib/gcc/arm-none-eabi/4.8.0/libgcc.a(_clzsi2.o)
                0x00000000000007ac                __clzsi2
 *(.text*)
 .text.deregister_tm_clones
                0x00000000000007e8       0x24 /package/freescale/KDS_2.0.0/toolchain/bin/../lib/gcc/arm-none-eabi/4.8.0/crtbegin.o
 .text.register_tm_clones
                0x000000000000080c       0x28 /package/freescale/KDS_2.0.0/toolchain/bin/../lib/gcc/arm-none-eabi/4.8.0/crtbegin.o
 .text.__do_global_dtors_aux
                0x0000000000000834       0x30 /package/freescale/KDS_2.0.0/toolchain/bin/../lib/gcc/arm-none-eabi/4.8.0/crtbegin.o
 .text.frame_dummy
                0x0000000000000864       0x3c /package/freescale/KDS_2.0.0/toolchain/bin/../lib/gcc/arm-none-eabi/4.8.0/crtbegin.o
 .text.NVIC_EnableIRQ
                0x00000000000008a0       0x2c ./Sources/main.o
 .text.delay    0x00000000000008cc       0x24 ./Sources/main.o
                0x00000000000008cc                delay
 .text.LED_Init
                0x00000000000008f0       0x88 ./Sources/main.o
                0x00000000000008f0                LED_Init
 .text.SWITCH_Init
                0x0000000000000978       0x58 ./Sources/main.o
                0x0000000000000978                SWITCH_Init
 .text.TIMER_Init
                0x00000000000009d0      0x100 ./Sources/main.o
                0x00000000000009d0                TIMER_Init
 .text.I2C0_Init
                0x0000000000000ad0      0x114 ./Sources/main.o
                0x0000000000000ad0                I2C0_Init
 .text.TPM0_IRQHandler
                0x0000000000000be4       0x24 ./Sources/main.o
                0x0000000000000be4                TPM0_IRQHandler
 .text.PORTC_PORTD_IRQHandler
                0x0000000000000c08       0x68 ./Sources/main.o
                0x0000000000000c08                PORTC_PORTD_IRQHandler
 .text.I2C_SingleByteRead
                0x0000000000000c70      0x194 ./Sources/main.o
                0x0000000000000c70                I2C_SingleByteRead
 .text.I2C_MultipleByteRead
                0x0000000000000e04      0x218 ./Sources/main.o
                0x0000000000000e04                I2C_MultipleByteRead
 .text.I2C_SingleByteWrite
                0x000000000000101c       0xfc ./Sources/main.o
                0x000000000000101c                I2C_SingleByteWrite
 .text.I2C_MultipleByteWrite
                0x0000000000001118      0x120 ./Sources/main.o
                0x0000000000001118                I2C_MultipleByteWrite
 .text.Magnetometer_Init
                0x0000000000001238       0x74 ./Sources/main.o
                0x0000000000001238                Magnetometer_Init
 .text.Magnetometer_Acq
                0x00000000000012ac      0x100 ./Sources/main.o
                0x00000000000012ac                Magnetometer_Acq
 .text.Magnetometer_Cal
                0x00000000000013ac       0x54 ./Sources/main.o
                0x00000000000013ac                Magnetometer_Cal
 .text.Magnetometer_Run
                0x0000000000001400      0x1d0 ./Sources/main.o
                0x0000000000001400                Magnetometer_Run
 .text.Accelerometer_Init
                0x00000000000015d0       0x94 ./Sources/main.o
                0x00000000000015d0                Accelerometer_Init
 .text.Accelerometer_Run
                0x0000000000001664       0xa0 ./Sources/main.o
                0x0000000000001664                Accelerometer_Run
 .text.Accelerometer_Acq_Cal
                0x0000000000001704       0xac ./Sources/main.o
                0x0000000000001704                Accelerometer_Acq_Cal
 .text.main     0x00000000000017b0      0x438 ./Sources/main.o
                0x00000000000017b0                main
 .text.SLCD_Init
                0x0000000000001be8       0x8c ./Sources/slcd.o
                0x0000000000001be8                SLCD_Init
 .text.SLCD_EnablePins
                0x0000000000001c74       0xfc ./Sources/slcd.o
                0x0000000000001c74                SLCD_EnablePins
 .text.SLCD_WriteMsg
                0x0000000000001d70       0x74 ./Sources/slcd.o
                0x0000000000001d70                SLCD_WriteMsg
 .text.SLCD_WriteChar
                0x0000000000001de4      0x120 ./Sources/slcd.o
                0x0000000000001de4                SLCD_WriteChar
 .text.SystemInit
                0x0000000000001f04       0xe0 ./Project_Settings/Startup_Code/system_MKL46Z4.o
                0x0000000000001f04                SystemInit
 *fill*         0x0000000000001fe4        0x4 
 .text.atan     0x0000000000001fe8      0x358 /package/freescale/KDS_2.0.0/toolchain/bin/../lib/gcc/arm-none-eabi/4.8.0/../../../../arm-none-eabi/lib/libm.a(lib_a-s_atan.o)
                0x0000000000001fe8                atan
 .text.fabs     0x0000000000002340        0x6 /package/freescale/KDS_2.0.0/toolchain/bin/../lib/gcc/arm-none-eabi/4.8.0/../../../../arm-none-eabi/lib/libm.a(lib_a-s_fabs.o)
                0x0000000000002340                fabs
 .text.__eqsf2  0x0000000000002346       0x46 /package/freescale/KDS_2.0.0/toolchain/bin/../lib/gcc/arm-none-eabi/4.8.0/libgcc.a(eqsf2.o)
                0x0000000000002346                __nesf2
                0x0000000000002346                __eqsf2
 .text.__gesf2  0x000000000000238c       0x94 /package/freescale/KDS_2.0.0/toolchain/bin/../lib/gcc/arm-none-eabi/4.8.0/libgcc.a(gesf2.o)
                0x000000000000238c                __gtsf2
                0x000000000000238c                __gesf2
 .text.__lesf2  0x0000000000002420       0x88 /package/freescale/KDS_2.0.0/toolchain/bin/../lib/gcc/arm-none-eabi/4.8.0/libgcc.a(lesf2.o)
                0x0000000000002420                __lesf2
                0x0000000000002420                __ltsf2
 .text.__aeabi_i2f
                0x00000000000024a8       0x94 /package/freescale/KDS_2.0.0/toolchain/bin/../lib/gcc/arm-none-eabi/4.8.0/libgcc.a(floatsisf.o)
                0x00000000000024a8                __aeabi_i2f
 .text.__aeabi_dadd
                0x000000000000253c      0x5e4 /package/freescale/KDS_2.0.0/toolchain/bin/../lib/gcc/arm-none-eabi/4.8.0/libgcc.a(adddf3.o)
                0x000000000000253c                __aeabi_dadd
 .text.__aeabi_ddiv
                0x0000000000002b20      0x560 /package/freescale/KDS_2.0.0/toolchain/bin/../lib/gcc/arm-none-eabi/4.8.0/libgcc.a(divdf3.o)
                0x0000000000002b20                __aeabi_ddiv
 .text.__eqdf2  0x0000000000003080       0x7c /package/freescale/KDS_2.0.0/toolchain/bin/../lib/gcc/arm-none-eabi/4.8.0/libgcc.a(eqdf2.o)
                0x0000000000003080                __eqdf2
                0x0000000000003080                __nedf2
 .text.__gedf2  0x00000000000030fc       0xcc /package/freescale/KDS_2.0.0/toolchain/bin/../lib/gcc/arm-none-eabi/4.8.0/libgcc.a(gedf2.o)
                0x00000000000030fc                __gtdf2
                0x00000000000030fc                __gedf2
 .text.__ledf2  0x00000000000031c8       0xd0 /package/freescale/KDS_2.0.0/toolchain/bin/../lib/gcc/arm-none-eabi/4.8.0/libgcc.a(ledf2.o)
                0x00000000000031c8                __ltdf2
                0x00000000000031c8                __ledf2
 .text.__aeabi_dmul
                0x0000000000003298      0x440 /package/freescale/KDS_2.0.0/toolchain/bin/../lib/gcc/arm-none-eabi/4.8.0/libgcc.a(muldf3.o)
                0x0000000000003298                __aeabi_dmul
 .text.__aeabi_dsub
                0x00000000000036d8      0x5f0 /package/freescale/KDS_2.0.0/toolchain/bin/../lib/gcc/arm-none-eabi/4.8.0/libgcc.a(subdf3.o)
                0x00000000000036d8                __aeabi_dsub
 .text.__aeabi_d2iz
                0x0000000000003cc8       0x6c /package/freescale/KDS_2.0.0/toolchain/bin/../lib/gcc/arm-none-eabi/4.8.0/libgcc.a(fixdfsi.o)
                0x0000000000003cc8                __aeabi_d2iz
 .text.__aeabi_i2d
                0x0000000000003d34       0x6c /package/freescale/KDS_2.0.0/toolchain/bin/../lib/gcc/arm-none-eabi/4.8.0/libgcc.a(floatsidf.o)
                0x0000000000003d34                __aeabi_i2d
 .text.atexit   0x0000000000003da0       0x10 /package/freescale/KDS_2.0.0/toolchain/bin/../lib/gcc/arm-none-eabi/4.8.0/../../../../arm-none-eabi/lib/libg_s.a(lib_a-atexit.o)
                0x0000000000003da0                atexit
 .text.exit     0x0000000000003db0       0x30 /package/freescale/KDS_2.0.0/toolchain/bin/../lib/gcc/arm-none-eabi/4.8.0/../../../../arm-none-eabi/lib/libg_s.a(lib_a-exit.o)
                0x0000000000003db0                exit
 .text.__libc_fini_array
                0x0000000000003de0       0x28 /package/freescale/KDS_2.0.0/toolchain/bin/../lib/gcc/arm-none-eabi/4.8.0/../../../../arm-none-eabi/lib/libg_s.a(lib_a-fini.o)
                0x0000000000003de0                __libc_fini_array
 .text.memcpy   0x0000000000003e08       0x12 /package/freescale/KDS_2.0.0/toolchain/bin/../lib/gcc/arm-none-eabi/4.8.0/../../../../arm-none-eabi/lib/libg_s.a(lib_a-memcpy.o)
                0x0000000000003e08                memcpy
 .text.memset   0x0000000000003e1a       0x12 /package/freescale/KDS_2.0.0/toolchain/bin/../lib/gcc/arm-none-eabi/4.8.0/../../../../arm-none-eabi/lib/libg_s.a(lib_a-memset.o)
                0x0000000000003e1a                memset
 .text.snprintf
                0x0000000000003e2c       0x64 /package/freescale/KDS_2.0.0/toolchain/bin/../lib/gcc/arm-none-eabi/4.8.0/../../../../arm-none-eabi/lib/libg_s.a(lib_a-snprintf.o)
                0x0000000000003e2c                snprintf
                0x0000000000003e2c                sniprintf
 .text.__ssputc_r
                0x0000000000003e90       0xb0 /package/freescale/KDS_2.0.0/toolchain/bin/../lib/gcc/arm-none-eabi/4.8.0/../../../../arm-none-eabi/lib/libg_s.a(lib_a-svfprintf.o)
                0x0000000000003e90                __ssputc_r
 .text._svfprintf_r
                0x0000000000003f40      0x1f8 /package/freescale/KDS_2.0.0/toolchain/bin/../lib/gcc/arm-none-eabi/4.8.0/../../../../arm-none-eabi/lib/libg_s.a(lib_a-svfprintf.o)
                0x0000000000003f40                _svfprintf_r
                0x0000000000003f40                _svfiprintf_r
 .text._kill    0x0000000000004138       0x24 /package/freescale/KDS_2.0.0/toolchain/bin/../lib/gcc/arm-none-eabi/4.8.0/../../../../arm-none-eabi/lib/libg_s.a(lib_a-syscalls.o)
                0x0000000000004138                _kill
 .text._exit    0x000000000000415c        0xc /package/freescale/KDS_2.0.0/toolchain/bin/../lib/gcc/arm-none-eabi/4.8.0/../../../../arm-none-eabi/lib/libg_s.a(lib_a-syscalls.o)
                0x000000000000415c                _exit
 .text._sbrk    0x0000000000004168       0x38 /package/freescale/KDS_2.0.0/toolchain/bin/../lib/gcc/arm-none-eabi/4.8.0/../../../../arm-none-eabi/lib/libg_s.a(lib_a-syscalls.o)
                0x0000000000004168                _sbrk
 .text._printf_common
                0x00000000000041a0       0xe0 /package/freescale/KDS_2.0.0/toolchain/bin/../lib/gcc/arm-none-eabi/4.8.0/../../../../arm-none-eabi/lib/libg_s.a(lib_a-vfprintf_i.o)
                0x00000000000041a0                _printf_common
 .text._printf_i
                0x0000000000004280      0x230 /package/freescale/KDS_2.0.0/toolchain/bin/../lib/gcc/arm-none-eabi/4.8.0/../../../../arm-none-eabi/lib/libg_s.a(lib_a-vfprintf_i.o)
                0x0000000000004280                _printf_i
 .text.__do_register_exitproc
                0x00000000000044b0       0x80 /package/freescale/KDS_2.0.0/toolchain/bin/../lib/gcc/arm-none-eabi/4.8.0/../../../../arm-none-eabi/lib/libg_s.a(lib_a-__atexit.o)
                0x00000000000044b0                __do_register_exitproc
 .text.__call_exitprocs
                0x0000000000004530       0xa8 /package/freescale/KDS_2.0.0/toolchain/bin/../lib/gcc/arm-none-eabi/4.8.0/../../../../arm-none-eabi/lib/libg_s.a(lib_a-__call_atexit.o)
                0x0000000000004530                __call_exitprocs
 .text.__errno  0x00000000000045d8        0xc /package/freescale/KDS_2.0.0/toolchain/bin/../lib/gcc/arm-none-eabi/4.8.0/../../../../arm-none-eabi/lib/libg_s.a(lib_a-errno.o)
                0x00000000000045d8                __errno
 .text._free_r  0x00000000000045e4       0x90 /package/freescale/KDS_2.0.0/toolchain/bin/../lib/gcc/arm-none-eabi/4.8.0/../../../../arm-none-eabi/lib/libg_s.a(lib_a-freer.o)
                0x00000000000045e4                _free_r
 .text.malloc   0x0000000000004674       0x14 /package/freescale/KDS_2.0.0/toolchain/bin/../lib/gcc/arm-none-eabi/4.8.0/../../../../arm-none-eabi/lib/libg_s.a(lib_a-malloc.o)
                0x0000000000004674                malloc
 .text.free     0x0000000000004688       0x14 /package/freescale/KDS_2.0.0/toolchain/bin/../lib/gcc/arm-none-eabi/4.8.0/../../../../arm-none-eabi/lib/libg_s.a(lib_a-malloc.o)
                0x0000000000004688                free
 .text._malloc_r
                0x000000000000469c       0x98 /package/freescale/KDS_2.0.0/toolchain/bin/../lib/gcc/arm-none-eabi/4.8.0/../../../../arm-none-eabi/lib/libg_s.a(lib_a-mallocr.o)
                0x000000000000469c                _malloc_r
 .text.memchr   0x0000000000004734       0x18 /package/freescale/KDS_2.0.0/toolchain/bin/../lib/gcc/arm-none-eabi/4.8.0/../../../../arm-none-eabi/lib/libg_s.a(lib_a-memchr.o)
                0x0000000000004734                memchr
 .text._realloc_r
                0x000000000000474c       0x4c /package/freescale/KDS_2.0.0/toolchain/bin/../lib/gcc/arm-none-eabi/4.8.0/../../../../arm-none-eabi/lib/libg_s.a(lib_a-reallocr.o)
                0x000000000000474c                _realloc_r
 .text._sbrk_r  0x0000000000004798       0x24 /package/freescale/KDS_2.0.0/toolchain/bin/../lib/gcc/arm-none-eabi/4.8.0/../../../../arm-none-eabi/lib/libg_s.a(lib_a-sbrkr.o)
                0x0000000000004798                _sbrk_r
 .text.strlen   0x00000000000047bc        0xe /package/freescale/KDS_2.0.0/toolchain/bin/../lib/gcc/arm-none-eabi/4.8.0/../../../../arm-none-eabi/lib/libg_s.a(lib_a-strlen.o)
                0x00000000000047bc                strlen
 .text._malloc_usable_size_r
                0x00000000000047ca       0x14 /package/freescale/KDS_2.0.0/toolchain/bin/../lib/gcc/arm-none-eabi/4.8.0/../../../../arm-none-eabi/lib/libg_s.a(lib_a-msizer.o)
                0x00000000000047ca                _malloc_usable_size_r
 *(.rodata)
 *fill*         0x00000000000047de        0x2 
 .rodata        0x00000000000047e0       0x30 ./Sources/main.o
 *(.rodata*)
 .rodata.MASK_BIT
                0x0000000000004810       0x80 ./Sources/slcd.o
                0x0000000000004810                MASK_BIT
 .rodata.WF_ORDERING_TABLE
                0x0000000000004890        0xc ./Sources/slcd.o
                0x0000000000004890                WF_ORDERING_TABLE
 .rodata.ASCII_TO_WF_CODIFICATION_TABLE
                0x000000000000489c       0x64 ./Sources/slcd.o
                0x000000000000489c                ASCII_TO_WF_CODIFICATION_TABLE
 .rodata.atanlo
                0x0000000000004900       0x20 /package/freescale/KDS_2.0.0/toolchain/bin/../lib/gcc/arm-none-eabi/4.8.0/../../../../arm-none-eabi/lib/libm.a(lib_a-s_atan.o)
 .rodata.atanhi
                0x0000000000004920       0x20 /package/freescale/KDS_2.0.0/toolchain/bin/../lib/gcc/arm-none-eabi/4.8.0/../../../../arm-none-eabi/lib/libm.a(lib_a-s_atan.o)
 .rodata.str1.1
                0x0000000000004940        0x2 /package/freescale/KDS_2.0.0/toolchain/bin/../lib/gcc/arm-none-eabi/4.8.0/../../../../arm-none-eabi/lib/libg_s.a(lib_a-impure.o)
 *fill*         0x0000000000004942        0x2 
 .rodata._global_impure_ptr
                0x0000000000004944        0x4 /package/freescale/KDS_2.0.0/toolchain/bin/../lib/gcc/arm-none-eabi/4.8.0/../../../../arm-none-eabi/lib/libg_s.a(lib_a-impure.o)
                0x0000000000004944                _global_impure_ptr
 .rodata.str1.1
                0x0000000000004948       0x11 /package/freescale/KDS_2.0.0/toolchain/bin/../lib/gcc/arm-none-eabi/4.8.0/../../../../arm-none-eabi/lib/libg_s.a(lib_a-svfprintf.o)
 .rodata.str1.1
                0x0000000000004959       0x22 /package/freescale/KDS_2.0.0/toolchain/bin/../lib/gcc/arm-none-eabi/4.8.0/../../../../arm-none-eabi/lib/libg_s.a(lib_a-vfprintf_i.o)
 *(.glue_7)
 .glue_7        0x0000000000000000        0x0 linker stubs
 *(.glue_7t)
 .glue_7t       0x0000000000000000        0x0 linker stubs
 *(.eh_frame)
 *fill*         0x000000000000497b        0x1 
 .eh_frame      0x000000000000497c        0x0 /package/freescale/KDS_2.0.0/toolchain/bin/../lib/gcc/arm-none-eabi/4.8.0/crtbegin.o
 *(.init)
 .init          0x000000000000497c        0x4 /package/freescale/KDS_2.0.0/toolchain/bin/../lib/gcc/arm-none-eabi/4.8.0/crti.o
                0x000000000000497c                _init
 .init          0x0000000000004980        0x8 /package/freescale/KDS_2.0.0/toolchain/bin/../lib/gcc/arm-none-eabi/4.8.0/crtn.o
 *(.fini)
 .fini          0x0000000000004988        0x4 /package/freescale/KDS_2.0.0/toolchain/bin/../lib/gcc/arm-none-eabi/4.8.0/crti.o
                0x0000000000004988                _fini
 .fini          0x000000000000498c        0x8 /package/freescale/KDS_2.0.0/toolchain/bin/../lib/gcc/arm-none-eabi/4.8.0/crtn.o
                0x0000000000004994                . = ALIGN (0x4)

.vfp11_veneer   0x0000000000004994        0x0
 .vfp11_veneer  0x0000000000000000        0x0 linker stubs

.v4_bx          0x0000000000004994        0x0
 .v4_bx         0x0000000000000000        0x0 linker stubs

.iplt           0x0000000000004994        0x0
 .iplt          0x0000000000000000        0x0 /package/freescale/KDS_2.0.0/toolchain/bin/../lib/gcc/arm-none-eabi/4.8.0/crtbegin.o

.rel.dyn        0x0000000000004994        0x0
 .rel.iplt      0x0000000000000000        0x0 /package/freescale/KDS_2.0.0/toolchain/bin/../lib/gcc/arm-none-eabi/4.8.0/crtbegin.o

.ARM.extab
 *(.ARM.extab* .gnu.linkonce.armextab.*)

.ARM            0x0000000000004994        0x0
                0x0000000000004994                __exidx_start = .
 *(.ARM.exidx*)
                0x0000000000004994                __exidx_end = .

.ctors          0x0000000000004994        0x0
                0x0000000000004994                __CTOR_LIST__ = .
 *crtbegin.o(.ctors)
 *crtbegin?.o(.ctors)
 *(EXCLUDE_FILE(*crtend.o *crtend?.o) .ctors)
 *(SORT(.ctors.*))
 *(.ctors)
                0x0000000000004994                __CTOR_END__ = .

.dtors          0x0000000000004994        0x0
                0x0000000000004994                __DTOR_LIST__ = .
 *crtbegin.o(.dtors)
 *crtbegin?.o(.dtors)
 *(EXCLUDE_FILE(*crtend.o *crtend?.o) .dtors)
 *(SORT(.dtors.*))
 *(.dtors)
                0x0000000000004994                __DTOR_END__ = .

.preinit_array  0x0000000000004994        0x0
                0x0000000000004994                PROVIDE (__preinit_array_start, .)
 *(.preinit_array*)
                0x0000000000004994                PROVIDE (__preinit_array_end, .)

.init_array     0x0000000000004994        0x4
                0x0000000000004994                PROVIDE (__init_array_start, .)
 *(SORT(.init_array.*))
 *(.init_array*)
 .init_array    0x0000000000004994        0x4 /package/freescale/KDS_2.0.0/toolchain/bin/../lib/gcc/arm-none-eabi/4.8.0/crtbegin.o
                0x0000000000004998                PROVIDE (__init_array_end, .)

.fini_array     0x0000000000004998        0x4
                0x0000000000004998                PROVIDE (__fini_array_start, .)
 *(SORT(.fini_array.*))
 *(.fini_array*)
 .fini_array    0x0000000000004998        0x4 /package/freescale/KDS_2.0.0/toolchain/bin/../lib/gcc/arm-none-eabi/4.8.0/crtbegin.o
                0x000000000000499c                PROVIDE (__fini_array_end, .)
                0x000000000000499c                __etext = .
                0x000000000000499c                __DATA_ROM = .

.mtb            0x000000001fffe000        0x0
                0x000000001fffe000                . = ALIGN (0x8)
                0x000000001fffe000                _mtb_start = .
 *(.mtb_buf)
                0x000000001fffe000                . = ALIGN (0x8)
                0x000000001fffe000                _mtb_end = .

.data           0x000000001fffe000      0x2a0 load address 0x000000000000499c
                0x000000001fffe000                . = ALIGN (0x4)
                0x000000001fffe000                __DATA_RAM = .
                0x000000001fffe000                __data_start__ = .
 *(.data)
 *(.data*)
 .data.impure_data
                0x000000001fffe000      0x298 /package/freescale/KDS_2.0.0/toolchain/bin/../lib/gcc/arm-none-eabi/4.8.0/../../../../arm-none-eabi/lib/libg_s.a(lib_a-impure.o)
 .data._impure_ptr
                0x000000001fffe298        0x4 /package/freescale/KDS_2.0.0/toolchain/bin/../lib/gcc/arm-none-eabi/4.8.0/../../../../arm-none-eabi/lib/libg_s.a(lib_a-impure.o)
                0x000000001fffe298                _impure_ptr
 *(.jcr*)
 .jcr           0x000000001fffe29c        0x0 /package/freescale/KDS_2.0.0/toolchain/bin/../lib/gcc/arm-none-eabi/4.8.0/crtbegin.o
 .jcr           0x000000001fffe29c        0x4 /package/freescale/KDS_2.0.0/toolchain/bin/../lib/gcc/arm-none-eabi/4.8.0/crtend.o
                0x000000001fffe2a0                . = ALIGN (0x4)
                0x000000001fffe2a0                __data_end__ = .
                0x0000000000004c3c                __DATA_END = (__DATA_ROM + (__data_end__ - __data_start__))

.tm_clone_table
                0x000000001fffe2a0        0x0 load address 0x0000000000004c3c
 .tm_clone_table
                0x000000001fffe2a0        0x0 /package/freescale/KDS_2.0.0/toolchain/bin/../lib/gcc/arm-none-eabi/4.8.0/crtbegin.o
 .tm_clone_table
                0x000000001fffe2a0        0x0 /package/freescale/KDS_2.0.0/toolchain/bin/../lib/gcc/arm-none-eabi/4.8.0/crtend.o

.igot.plt       0x000000001fffe2a0        0x0 load address 0x0000000000004c3c
 .igot.plt      0x0000000000000000        0x0 /package/freescale/KDS_2.0.0/toolchain/bin/../lib/gcc/arm-none-eabi/4.8.0/crtbegin.o

.bss            0x000000001fffe2a0       0xb4 load address 0x0000000000004c3c
                0x000000001fffe2a0                . = ALIGN (0x4)
                0x000000001fffe2a0                __START_BSS = .
                0x000000001fffe2a0                __bss_start__ = .
 *(.bss)
 *(.bss*)
 .bss.completed.6137
                0x000000001fffe2a0        0x1 /package/freescale/KDS_2.0.0/toolchain/bin/../lib/gcc/arm-none-eabi/4.8.0/crtbegin.o
 *fill*         0x000000001fffe2a1        0x3 
 .bss.object.6142
                0x000000001fffe2a4       0x18 /package/freescale/KDS_2.0.0/toolchain/bin/../lib/gcc/arm-none-eabi/4.8.0/crtbegin.o
 .bss.enumECompassState
                0x000000001fffe2bc        0x1 ./Sources/main.o
                0x000000001fffe2bc                enumECompassState
 .bss.bSW3Pressed
                0x000000001fffe2bd        0x1 ./Sources/main.o
                0x000000001fffe2bd                bSW3Pressed
 .bss.bSW1Pressed
                0x000000001fffe2be        0x1 ./Sources/main.o
                0x000000001fffe2be                bSW1Pressed
 .bss.bIsTimerExpired
                0x000000001fffe2bf        0x1 ./Sources/main.o
                0x000000001fffe2bf                bIsTimerExpired
 .bss.ucaryLCDMsg
                0x000000001fffe2c0        0x8 ./Sources/main.o
                0x000000001fffe2c0                ucaryLCDMsg
 .bss.flag_first_data
                0x000000001fffe2c8        0x4 ./Sources/main.o
                0x000000001fffe2c8                flag_first_data
 .bss.flag_initialisation
                0x000000001fffe2cc        0x4 ./Sources/main.o
                0x000000001fffe2cc                flag_initialisation
 .bss.flag_first_data_acquire
                0x000000001fffe2d0        0x4 ./Sources/main.o
                0x000000001fffe2d0                flag_first_data_acquire
 .bss.flag_first_data_run
                0x000000001fffe2d4        0x4 ./Sources/main.o
                0x000000001fffe2d4                flag_first_data_run
 .bss.flag_first_data_acc
                0x000000001fffe2d8        0x4 ./Sources/main.o
                0x000000001fffe2d8                flag_first_data_acc
 .bss.heap_end.5175
                0x000000001fffe2dc        0x4 /package/freescale/KDS_2.0.0/toolchain/bin/../lib/gcc/arm-none-eabi/4.8.0/../../../../arm-none-eabi/lib/libg_s.a(lib_a-syscalls.o)
 .bss.__malloc_free_list
                0x000000001fffe2e0        0x4 /package/freescale/KDS_2.0.0/toolchain/bin/../lib/gcc/arm-none-eabi/4.8.0/../../../../arm-none-eabi/lib/libg_s.a(lib_a-mallocr.o)
                0x000000001fffe2e0                __malloc_free_list
 *(COMMON)
 COMMON         0x000000001fffe2e4       0x6a ./Sources/main.o
                0x000000001fffe2e4                prescalar_factor
                0x000000001fffe2e8                resolution
                0x000000001fffe2ec                prescalar
                0x000000001fffe2f0                DR_STATUS_DATA
                0x000000001fffe2f4                new_clock_frequency
                0x000000001fffe2f8                reset_count
                0x000000001fffe2fc                DATA_READ
                0x000000001fffe304                ACC_DATA_CALIBRATED
                0x000000001fffe30a                ANGLE
                0x000000001fffe30c                F_STATUS_DATA_ACC
                0x000000001fffe310                MAG_DATA_READ_AXIS
                0x000000001fffe318                MAG_DATA_MAX_AXIS
                0x000000001fffe320                ACC_DATA_OFFSET_AXIS
                0x000000001fffe328                MAG_DATA_MIN_AXIS
                0x000000001fffe330                MAG_DATA_HI_CALIBRATED
                0x000000001fffe338                original_clock_frequency
                0x000000001fffe33c                ACC_DATA_READ_AXIS
                0x000000001fffe342                DR_STATUS_DATA_ACC
                0x000000001fffe344                timer_overflow_count
                0x000000001fffe348                MAG_DATA_AVERAGE_AXIS
 COMMON         0x000000001fffe34e        0x1 ./Sources/slcd.o
                0x000000001fffe34e                bLCD_CharPosition
 *fill*         0x000000001fffe34f        0x1 
 COMMON         0x000000001fffe350        0x4 /package/freescale/KDS_2.0.0/toolchain/bin/../lib/gcc/arm-none-eabi/4.8.0/../../../../arm-none-eabi/lib/libg_s.a(lib_a-reent.o)
                0x000000001fffe350                errno
                0x000000001fffe354                . = ALIGN (0x4)
                0x000000001fffe354                __bss_end__ = .
                0x000000001fffe354                __END_BSS = .

.heap           0x000000001fffe354      0x404 load address 0x0000000000004cf0
                0x000000001fffe358                . = ALIGN (0x8)
 *fill*         0x000000001fffe354        0x4 
                0x000000001fffe358                __end__ = .
                0x000000001fffe358                PROVIDE (end, .)
                0x000000001fffe358                __HeapBase = .
                0x000000001fffe758                . = (. + HEAP_SIZE)
 *fill*         0x000000001fffe358      0x400 
                0x000000001fffe758                __HeapLimit = .

.stack          0x000000001fffe758      0x400 load address 0x00000000000050f4
                0x000000001fffe758                . = ALIGN (0x8)
                0x000000001fffeb58                . = (. + STACK_SIZE)
 *fill*         0x000000001fffe758      0x400 
                0x000000001fffeb58                __StackTop = .
                0x000000001fffe758                __StackLimit = (__StackTop - STACK_SIZE)
                0x000000001fffeb58                PROVIDE (__stack, __StackTop)

.ARM.attributes
                0x0000000000000000       0x2d
 *(.ARM.attributes)
 .ARM.attributes
                0x0000000000000000       0x23 /package/freescale/KDS_2.0.0/toolchain/bin/../lib/gcc/arm-none-eabi/4.8.0/crti.o
 .ARM.attributes
                0x0000000000000023       0x31 /package/freescale/KDS_2.0.0/toolchain/bin/../lib/gcc/arm-none-eabi/4.8.0/crtbegin.o
 .ARM.attributes
                0x0000000000000054       0x31 /package/freescale/KDS_2.0.0/toolchain/bin/../lib/gcc/arm-none-eabi/4.8.0/../../../../arm-none-eabi/lib/crt0.o
 .ARM.attributes
                0x0000000000000085       0x32 ./Sources/main.o
 .ARM.attributes
                0x00000000000000b7       0x32 ./Sources/slcd.o
 .ARM.attributes
                0x00000000000000e9       0x1b ./Project_Settings/Startup_Code/startup_MKL46Z4.o
 .ARM.attributes
                0x0000000000000104       0x32 ./Project_Settings/Startup_Code/system_MKL46Z4.o
 .ARM.attributes
                0x0000000000000136       0x31 /package/freescale/KDS_2.0.0/toolchain/bin/../lib/gcc/arm-none-eabi/4.8.0/../../../../arm-none-eabi/lib/libm.a(lib_a-s_atan.o)
 .ARM.attributes
                0x0000000000000167       0x31 /package/freescale/KDS_2.0.0/toolchain/bin/../lib/gcc/arm-none-eabi/4.8.0/../../../../arm-none-eabi/lib/libm.a(lib_a-s_fabs.o)
 .ARM.attributes
                0x0000000000000198       0x23 /package/freescale/KDS_2.0.0/toolchain/bin/../lib/gcc/arm-none-eabi/4.8.0/libgcc.a(_udivsi3.o)
 .ARM.attributes
                0x00000000000001bb       0x23 /package/freescale/KDS_2.0.0/toolchain/bin/../lib/gcc/arm-none-eabi/4.8.0/libgcc.a(_divsi3.o)
 .ARM.attributes
                0x00000000000001de       0x23 /package/freescale/KDS_2.0.0/toolchain/bin/../lib/gcc/arm-none-eabi/4.8.0/libgcc.a(_dvmd_tls.o)
 .ARM.attributes
                0x0000000000000201       0x23 /package/freescale/KDS_2.0.0/toolchain/bin/../lib/gcc/arm-none-eabi/4.8.0/libgcc.a(_arm_cmpdf2.o)
 .ARM.attributes
                0x0000000000000224       0x23 /package/freescale/KDS_2.0.0/toolchain/bin/../lib/gcc/arm-none-eabi/4.8.0/libgcc.a(_arm_cmpsf2.o)
 .ARM.attributes
                0x0000000000000247       0x31 /package/freescale/KDS_2.0.0/toolchain/bin/../lib/gcc/arm-none-eabi/4.8.0/libgcc.a(eqsf2.o)
 .ARM.attributes
                0x0000000000000278       0x31 /package/freescale/KDS_2.0.0/toolchain/bin/../lib/gcc/arm-none-eabi/4.8.0/libgcc.a(gesf2.o)
 .ARM.attributes
                0x00000000000002a9       0x31 /package/freescale/KDS_2.0.0/toolchain/bin/../lib/gcc/arm-none-eabi/4.8.0/libgcc.a(lesf2.o)
 .ARM.attributes
                0x00000000000002da       0x31 /package/freescale/KDS_2.0.0/toolchain/bin/../lib/gcc/arm-none-eabi/4.8.0/libgcc.a(floatsisf.o)
 .ARM.attributes
                0x000000000000030b       0x31 /package/freescale/KDS_2.0.0/toolchain/bin/../lib/gcc/arm-none-eabi/4.8.0/libgcc.a(adddf3.o)
 .ARM.attributes
                0x000000000000033c       0x31 /package/freescale/KDS_2.0.0/toolchain/bin/../lib/gcc/arm-none-eabi/4.8.0/libgcc.a(divdf3.o)
 .ARM.attributes
                0x000000000000036d       0x31 /package/freescale/KDS_2.0.0/toolchain/bin/../lib/gcc/arm-none-eabi/4.8.0/libgcc.a(eqdf2.o)
 .ARM.attributes
                0x000000000000039e       0x31 /package/freescale/KDS_2.0.0/toolchain/bin/../lib/gcc/arm-none-eabi/4.8.0/libgcc.a(gedf2.o)
 .ARM.attributes
                0x00000000000003cf       0x31 /package/freescale/KDS_2.0.0/toolchain/bin/../lib/gcc/arm-none-eabi/4.8.0/libgcc.a(ledf2.o)
 .ARM.attributes
                0x0000000000000400       0x31 /package/freescale/KDS_2.0.0/toolchain/bin/../lib/gcc/arm-none-eabi/4.8.0/libgcc.a(muldf3.o)
 .ARM.attributes
                0x0000000000000431       0x31 /package/freescale/KDS_2.0.0/toolchain/bin/../lib/gcc/arm-none-eabi/4.8.0/libgcc.a(subdf3.o)
 .ARM.attributes
                0x0000000000000462       0x31 /package/freescale/KDS_2.0.0/toolchain/bin/../lib/gcc/arm-none-eabi/4.8.0/libgcc.a(fixdfsi.o)
 .ARM.attributes
                0x0000000000000493       0x31 /package/freescale/KDS_2.0.0/toolchain/bin/../lib/gcc/arm-none-eabi/4.8.0/libgcc.a(floatsidf.o)
 .ARM.attributes
                0x00000000000004c4       0x23 /package/freescale/KDS_2.0.0/toolchain/bin/../lib/gcc/arm-none-eabi/4.8.0/libgcc.a(_thumb1_case_uhi.o)
 .ARM.attributes
                0x00000000000004e7       0x23 /package/freescale/KDS_2.0.0/toolchain/bin/../lib/gcc/arm-none-eabi/4.8.0/libgcc.a(_clzsi2.o)
 .ARM.attributes
                0x000000000000050a       0x31 /package/freescale/KDS_2.0.0/toolchain/bin/../lib/gcc/arm-none-eabi/4.8.0/../../../../arm-none-eabi/lib/libg_s.a(lib_a-atexit.o)
 .ARM.attributes
                0x000000000000053b       0x31 /package/freescale/KDS_2.0.0/toolchain/bin/../lib/gcc/arm-none-eabi/4.8.0/../../../../arm-none-eabi/lib/libg_s.a(lib_a-exit.o)
 .ARM.attributes
                0x000000000000056c       0x31 /package/freescale/KDS_2.0.0/toolchain/bin/../lib/gcc/arm-none-eabi/4.8.0/../../../../arm-none-eabi/lib/libg_s.a(lib_a-fini.o)
 .ARM.attributes
                0x000000000000059d       0x31 /package/freescale/KDS_2.0.0/toolchain/bin/../lib/gcc/arm-none-eabi/4.8.0/../../../../arm-none-eabi/lib/libg_s.a(lib_a-impure.o)
 .ARM.attributes
                0x00000000000005ce       0x31 /package/freescale/KDS_2.0.0/toolchain/bin/../lib/gcc/arm-none-eabi/4.8.0/../../../../arm-none-eabi/lib/libg_s.a(lib_a-memcpy.o)
 .ARM.attributes
                0x00000000000005ff       0x31 /package/freescale/KDS_2.0.0/toolchain/bin/../lib/gcc/arm-none-eabi/4.8.0/../../../../arm-none-eabi/lib/libg_s.a(lib_a-memset.o)
 .ARM.attributes
                0x0000000000000630       0x31 /package/freescale/KDS_2.0.0/toolchain/bin/../lib/gcc/arm-none-eabi/4.8.0/../../../../arm-none-eabi/lib/libg_s.a(lib_a-snprintf.o)
 .ARM.attributes
                0x0000000000000661       0x31 /package/freescale/KDS_2.0.0/toolchain/bin/../lib/gcc/arm-none-eabi/4.8.0/../../../../arm-none-eabi/lib/libg_s.a(lib_a-svfprintf.o)
 .ARM.attributes
                0x0000000000000692       0x31 /package/freescale/KDS_2.0.0/toolchain/bin/../lib/gcc/arm-none-eabi/4.8.0/../../../../arm-none-eabi/lib/libg_s.a(lib_a-syscalls.o)
 .ARM.attributes
                0x00000000000006c3       0x31 /package/freescale/KDS_2.0.0/toolchain/bin/../lib/gcc/arm-none-eabi/4.8.0/../../../../arm-none-eabi/lib/libg_s.a(lib_a-vfprintf_i.o)
 .ARM.attributes
                0x00000000000006f4       0x31 /package/freescale/KDS_2.0.0/toolchain/bin/../lib/gcc/arm-none-eabi/4.8.0/../../../../arm-none-eabi/lib/libg_s.a(lib_a-__atexit.o)
 .ARM.attributes
                0x0000000000000725       0x31 /package/freescale/KDS_2.0.0/toolchain/bin/../lib/gcc/arm-none-eabi/4.8.0/../../../../arm-none-eabi/lib/libg_s.a(lib_a-__call_atexit.o)
 .ARM.attributes
                0x0000000000000756       0x31 /package/freescale/KDS_2.0.0/toolchain/bin/../lib/gcc/arm-none-eabi/4.8.0/../../../../arm-none-eabi/lib/libg_s.a(lib_a-errno.o)
 .ARM.attributes
                0x0000000000000787       0x31 /package/freescale/KDS_2.0.0/toolchain/bin/../lib/gcc/arm-none-eabi/4.8.0/../../../../arm-none-eabi/lib/libg_s.a(lib_a-freer.o)
 .ARM.attributes
                0x00000000000007b8       0x31 /package/freescale/KDS_2.0.0/toolchain/bin/../lib/gcc/arm-none-eabi/4.8.0/../../../../arm-none-eabi/lib/libg_s.a(lib_a-malloc.o)
 .ARM.attributes
                0x00000000000007e9       0x31 /package/freescale/KDS_2.0.0/toolchain/bin/../lib/gcc/arm-none-eabi/4.8.0/../../../../arm-none-eabi/lib/libg_s.a(lib_a-mallocr.o)
 .ARM.attributes
                0x000000000000081a       0x31 /package/freescale/KDS_2.0.0/toolchain/bin/../lib/gcc/arm-none-eabi/4.8.0/../../../../arm-none-eabi/lib/libg_s.a(lib_a-memchr.o)
 .ARM.attributes
                0x000000000000084b       0x31 /package/freescale/KDS_2.0.0/toolchain/bin/../lib/gcc/arm-none-eabi/4.8.0/../../../../arm-none-eabi/lib/libg_s.a(lib_a-reallocr.o)
 .ARM.attributes
                0x000000000000087c       0x31 /package/freescale/KDS_2.0.0/toolchain/bin/../lib/gcc/arm-none-eabi/4.8.0/../../../../arm-none-eabi/lib/libg_s.a(lib_a-sbrkr.o)
 .ARM.attributes
                0x00000000000008ad       0x31 /package/freescale/KDS_2.0.0/toolchain/bin/../lib/gcc/arm-none-eabi/4.8.0/../../../../arm-none-eabi/lib/libg_s.a(lib_a-strlen.o)
 .ARM.attributes
                0x00000000000008de       0x31 /package/freescale/KDS_2.0.0/toolchain/bin/../lib/gcc/arm-none-eabi/4.8.0/../../../../arm-none-eabi/lib/libg_s.a(lib_a-msizer.o)
 .ARM.attributes
                0x000000000000090f       0x31 /package/freescale/KDS_2.0.0/toolchain/bin/../lib/gcc/arm-none-eabi/4.8.0/../../../../arm-none-eabi/lib/libg_s.a(lib_a-reent.o)
 .ARM.attributes
                0x0000000000000940       0x31 /package/freescale/KDS_2.0.0/toolchain/bin/../lib/gcc/arm-none-eabi/4.8.0/crtend.o
 .ARM.attributes
                0x0000000000000971       0x23 /package/freescale/KDS_2.0.0/toolchain/bin/../lib/gcc/arm-none-eabi/4.8.0/crtn.o
OUTPUT(lab3_acc.elf elf32-littlearm)

.comment        0x0000000000000000       0x3b
 .comment       0x0000000000000000       0x2a /package/freescale/KDS_2.0.0/toolchain/bin/../lib/gcc/arm-none-eabi/4.8.0/crtbegin.o
                                         0x2b (size before relaxing)
 .comment       0x0000000000000000       0x2b /package/freescale/KDS_2.0.0/toolchain/bin/../lib/gcc/arm-none-eabi/4.8.0/../../../../arm-none-eabi/lib/crt0.o
 .comment       0x0000000000000000       0x2b ./Sources/main.o
 .comment       0x0000000000000000       0x2b ./Sources/slcd.o
 .comment       0x0000000000000000       0x2b ./Project_Settings/Startup_Code/system_MKL46Z4.o
 .comment       0x000000000000002a       0x11 /package/freescale/KDS_2.0.0/toolchain/bin/../lib/gcc/arm-none-eabi/4.8.0/../../../../arm-none-eabi/lib/libm.a(lib_a-s_atan.o)
                                         0x12 (size before relaxing)
 .comment       0x0000000000000000       0x12 /package/freescale/KDS_2.0.0/toolchain/bin/../lib/gcc/arm-none-eabi/4.8.0/../../../../arm-none-eabi/lib/libm.a(lib_a-s_fabs.o)
 .comment       0x0000000000000000       0x2b /package/freescale/KDS_2.0.0/toolchain/bin/../lib/gcc/arm-none-eabi/4.8.0/libgcc.a(eqsf2.o)
 .comment       0x0000000000000000       0x2b /package/freescale/KDS_2.0.0/toolchain/bin/../lib/gcc/arm-none-eabi/4.8.0/libgcc.a(gesf2.o)
 .comment       0x0000000000000000       0x2b /package/freescale/KDS_2.0.0/toolchain/bin/../lib/gcc/arm-none-eabi/4.8.0/libgcc.a(lesf2.o)
 .comment       0x0000000000000000       0x2b /package/freescale/KDS_2.0.0/toolchain/bin/../lib/gcc/arm-none-eabi/4.8.0/libgcc.a(floatsisf.o)
 .comment       0x0000000000000000       0x2b /package/freescale/KDS_2.0.0/toolchain/bin/../lib/gcc/arm-none-eabi/4.8.0/libgcc.a(adddf3.o)
 .comment       0x0000000000000000       0x2b /package/freescale/KDS_2.0.0/toolchain/bin/../lib/gcc/arm-none-eabi/4.8.0/libgcc.a(divdf3.o)
 .comment       0x0000000000000000       0x2b /package/freescale/KDS_2.0.0/toolchain/bin/../lib/gcc/arm-none-eabi/4.8.0/libgcc.a(eqdf2.o)
 .comment       0x0000000000000000       0x2b /package/freescale/KDS_2.0.0/toolchain/bin/../lib/gcc/arm-none-eabi/4.8.0/libgcc.a(gedf2.o)
 .comment       0x0000000000000000       0x2b /package/freescale/KDS_2.0.0/toolchain/bin/../lib/gcc/arm-none-eabi/4.8.0/libgcc.a(ledf2.o)
 .comment       0x0000000000000000       0x2b /package/freescale/KDS_2.0.0/toolchain/bin/../lib/gcc/arm-none-eabi/4.8.0/libgcc.a(muldf3.o)
 .comment       0x0000000000000000       0x2b /package/freescale/KDS_2.0.0/toolchain/bin/../lib/gcc/arm-none-eabi/4.8.0/libgcc.a(subdf3.o)
 .comment       0x0000000000000000       0x2b /package/freescale/KDS_2.0.0/toolchain/bin/../lib/gcc/arm-none-eabi/4.8.0/libgcc.a(fixdfsi.o)
 .comment       0x0000000000000000       0x2b /package/freescale/KDS_2.0.0/toolchain/bin/../lib/gcc/arm-none-eabi/4.8.0/libgcc.a(floatsidf.o)
 .comment       0x0000000000000000       0x12 /package/freescale/KDS_2.0.0/toolchain/bin/../lib/gcc/arm-none-eabi/4.8.0/../../../../arm-none-eabi/lib/libg_s.a(lib_a-atexit.o)
 .comment       0x0000000000000000       0x12 /package/freescale/KDS_2.0.0/toolchain/bin/../lib/gcc/arm-none-eabi/4.8.0/../../../../arm-none-eabi/lib/libg_s.a(lib_a-exit.o)
 .comment       0x0000000000000000       0x12 /package/freescale/KDS_2.0.0/toolchain/bin/../lib/gcc/arm-none-eabi/4.8.0/../../../../arm-none-eabi/lib/libg_s.a(lib_a-fini.o)
 .comment       0x0000000000000000       0x12 /package/freescale/KDS_2.0.0/toolchain/bin/../lib/gcc/arm-none-eabi/4.8.0/../../../../arm-none-eabi/lib/libg_s.a(lib_a-impure.o)
 .comment       0x0000000000000000       0x12 /package/freescale/KDS_2.0.0/toolchain/bin/../lib/gcc/arm-none-eabi/4.8.0/../../../../arm-none-eabi/lib/libg_s.a(lib_a-memcpy.o)
 .comment       0x0000000000000000       0x12 /package/freescale/KDS_2.0.0/toolchain/bin/../lib/gcc/arm-none-eabi/4.8.0/../../../../arm-none-eabi/lib/libg_s.a(lib_a-memset.o)
 .comment       0x0000000000000000       0x12 /package/freescale/KDS_2.0.0/toolchain/bin/../lib/gcc/arm-none-eabi/4.8.0/../../../../arm-none-eabi/lib/libg_s.a(lib_a-snprintf.o)
 .comment       0x0000000000000000       0x12 /package/freescale/KDS_2.0.0/toolchain/bin/../lib/gcc/arm-none-eabi/4.8.0/../../../../arm-none-eabi/lib/libg_s.a(lib_a-svfprintf.o)
 .comment       0x0000000000000000       0x12 /package/freescale/KDS_2.0.0/toolchain/bin/../lib/gcc/arm-none-eabi/4.8.0/../../../../arm-none-eabi/lib/libg_s.a(lib_a-syscalls.o)
 .comment       0x0000000000000000       0x12 /package/freescale/KDS_2.0.0/toolchain/bin/../lib/gcc/arm-none-eabi/4.8.0/../../../../arm-none-eabi/lib/libg_s.a(lib_a-vfprintf_i.o)
 .comment       0x0000000000000000       0x12 /package/freescale/KDS_2.0.0/toolchain/bin/../lib/gcc/arm-none-eabi/4.8.0/../../../../arm-none-eabi/lib/libg_s.a(lib_a-__atexit.o)
 .comment       0x0000000000000000       0x12 /package/freescale/KDS_2.0.0/toolchain/bin/../lib/gcc/arm-none-eabi/4.8.0/../../../../arm-none-eabi/lib/libg_s.a(lib_a-__call_atexit.o)
 .comment       0x0000000000000000       0x12 /package/freescale/KDS_2.0.0/toolchain/bin/../lib/gcc/arm-none-eabi/4.8.0/../../../../arm-none-eabi/lib/libg_s.a(lib_a-errno.o)
 .comment       0x0000000000000000       0x12 /package/freescale/KDS_2.0.0/toolchain/bin/../lib/gcc/arm-none-eabi/4.8.0/../../../../arm-none-eabi/lib/libg_s.a(lib_a-freer.o)
 .comment       0x0000000000000000       0x12 /package/freescale/KDS_2.0.0/toolchain/bin/../lib/gcc/arm-none-eabi/4.8.0/../../../../arm-none-eabi/lib/libg_s.a(lib_a-malloc.o)
 .comment       0x0000000000000000       0x12 /package/freescale/KDS_2.0.0/toolchain/bin/../lib/gcc/arm-none-eabi/4.8.0/../../../../arm-none-eabi/lib/libg_s.a(lib_a-mallocr.o)
 .comment       0x0000000000000000       0x12 /package/freescale/KDS_2.0.0/toolchain/bin/../lib/gcc/arm-none-eabi/4.8.0/../../../../arm-none-eabi/lib/libg_s.a(lib_a-memchr.o)
 .comment       0x0000000000000000       0x12 /package/freescale/KDS_2.0.0/toolchain/bin/../lib/gcc/arm-none-eabi/4.8.0/../../../../arm-none-eabi/lib/libg_s.a(lib_a-reallocr.o)
 .comment       0x0000000000000000       0x12 /package/freescale/KDS_2.0.0/toolchain/bin/../lib/gcc/arm-none-eabi/4.8.0/../../../../arm-none-eabi/lib/libg_s.a(lib_a-sbrkr.o)
 .comment       0x0000000000000000       0x12 /package/freescale/KDS_2.0.0/toolchain/bin/../lib/gcc/arm-none-eabi/4.8.0/../../../../arm-none-eabi/lib/libg_s.a(lib_a-strlen.o)
 .comment       0x0000000000000000       0x12 /package/freescale/KDS_2.0.0/toolchain/bin/../lib/gcc/arm-none-eabi/4.8.0/../../../../arm-none-eabi/lib/libg_s.a(lib_a-msizer.o)
 .comment       0x0000000000000000       0x12 /package/freescale/KDS_2.0.0/toolchain/bin/../lib/gcc/arm-none-eabi/4.8.0/../../../../arm-none-eabi/lib/libg_s.a(lib_a-reent.o)
 .comment       0x0000000000000000       0x2b /package/freescale/KDS_2.0.0/toolchain/bin/../lib/gcc/arm-none-eabi/4.8.0/crtend.o

.debug_info     0x0000000000000000     0x1a0f
 .debug_info    0x0000000000000000      0xece ./Sources/main.o
 .debug_info    0x0000000000000ece      0x656 ./Sources/slcd.o
 .debug_info    0x0000000000001524       0x8f ./Project_Settings/Startup_Code/startup_MKL46Z4.o
 .debug_info    0x00000000000015b3      0x45c ./Project_Settings/Startup_Code/system_MKL46Z4.o

.debug_abbrev   0x0000000000000000      0x4f7
 .debug_abbrev  0x0000000000000000      0x251 ./Sources/main.o
 .debug_abbrev  0x0000000000000251      0x189 ./Sources/slcd.o
 .debug_abbrev  0x00000000000003da       0x14 ./Project_Settings/Startup_Code/startup_MKL46Z4.o
 .debug_abbrev  0x00000000000003ee      0x109 ./Project_Settings/Startup_Code/system_MKL46Z4.o

.debug_aranges  0x0000000000000000      0x138
 .debug_aranges
                0x0000000000000000       0xb8 ./Sources/main.o
 .debug_aranges
                0x00000000000000b8       0x38 ./Sources/slcd.o
 .debug_aranges
                0x00000000000000f0       0x20 ./Project_Settings/Startup_Code/startup_MKL46Z4.o
 .debug_aranges
                0x0000000000000110       0x28 ./Project_Settings/Startup_Code/system_MKL46Z4.o

.debug_ranges   0x0000000000000000       0xe8
 .debug_ranges  0x0000000000000000       0xa8 ./Sources/main.o
 .debug_ranges  0x00000000000000a8       0x28 ./Sources/slcd.o
 .debug_ranges  0x00000000000000d0       0x18 ./Project_Settings/Startup_Code/system_MKL46Z4.o

.debug_macro    0x0000000000000000     0x7c85
 .debug_macro   0x0000000000000000      0x2ba ./Sources/main.o
 .debug_macro   0x00000000000002ba      0x802 ./Sources/main.o
 .debug_macro   0x0000000000000abc       0x37 ./Sources/main.o
 .debug_macro   0x0000000000000af3       0x3a ./Sources/main.o
 .debug_macro   0x0000000000000b2d      0x214 ./Sources/main.o
 .debug_macro   0x0000000000000d41       0x1f ./Sources/main.o
 .debug_macro   0x0000000000000d60      0x250 ./Sources/main.o
 .debug_macro   0x0000000000000fb0     0x627b ./Sources/main.o
 .debug_macro   0x000000000000722b      0x142 ./Sources/main.o
 .debug_macro   0x000000000000736d       0x2e ./Sources/main.o
 .debug_macro   0x000000000000739b       0x2e ./Sources/main.o
 .debug_macro   0x00000000000073c9       0x95 ./Sources/main.o
 .debug_macro   0x000000000000745e       0x10 ./Sources/main.o
 .debug_macro   0x000000000000746e       0x89 ./Sources/main.o
 .debug_macro   0x00000000000074f7       0x10 ./Sources/main.o
 .debug_macro   0x0000000000007507       0x3a ./Sources/main.o
 .debug_macro   0x0000000000007541       0x52 ./Sources/main.o
 .debug_macro   0x0000000000007593       0x19 ./Sources/main.o
 .debug_macro   0x00000000000075ac      0x16d ./Sources/main.o
 .debug_macro   0x0000000000007719       0x10 ./Sources/main.o
 .debug_macro   0x0000000000007729       0xef ./Sources/main.o
 .debug_macro   0x0000000000007818       0x22 ./Sources/main.o
 .debug_macro   0x000000000000783a       0x91 ./Sources/main.o
 .debug_macro   0x00000000000078cb       0x16 ./Sources/main.o
 .debug_macro   0x00000000000078e1      0x14a ./Sources/main.o
 .debug_macro   0x0000000000007a2b       0x10 ./Sources/main.o
 .debug_macro   0x0000000000007a3b       0x35 ./Sources/main.o
 .debug_macro   0x0000000000007a70       0x1c ./Sources/main.o
 .debug_macro   0x0000000000007a8c       0x10 ./Sources/main.o
 .debug_macro   0x0000000000007a9c       0x22 ./Sources/main.o
 .debug_macro   0x0000000000007abe       0xd7 ./Sources/main.o
 .debug_macro   0x0000000000007b95       0x6b ./Sources/slcd.o
 .debug_macro   0x0000000000007c00       0x85 ./Project_Settings/Startup_Code/system_MKL46Z4.o

.debug_line     0x0000000000000000      0xbcb
 .debug_line    0x0000000000000000      0x778 ./Sources/main.o
 .debug_line    0x0000000000000778      0x1fe ./Sources/slcd.o
 .debug_line    0x0000000000000976       0x83 ./Project_Settings/Startup_Code/startup_MKL46Z4.o
 .debug_line    0x00000000000009f9      0x1d2 ./Project_Settings/Startup_Code/system_MKL46Z4.o

.debug_str      0x0000000000000000    0x23f98
 .debug_str     0x0000000000000000    0x23d65 ./Sources/main.o
                                      0x240bd (size before relaxing)
 .debug_str     0x0000000000023d65      0x130 ./Sources/slcd.o
                                      0x2097b (size before relaxing)
 .debug_str     0x0000000000023e95      0x103 ./Project_Settings/Startup_Code/system_MKL46Z4.o
                                      0x206a4 (size before relaxing)

.debug_frame    0x0000000000000000      0x360
 .debug_frame   0x0000000000000000      0x288 ./Sources/main.o
 .debug_frame   0x0000000000000288       0x8c ./Sources/slcd.o
 .debug_frame   0x0000000000000314       0x4c ./Project_Settings/Startup_Code/system_MKL46Z4.o
