Archive member included because of file (symbol)

/package/freescale/KDS_2.0.0/toolchain/bin/../lib/gcc/arm-none-eabi/4.8.0/libgcc.a(_udivsi3.o)
                              ./Project_Settings/Startup_Code/system_MKL46Z4.o (__aeabi_uidiv)
/package/freescale/KDS_2.0.0/toolchain/bin/../lib/gcc/arm-none-eabi/4.8.0/libgcc.a(_divsi3.o)
                              ./Sources/main.o (__aeabi_idiv)
/package/freescale/KDS_2.0.0/toolchain/bin/../lib/gcc/arm-none-eabi/4.8.0/libgcc.a(_dvmd_tls.o)
                              /package/freescale/KDS_2.0.0/toolchain/bin/../lib/gcc/arm-none-eabi/4.8.0/libgcc.a(_udivsi3.o) (__aeabi_idiv0)
/package/freescale/KDS_2.0.0/toolchain/bin/../lib/gcc/arm-none-eabi/4.8.0/../../../../arm-none-eabi/lib/libg_s.a(lib_a-atexit.o)
                              /package/freescale/KDS_2.0.0/toolchain/bin/../lib/gcc/arm-none-eabi/4.8.0/../../../../arm-none-eabi/lib/crt0.o (atexit)
/package/freescale/KDS_2.0.0/toolchain/bin/../lib/gcc/arm-none-eabi/4.8.0/../../../../arm-none-eabi/lib/libg_s.a(lib_a-exit.o)
                              /package/freescale/KDS_2.0.0/toolchain/bin/../lib/gcc/arm-none-eabi/4.8.0/../../../../arm-none-eabi/lib/crt0.o (exit)
/package/freescale/KDS_2.0.0/toolchain/bin/../lib/gcc/arm-none-eabi/4.8.0/../../../../arm-none-eabi/lib/libg_s.a(lib_a-fini.o)
                              /package/freescale/KDS_2.0.0/toolchain/bin/../lib/gcc/arm-none-eabi/4.8.0/../../../../arm-none-eabi/lib/libg_s.a(lib_a-exit.o) (__libc_fini_array)
/package/freescale/KDS_2.0.0/toolchain/bin/../lib/gcc/arm-none-eabi/4.8.0/../../../../arm-none-eabi/lib/libg_s.a(lib_a-impure.o)
                              /package/freescale/KDS_2.0.0/toolchain/bin/../lib/gcc/arm-none-eabi/4.8.0/../../../../arm-none-eabi/lib/libg_s.a(lib_a-exit.o) (_global_impure_ptr)
/package/freescale/KDS_2.0.0/toolchain/bin/../lib/gcc/arm-none-eabi/4.8.0/../../../../arm-none-eabi/lib/libg_s.a(lib_a-memset.o)
                              /package/freescale/KDS_2.0.0/toolchain/bin/../lib/gcc/arm-none-eabi/4.8.0/../../../../arm-none-eabi/lib/crt0.o (memset)
/package/freescale/KDS_2.0.0/toolchain/bin/../lib/gcc/arm-none-eabi/4.8.0/../../../../arm-none-eabi/lib/libg_s.a(lib_a-syscalls.o)
                              /package/freescale/KDS_2.0.0/toolchain/bin/../lib/gcc/arm-none-eabi/4.8.0/../../../../arm-none-eabi/lib/libg_s.a(lib_a-exit.o) (_exit)
/package/freescale/KDS_2.0.0/toolchain/bin/../lib/gcc/arm-none-eabi/4.8.0/../../../../arm-none-eabi/lib/libg_s.a(lib_a-__atexit.o)
                              /package/freescale/KDS_2.0.0/toolchain/bin/../lib/gcc/arm-none-eabi/4.8.0/../../../../arm-none-eabi/lib/libg_s.a(lib_a-atexit.o) (__do_register_exitproc)
/package/freescale/KDS_2.0.0/toolchain/bin/../lib/gcc/arm-none-eabi/4.8.0/../../../../arm-none-eabi/lib/libg_s.a(lib_a-__call_atexit.o)
                              /package/freescale/KDS_2.0.0/toolchain/bin/../lib/gcc/arm-none-eabi/4.8.0/../../../../arm-none-eabi/lib/libg_s.a(lib_a-__atexit.o) (__call_exitprocs)
/package/freescale/KDS_2.0.0/toolchain/bin/../lib/gcc/arm-none-eabi/4.8.0/../../../../arm-none-eabi/lib/libg_s.a(lib_a-errno.o)
                              /package/freescale/KDS_2.0.0/toolchain/bin/../lib/gcc/arm-none-eabi/4.8.0/../../../../arm-none-eabi/lib/libg_s.a(lib_a-syscalls.o) (__errno)
/package/freescale/KDS_2.0.0/toolchain/bin/../lib/gcc/arm-none-eabi/4.8.0/../../../../arm-none-eabi/lib/libg_s.a(lib_a-malloc.o)
                              /package/freescale/KDS_2.0.0/toolchain/bin/../lib/gcc/arm-none-eabi/4.8.0/../../../../arm-none-eabi/lib/libg_s.a(lib_a-__atexit.o) (malloc)
/package/freescale/KDS_2.0.0/toolchain/bin/../lib/gcc/arm-none-eabi/4.8.0/../../../../arm-none-eabi/lib/libg_s.a(lib_a-mallocr.o)
                              /package/freescale/KDS_2.0.0/toolchain/bin/../lib/gcc/arm-none-eabi/4.8.0/../../../../arm-none-eabi/lib/libg_s.a(lib_a-malloc.o) (_malloc_r)
/package/freescale/KDS_2.0.0/toolchain/bin/../lib/gcc/arm-none-eabi/4.8.0/../../../../arm-none-eabi/lib/libg_s.a(lib_a-sbrkr.o)
                              /package/freescale/KDS_2.0.0/toolchain/bin/../lib/gcc/arm-none-eabi/4.8.0/../../../../arm-none-eabi/lib/libg_s.a(lib_a-mallocr.o) (_sbrk_r)
/package/freescale/KDS_2.0.0/toolchain/bin/../lib/gcc/arm-none-eabi/4.8.0/../../../../arm-none-eabi/lib/libg_s.a(lib_a-strlen.o)
                              /package/freescale/KDS_2.0.0/toolchain/bin/../lib/gcc/arm-none-eabi/4.8.0/../../../../arm-none-eabi/lib/libg_s.a(lib_a-syscalls.o) (strlen)
/package/freescale/KDS_2.0.0/toolchain/bin/../lib/gcc/arm-none-eabi/4.8.0/../../../../arm-none-eabi/lib/libg_s.a(lib_a-freer.o)
                              /package/freescale/KDS_2.0.0/toolchain/bin/../lib/gcc/arm-none-eabi/4.8.0/../../../../arm-none-eabi/lib/libg_s.a(lib_a-malloc.o) (_free_r)
/package/freescale/KDS_2.0.0/toolchain/bin/../lib/gcc/arm-none-eabi/4.8.0/../../../../arm-none-eabi/lib/libg_s.a(lib_a-reent.o)
                              /package/freescale/KDS_2.0.0/toolchain/bin/../lib/gcc/arm-none-eabi/4.8.0/../../../../arm-none-eabi/lib/libg_s.a(lib_a-sbrkr.o) (errno)

Allocating common symbols
Common symbol       size              file

bLCD_CharPosition   0x1               ./Sources/slcd.o
errno               0x4               /package/freescale/KDS_2.0.0/toolchain/bin/../lib/gcc/arm-none-eabi/4.8.0/../../../../arm-none-eabi/lib/libg_s.a(lib_a-reent.o)
prescalar_factor    0x4               ./Sources/main.o
resolution          0x4               ./Sources/main.o
prescalar           0x4               ./Sources/main.o
new_clock_frequency
                    0x4               ./Sources/main.o
reset_count         0x4               ./Sources/main.o
DATA_READ           0x18              ./Sources/main.o
original_clock_frequency
                    0x4               ./Sources/main.o
timer_overflow_count
                    0x4               ./Sources/main.o

Discarded input sections

 .text          0x0000000000000000        0x0 /package/freescale/KDS_2.0.0/toolchain/bin/../lib/gcc/arm-none-eabi/4.8.0/crti.o
 .data          0x0000000000000000        0x0 /package/freescale/KDS_2.0.0/toolchain/bin/../lib/gcc/arm-none-eabi/4.8.0/crti.o
 .bss           0x0000000000000000        0x0 /package/freescale/KDS_2.0.0/toolchain/bin/../lib/gcc/arm-none-eabi/4.8.0/crti.o
 .text          0x0000000000000000        0x0 /package/freescale/KDS_2.0.0/toolchain/bin/../lib/gcc/arm-none-eabi/4.8.0/crtbegin.o
 .data          0x0000000000000000        0x0 /package/freescale/KDS_2.0.0/toolchain/bin/../lib/gcc/arm-none-eabi/4.8.0/crtbegin.o
 .bss           0x0000000000000000        0x0 /package/freescale/KDS_2.0.0/toolchain/bin/../lib/gcc/arm-none-eabi/4.8.0/crtbegin.o
 .data.__dso_handle
                0x0000000000000000        0x4 /package/freescale/KDS_2.0.0/toolchain/bin/../lib/gcc/arm-none-eabi/4.8.0/crtbegin.o
 .data          0x0000000000000000        0x0 /package/freescale/KDS_2.0.0/toolchain/bin/../lib/gcc/arm-none-eabi/4.8.0/../../../../arm-none-eabi/lib/crt0.o
 .bss           0x0000000000000000        0x0 /package/freescale/KDS_2.0.0/toolchain/bin/../lib/gcc/arm-none-eabi/4.8.0/../../../../arm-none-eabi/lib/crt0.o
 .group         0x0000000000000000        0x8 ./Sources/main.o
 .group         0x0000000000000000        0x8 ./Sources/main.o
 .group         0x0000000000000000        0x8 ./Sources/main.o
 .group         0x0000000000000000        0x8 ./Sources/main.o
 .group         0x0000000000000000        0x8 ./Sources/main.o
 .group         0x0000000000000000        0x8 ./Sources/main.o
 .group         0x0000000000000000        0x8 ./Sources/main.o
 .group         0x0000000000000000        0x8 ./Sources/main.o
 .group         0x0000000000000000        0x8 ./Sources/main.o
 .group         0x0000000000000000        0x8 ./Sources/main.o
 .group         0x0000000000000000        0x8 ./Sources/main.o
 .group         0x0000000000000000        0x8 ./Sources/main.o
 .group         0x0000000000000000        0x8 ./Sources/main.o
 .group         0x0000000000000000        0x8 ./Sources/main.o
 .group         0x0000000000000000        0x8 ./Sources/main.o
 .group         0x0000000000000000        0x8 ./Sources/main.o
 .group         0x0000000000000000        0x8 ./Sources/main.o
 .group         0x0000000000000000        0x8 ./Sources/main.o
 .group         0x0000000000000000        0x8 ./Sources/main.o
 .group         0x0000000000000000        0x8 ./Sources/main.o
 .group         0x0000000000000000        0x8 ./Sources/main.o
 .group         0x0000000000000000        0x8 ./Sources/main.o
 .group         0x0000000000000000        0x8 ./Sources/main.o
 .group         0x0000000000000000        0x8 ./Sources/main.o
 .group         0x0000000000000000        0x8 ./Sources/main.o
 .group         0x0000000000000000        0x8 ./Sources/main.o
 .group         0x0000000000000000        0x8 ./Sources/main.o
 .group         0x0000000000000000        0x8 ./Sources/main.o
 .group         0x0000000000000000        0x8 ./Sources/main.o
 .text          0x0000000000000000        0x0 ./Sources/main.o
 .data          0x0000000000000000        0x0 ./Sources/main.o
 .bss           0x0000000000000000        0x0 ./Sources/main.o
 .bss.ucSecond  0x0000000000000000        0x1 ./Sources/main.o
 .bss.ucMinute  0x0000000000000000        0x1 ./Sources/main.o
 .bss.usTimeElapsed
                0x0000000000000000        0x2 ./Sources/main.o
 .bss.ucaryLCDMsg
                0x0000000000000000        0x8 ./Sources/main.o
 .text.I2C_MultipleByteWrite
                0x0000000000000000      0x110 ./Sources/main.o
 .group         0x0000000000000000        0x8 ./Sources/slcd.o
 .group         0x0000000000000000        0x8 ./Sources/slcd.o
 .group         0x0000000000000000        0x8 ./Sources/slcd.o
 .group         0x0000000000000000        0x8 ./Sources/slcd.o
 .group         0x0000000000000000        0x8 ./Sources/slcd.o
 .group         0x0000000000000000        0x8 ./Sources/slcd.o
 .group         0x0000000000000000        0x8 ./Sources/slcd.o
 .group         0x0000000000000000        0x8 ./Sources/slcd.o
 .text          0x0000000000000000        0x0 ./Sources/slcd.o
 .data          0x0000000000000000        0x0 ./Sources/slcd.o
 .bss           0x0000000000000000        0x0 ./Sources/slcd.o
 .debug_macro   0x0000000000000000      0x802 ./Sources/slcd.o
 .debug_macro   0x0000000000000000       0x37 ./Sources/slcd.o
 .debug_macro   0x0000000000000000       0x3a ./Sources/slcd.o
 .debug_macro   0x0000000000000000      0x214 ./Sources/slcd.o
 .debug_macro   0x0000000000000000       0x1f ./Sources/slcd.o
 .debug_macro   0x0000000000000000      0x250 ./Sources/slcd.o
 .debug_macro   0x0000000000000000     0x627b ./Sources/slcd.o
 .debug_macro   0x0000000000000000      0x142 ./Sources/slcd.o
 .data          0x0000000000000000        0x0 ./Project_Settings/Startup_Code/startup_MKL46Z4.o
 .bss           0x0000000000000000        0x0 ./Project_Settings/Startup_Code/startup_MKL46Z4.o
 .group         0x0000000000000000        0x8 ./Project_Settings/Startup_Code/system_MKL46Z4.o
 .group         0x0000000000000000        0x8 ./Project_Settings/Startup_Code/system_MKL46Z4.o
 .group         0x0000000000000000        0x8 ./Project_Settings/Startup_Code/system_MKL46Z4.o
 .group         0x0000000000000000        0x8 ./Project_Settings/Startup_Code/system_MKL46Z4.o
 .group         0x0000000000000000        0x8 ./Project_Settings/Startup_Code/system_MKL46Z4.o
 .group         0x0000000000000000        0x8 ./Project_Settings/Startup_Code/system_MKL46Z4.o
 .group         0x0000000000000000        0x8 ./Project_Settings/Startup_Code/system_MKL46Z4.o
 .text          0x0000000000000000        0x0 ./Project_Settings/Startup_Code/system_MKL46Z4.o
 .data          0x0000000000000000        0x0 ./Project_Settings/Startup_Code/system_MKL46Z4.o
 .bss           0x0000000000000000        0x0 ./Project_Settings/Startup_Code/system_MKL46Z4.o
 .data.SystemCoreClock
                0x0000000000000000        0x4 ./Project_Settings/Startup_Code/system_MKL46Z4.o
 .text.SystemCoreClockUpdate
                0x0000000000000000      0x1f0 ./Project_Settings/Startup_Code/system_MKL46Z4.o
 .debug_macro   0x0000000000000000      0x802 ./Project_Settings/Startup_Code/system_MKL46Z4.o
 .debug_macro   0x0000000000000000      0x214 ./Project_Settings/Startup_Code/system_MKL46Z4.o
 .debug_macro   0x0000000000000000       0x37 ./Project_Settings/Startup_Code/system_MKL46Z4.o
 .debug_macro   0x0000000000000000       0x3a ./Project_Settings/Startup_Code/system_MKL46Z4.o
 .debug_macro   0x0000000000000000       0x1f ./Project_Settings/Startup_Code/system_MKL46Z4.o
 .debug_macro   0x0000000000000000      0x250 ./Project_Settings/Startup_Code/system_MKL46Z4.o
 .debug_macro   0x0000000000000000     0x627b ./Project_Settings/Startup_Code/system_MKL46Z4.o
 .text          0x0000000000000000       0x9c /package/freescale/KDS_2.0.0/toolchain/bin/../lib/gcc/arm-none-eabi/4.8.0/libgcc.a(_udivsi3.o)
 .data          0x0000000000000000        0x0 /package/freescale/KDS_2.0.0/toolchain/bin/../lib/gcc/arm-none-eabi/4.8.0/libgcc.a(_udivsi3.o)
 .bss           0x0000000000000000        0x0 /package/freescale/KDS_2.0.0/toolchain/bin/../lib/gcc/arm-none-eabi/4.8.0/libgcc.a(_udivsi3.o)
 .ARM.attributes
                0x0000000000000000       0x23 /package/freescale/KDS_2.0.0/toolchain/bin/../lib/gcc/arm-none-eabi/4.8.0/libgcc.a(_udivsi3.o)
 .data          0x0000000000000000        0x0 /package/freescale/KDS_2.0.0/toolchain/bin/../lib/gcc/arm-none-eabi/4.8.0/libgcc.a(_divsi3.o)
 .bss           0x0000000000000000        0x0 /package/freescale/KDS_2.0.0/toolchain/bin/../lib/gcc/arm-none-eabi/4.8.0/libgcc.a(_divsi3.o)
 .data          0x0000000000000000        0x0 /package/freescale/KDS_2.0.0/toolchain/bin/../lib/gcc/arm-none-eabi/4.8.0/libgcc.a(_dvmd_tls.o)
 .bss           0x0000000000000000        0x0 /package/freescale/KDS_2.0.0/toolchain/bin/../lib/gcc/arm-none-eabi/4.8.0/libgcc.a(_dvmd_tls.o)
 .text          0x0000000000000000        0x0 /package/freescale/KDS_2.0.0/toolchain/bin/../lib/gcc/arm-none-eabi/4.8.0/../../../../arm-none-eabi/lib/libg_s.a(lib_a-atexit.o)
 .data          0x0000000000000000        0x0 /package/freescale/KDS_2.0.0/toolchain/bin/../lib/gcc/arm-none-eabi/4.8.0/../../../../arm-none-eabi/lib/libg_s.a(lib_a-atexit.o)
 .bss           0x0000000000000000        0x0 /package/freescale/KDS_2.0.0/toolchain/bin/../lib/gcc/arm-none-eabi/4.8.0/../../../../arm-none-eabi/lib/libg_s.a(lib_a-atexit.o)
 .text          0x0000000000000000        0x0 /package/freescale/KDS_2.0.0/toolchain/bin/../lib/gcc/arm-none-eabi/4.8.0/../../../../arm-none-eabi/lib/libg_s.a(lib_a-exit.o)
 .data          0x0000000000000000        0x0 /package/freescale/KDS_2.0.0/toolchain/bin/../lib/gcc/arm-none-eabi/4.8.0/../../../../arm-none-eabi/lib/libg_s.a(lib_a-exit.o)
 .bss           0x0000000000000000        0x0 /package/freescale/KDS_2.0.0/toolchain/bin/../lib/gcc/arm-none-eabi/4.8.0/../../../../arm-none-eabi/lib/libg_s.a(lib_a-exit.o)
 .text          0x0000000000000000        0x0 /package/freescale/KDS_2.0.0/toolchain/bin/../lib/gcc/arm-none-eabi/4.8.0/../../../../arm-none-eabi/lib/libg_s.a(lib_a-fini.o)
 .data          0x0000000000000000        0x0 /package/freescale/KDS_2.0.0/toolchain/bin/../lib/gcc/arm-none-eabi/4.8.0/../../../../arm-none-eabi/lib/libg_s.a(lib_a-fini.o)
 .bss           0x0000000000000000        0x0 /package/freescale/KDS_2.0.0/toolchain/bin/../lib/gcc/arm-none-eabi/4.8.0/../../../../arm-none-eabi/lib/libg_s.a(lib_a-fini.o)
 .text          0x0000000000000000        0x0 /package/freescale/KDS_2.0.0/toolchain/bin/../lib/gcc/arm-none-eabi/4.8.0/../../../../arm-none-eabi/lib/libg_s.a(lib_a-impure.o)
 .data          0x0000000000000000        0x0 /package/freescale/KDS_2.0.0/toolchain/bin/../lib/gcc/arm-none-eabi/4.8.0/../../../../arm-none-eabi/lib/libg_s.a(lib_a-impure.o)
 .bss           0x0000000000000000        0x0 /package/freescale/KDS_2.0.0/toolchain/bin/../lib/gcc/arm-none-eabi/4.8.0/../../../../arm-none-eabi/lib/libg_s.a(lib_a-impure.o)
 .text          0x0000000000000000        0x0 /package/freescale/KDS_2.0.0/toolchain/bin/../lib/gcc/arm-none-eabi/4.8.0/../../../../arm-none-eabi/lib/libg_s.a(lib_a-memset.o)
 .data          0x0000000000000000        0x0 /package/freescale/KDS_2.0.0/toolchain/bin/../lib/gcc/arm-none-eabi/4.8.0/../../../../arm-none-eabi/lib/libg_s.a(lib_a-memset.o)
 .bss           0x0000000000000000        0x0 /package/freescale/KDS_2.0.0/toolchain/bin/../lib/gcc/arm-none-eabi/4.8.0/../../../../arm-none-eabi/lib/libg_s.a(lib_a-memset.o)
 .text          0x0000000000000000        0x0 /package/freescale/KDS_2.0.0/toolchain/bin/../lib/gcc/arm-none-eabi/4.8.0/../../../../arm-none-eabi/lib/libg_s.a(lib_a-syscalls.o)
 .data          0x0000000000000000        0x0 /package/freescale/KDS_2.0.0/toolchain/bin/../lib/gcc/arm-none-eabi/4.8.0/../../../../arm-none-eabi/lib/libg_s.a(lib_a-syscalls.o)
 .bss           0x0000000000000000        0x0 /package/freescale/KDS_2.0.0/toolchain/bin/../lib/gcc/arm-none-eabi/4.8.0/../../../../arm-none-eabi/lib/libg_s.a(lib_a-syscalls.o)
 .text.invalid_fd
                0x0000000000000000       0x1c /package/freescale/KDS_2.0.0/toolchain/bin/../lib/gcc/arm-none-eabi/4.8.0/../../../../arm-none-eabi/lib/libg_s.a(lib_a-syscalls.o)
 .text.error    0x0000000000000000       0x1c /package/freescale/KDS_2.0.0/toolchain/bin/../lib/gcc/arm-none-eabi/4.8.0/../../../../arm-none-eabi/lib/libg_s.a(lib_a-syscalls.o)
 .text.findslot.part.0
                0x0000000000000000       0x1c /package/freescale/KDS_2.0.0/toolchain/bin/../lib/gcc/arm-none-eabi/4.8.0/../../../../arm-none-eabi/lib/libg_s.a(lib_a-syscalls.o)
 .text.initialise_monitor_handles
                0x0000000000000000       0x78 /package/freescale/KDS_2.0.0/toolchain/bin/../lib/gcc/arm-none-eabi/4.8.0/../../../../arm-none-eabi/lib/libg_s.a(lib_a-syscalls.o)
 .text._swiread
                0x0000000000000000       0x26 /package/freescale/KDS_2.0.0/toolchain/bin/../lib/gcc/arm-none-eabi/4.8.0/../../../../arm-none-eabi/lib/libg_s.a(lib_a-syscalls.o)
 .text._read    0x0000000000000000       0x64 /package/freescale/KDS_2.0.0/toolchain/bin/../lib/gcc/arm-none-eabi/4.8.0/../../../../arm-none-eabi/lib/libg_s.a(lib_a-syscalls.o)
 .text._swilseek
                0x0000000000000000       0xa4 /package/freescale/KDS_2.0.0/toolchain/bin/../lib/gcc/arm-none-eabi/4.8.0/../../../../arm-none-eabi/lib/libg_s.a(lib_a-syscalls.o)
 .text._lseek   0x0000000000000000       0x10 /package/freescale/KDS_2.0.0/toolchain/bin/../lib/gcc/arm-none-eabi/4.8.0/../../../../arm-none-eabi/lib/libg_s.a(lib_a-syscalls.o)
 .text._swiwrite
                0x0000000000000000       0x26 /package/freescale/KDS_2.0.0/toolchain/bin/../lib/gcc/arm-none-eabi/4.8.0/../../../../arm-none-eabi/lib/libg_s.a(lib_a-syscalls.o)
 .text._write   0x0000000000000000       0x68 /package/freescale/KDS_2.0.0/toolchain/bin/../lib/gcc/arm-none-eabi/4.8.0/../../../../arm-none-eabi/lib/libg_s.a(lib_a-syscalls.o)
 .text._swiopen
                0x0000000000000000       0x84 /package/freescale/KDS_2.0.0/toolchain/bin/../lib/gcc/arm-none-eabi/4.8.0/../../../../arm-none-eabi/lib/libg_s.a(lib_a-syscalls.o)
 .text._open    0x0000000000000000       0x18 /package/freescale/KDS_2.0.0/toolchain/bin/../lib/gcc/arm-none-eabi/4.8.0/../../../../arm-none-eabi/lib/libg_s.a(lib_a-syscalls.o)
 .text._swiclose
                0x0000000000000000       0x40 /package/freescale/KDS_2.0.0/toolchain/bin/../lib/gcc/arm-none-eabi/4.8.0/../../../../arm-none-eabi/lib/libg_s.a(lib_a-syscalls.o)
 .text._close   0x0000000000000000       0x10 /package/freescale/KDS_2.0.0/toolchain/bin/../lib/gcc/arm-none-eabi/4.8.0/../../../../arm-none-eabi/lib/libg_s.a(lib_a-syscalls.o)
 .text._getpid  0x0000000000000000        0x4 /package/freescale/KDS_2.0.0/toolchain/bin/../lib/gcc/arm-none-eabi/4.8.0/../../../../arm-none-eabi/lib/libg_s.a(lib_a-syscalls.o)
 .text._fstat   0x0000000000000000       0x1e /package/freescale/KDS_2.0.0/toolchain/bin/../lib/gcc/arm-none-eabi/4.8.0/../../../../arm-none-eabi/lib/libg_s.a(lib_a-syscalls.o)
 .text._stat    0x0000000000000000       0x34 /package/freescale/KDS_2.0.0/toolchain/bin/../lib/gcc/arm-none-eabi/4.8.0/../../../../arm-none-eabi/lib/libg_s.a(lib_a-syscalls.o)
 .text._link    0x0000000000000000        0x6 /package/freescale/KDS_2.0.0/toolchain/bin/../lib/gcc/arm-none-eabi/4.8.0/../../../../arm-none-eabi/lib/libg_s.a(lib_a-syscalls.o)
 .text._unlink  0x0000000000000000       0x2a /package/freescale/KDS_2.0.0/toolchain/bin/../lib/gcc/arm-none-eabi/4.8.0/../../../../arm-none-eabi/lib/libg_s.a(lib_a-syscalls.o)
 .text._raise   0x0000000000000000        0x2 /package/freescale/KDS_2.0.0/toolchain/bin/../lib/gcc/arm-none-eabi/4.8.0/../../../../arm-none-eabi/lib/libg_s.a(lib_a-syscalls.o)
 .text._gettimeofday
                0x0000000000000000       0x2a /package/freescale/KDS_2.0.0/toolchain/bin/../lib/gcc/arm-none-eabi/4.8.0/../../../../arm-none-eabi/lib/libg_s.a(lib_a-syscalls.o)
 .text._times   0x0000000000000000       0x22 /package/freescale/KDS_2.0.0/toolchain/bin/../lib/gcc/arm-none-eabi/4.8.0/../../../../arm-none-eabi/lib/libg_s.a(lib_a-syscalls.o)
 .text._isatty  0x0000000000000000       0x44 /package/freescale/KDS_2.0.0/toolchain/bin/../lib/gcc/arm-none-eabi/4.8.0/../../../../arm-none-eabi/lib/libg_s.a(lib_a-syscalls.o)
 .text._system  0x0000000000000000       0x42 /package/freescale/KDS_2.0.0/toolchain/bin/../lib/gcc/arm-none-eabi/4.8.0/../../../../arm-none-eabi/lib/libg_s.a(lib_a-syscalls.o)
 .text._rename  0x0000000000000000       0x3a /package/freescale/KDS_2.0.0/toolchain/bin/../lib/gcc/arm-none-eabi/4.8.0/../../../../arm-none-eabi/lib/libg_s.a(lib_a-syscalls.o)
 .bss.monitor_stdout
                0x0000000000000000        0x4 /package/freescale/KDS_2.0.0/toolchain/bin/../lib/gcc/arm-none-eabi/4.8.0/../../../../arm-none-eabi/lib/libg_s.a(lib_a-syscalls.o)
 .bss.monitor_stdin
                0x0000000000000000        0x4 /package/freescale/KDS_2.0.0/toolchain/bin/../lib/gcc/arm-none-eabi/4.8.0/../../../../arm-none-eabi/lib/libg_s.a(lib_a-syscalls.o)
 .rodata.str1.1
                0x0000000000000000        0x4 /package/freescale/KDS_2.0.0/toolchain/bin/../lib/gcc/arm-none-eabi/4.8.0/../../../../arm-none-eabi/lib/libg_s.a(lib_a-syscalls.o)
 .bss.monitor_stderr
                0x0000000000000000        0x4 /package/freescale/KDS_2.0.0/toolchain/bin/../lib/gcc/arm-none-eabi/4.8.0/../../../../arm-none-eabi/lib/libg_s.a(lib_a-syscalls.o)
 .bss.openfiles
                0x0000000000000000       0xa0 /package/freescale/KDS_2.0.0/toolchain/bin/../lib/gcc/arm-none-eabi/4.8.0/../../../../arm-none-eabi/lib/libg_s.a(lib_a-syscalls.o)
 .text          0x0000000000000000        0x0 /package/freescale/KDS_2.0.0/toolchain/bin/../lib/gcc/arm-none-eabi/4.8.0/../../../../arm-none-eabi/lib/libg_s.a(lib_a-__atexit.o)
 .data          0x0000000000000000        0x0 /package/freescale/KDS_2.0.0/toolchain/bin/../lib/gcc/arm-none-eabi/4.8.0/../../../../arm-none-eabi/lib/libg_s.a(lib_a-__atexit.o)
 .bss           0x0000000000000000        0x0 /package/freescale/KDS_2.0.0/toolchain/bin/../lib/gcc/arm-none-eabi/4.8.0/../../../../arm-none-eabi/lib/libg_s.a(lib_a-__atexit.o)
 .data.__atexit_dummy
                0x0000000000000000        0x4 /package/freescale/KDS_2.0.0/toolchain/bin/../lib/gcc/arm-none-eabi/4.8.0/../../../../arm-none-eabi/lib/libg_s.a(lib_a-__atexit.o)
 .text          0x0000000000000000        0x0 /package/freescale/KDS_2.0.0/toolchain/bin/../lib/gcc/arm-none-eabi/4.8.0/../../../../arm-none-eabi/lib/libg_s.a(lib_a-__call_atexit.o)
 .data          0x0000000000000000        0x0 /package/freescale/KDS_2.0.0/toolchain/bin/../lib/gcc/arm-none-eabi/4.8.0/../../../../arm-none-eabi/lib/libg_s.a(lib_a-__call_atexit.o)
 .bss           0x0000000000000000        0x0 /package/freescale/KDS_2.0.0/toolchain/bin/../lib/gcc/arm-none-eabi/4.8.0/../../../../arm-none-eabi/lib/libg_s.a(lib_a-__call_atexit.o)
 .text          0x0000000000000000        0x0 /package/freescale/KDS_2.0.0/toolchain/bin/../lib/gcc/arm-none-eabi/4.8.0/../../../../arm-none-eabi/lib/libg_s.a(lib_a-errno.o)
 .data          0x0000000000000000        0x0 /package/freescale/KDS_2.0.0/toolchain/bin/../lib/gcc/arm-none-eabi/4.8.0/../../../../arm-none-eabi/lib/libg_s.a(lib_a-errno.o)
 .bss           0x0000000000000000        0x0 /package/freescale/KDS_2.0.0/toolchain/bin/../lib/gcc/arm-none-eabi/4.8.0/../../../../arm-none-eabi/lib/libg_s.a(lib_a-errno.o)
 .text          0x0000000000000000        0x0 /package/freescale/KDS_2.0.0/toolchain/bin/../lib/gcc/arm-none-eabi/4.8.0/../../../../arm-none-eabi/lib/libg_s.a(lib_a-malloc.o)
 .data          0x0000000000000000        0x0 /package/freescale/KDS_2.0.0/toolchain/bin/../lib/gcc/arm-none-eabi/4.8.0/../../../../arm-none-eabi/lib/libg_s.a(lib_a-malloc.o)
 .bss           0x0000000000000000        0x0 /package/freescale/KDS_2.0.0/toolchain/bin/../lib/gcc/arm-none-eabi/4.8.0/../../../../arm-none-eabi/lib/libg_s.a(lib_a-malloc.o)
 .text          0x0000000000000000        0x0 /package/freescale/KDS_2.0.0/toolchain/bin/../lib/gcc/arm-none-eabi/4.8.0/../../../../arm-none-eabi/lib/libg_s.a(lib_a-mallocr.o)
 .data          0x0000000000000000        0x0 /package/freescale/KDS_2.0.0/toolchain/bin/../lib/gcc/arm-none-eabi/4.8.0/../../../../arm-none-eabi/lib/libg_s.a(lib_a-mallocr.o)
 .bss           0x0000000000000000        0x0 /package/freescale/KDS_2.0.0/toolchain/bin/../lib/gcc/arm-none-eabi/4.8.0/../../../../arm-none-eabi/lib/libg_s.a(lib_a-mallocr.o)
 .text          0x0000000000000000        0x0 /package/freescale/KDS_2.0.0/toolchain/bin/../lib/gcc/arm-none-eabi/4.8.0/../../../../arm-none-eabi/lib/libg_s.a(lib_a-sbrkr.o)
 .data          0x0000000000000000        0x0 /package/freescale/KDS_2.0.0/toolchain/bin/../lib/gcc/arm-none-eabi/4.8.0/../../../../arm-none-eabi/lib/libg_s.a(lib_a-sbrkr.o)
 .bss           0x0000000000000000        0x0 /package/freescale/KDS_2.0.0/toolchain/bin/../lib/gcc/arm-none-eabi/4.8.0/../../../../arm-none-eabi/lib/libg_s.a(lib_a-sbrkr.o)
 .text          0x0000000000000000        0x0 /package/freescale/KDS_2.0.0/toolchain/bin/../lib/gcc/arm-none-eabi/4.8.0/../../../../arm-none-eabi/lib/libg_s.a(lib_a-strlen.o)
 .data          0x0000000000000000        0x0 /package/freescale/KDS_2.0.0/toolchain/bin/../lib/gcc/arm-none-eabi/4.8.0/../../../../arm-none-eabi/lib/libg_s.a(lib_a-strlen.o)
 .bss           0x0000000000000000        0x0 /package/freescale/KDS_2.0.0/toolchain/bin/../lib/gcc/arm-none-eabi/4.8.0/../../../../arm-none-eabi/lib/libg_s.a(lib_a-strlen.o)
 .text.strlen   0x0000000000000000        0xe /package/freescale/KDS_2.0.0/toolchain/bin/../lib/gcc/arm-none-eabi/4.8.0/../../../../arm-none-eabi/lib/libg_s.a(lib_a-strlen.o)
 .comment       0x0000000000000000       0x12 /package/freescale/KDS_2.0.0/toolchain/bin/../lib/gcc/arm-none-eabi/4.8.0/../../../../arm-none-eabi/lib/libg_s.a(lib_a-strlen.o)
 .ARM.attributes
                0x0000000000000000       0x31 /package/freescale/KDS_2.0.0/toolchain/bin/../lib/gcc/arm-none-eabi/4.8.0/../../../../arm-none-eabi/lib/libg_s.a(lib_a-strlen.o)
 .text          0x0000000000000000        0x0 /package/freescale/KDS_2.0.0/toolchain/bin/../lib/gcc/arm-none-eabi/4.8.0/../../../../arm-none-eabi/lib/libg_s.a(lib_a-freer.o)
 .data          0x0000000000000000        0x0 /package/freescale/KDS_2.0.0/toolchain/bin/../lib/gcc/arm-none-eabi/4.8.0/../../../../arm-none-eabi/lib/libg_s.a(lib_a-freer.o)
 .bss           0x0000000000000000        0x0 /package/freescale/KDS_2.0.0/toolchain/bin/../lib/gcc/arm-none-eabi/4.8.0/../../../../arm-none-eabi/lib/libg_s.a(lib_a-freer.o)
 .text          0x0000000000000000        0x0 /package/freescale/KDS_2.0.0/toolchain/bin/../lib/gcc/arm-none-eabi/4.8.0/../../../../arm-none-eabi/lib/libg_s.a(lib_a-reent.o)
 .data          0x0000000000000000        0x0 /package/freescale/KDS_2.0.0/toolchain/bin/../lib/gcc/arm-none-eabi/4.8.0/../../../../arm-none-eabi/lib/libg_s.a(lib_a-reent.o)
 .bss           0x0000000000000000        0x0 /package/freescale/KDS_2.0.0/toolchain/bin/../lib/gcc/arm-none-eabi/4.8.0/../../../../arm-none-eabi/lib/libg_s.a(lib_a-reent.o)
 .text.cleanup_glue
                0x0000000000000000       0x1a /package/freescale/KDS_2.0.0/toolchain/bin/../lib/gcc/arm-none-eabi/4.8.0/../../../../arm-none-eabi/lib/libg_s.a(lib_a-reent.o)
 .text._reclaim_reent
                0x0000000000000000       0x7c /package/freescale/KDS_2.0.0/toolchain/bin/../lib/gcc/arm-none-eabi/4.8.0/../../../../arm-none-eabi/lib/libg_s.a(lib_a-reent.o)
 .text._wrapup_reent
                0x0000000000000000       0x38 /package/freescale/KDS_2.0.0/toolchain/bin/../lib/gcc/arm-none-eabi/4.8.0/../../../../arm-none-eabi/lib/libg_s.a(lib_a-reent.o)
 .text          0x0000000000000000        0x0 /package/freescale/KDS_2.0.0/toolchain/bin/../lib/gcc/arm-none-eabi/4.8.0/crtend.o
 .data          0x0000000000000000        0x0 /package/freescale/KDS_2.0.0/toolchain/bin/../lib/gcc/arm-none-eabi/4.8.0/crtend.o
 .bss           0x0000000000000000        0x0 /package/freescale/KDS_2.0.0/toolchain/bin/../lib/gcc/arm-none-eabi/4.8.0/crtend.o
 .eh_frame      0x0000000000000000        0x4 /package/freescale/KDS_2.0.0/toolchain/bin/../lib/gcc/arm-none-eabi/4.8.0/crtend.o
 .text          0x0000000000000000        0x0 /package/freescale/KDS_2.0.0/toolchain/bin/../lib/gcc/arm-none-eabi/4.8.0/crtn.o
 .data          0x0000000000000000        0x0 /package/freescale/KDS_2.0.0/toolchain/bin/../lib/gcc/arm-none-eabi/4.8.0/crtn.o
 .bss           0x0000000000000000        0x0 /package/freescale/KDS_2.0.0/toolchain/bin/../lib/gcc/arm-none-eabi/4.8.0/crtn.o

Memory Configuration

Name             Origin             Length             Attributes
m_interrupts     0x0000000000000000 0x0000000000000100 xr
m_flash_config   0x0000000000000400 0x0000000000000010 xr
m_text           0x0000000000000410 0x000000000003fbf0 xr
m_data           0x000000001fffe000 0x0000000000008000 rw
*default*        0x0000000000000000 0xffffffffffffffff

Linker script and memory map

LOAD /package/freescale/KDS_2.0.0/toolchain/bin/../lib/gcc/arm-none-eabi/4.8.0/crti.o
LOAD /package/freescale/KDS_2.0.0/toolchain/bin/../lib/gcc/arm-none-eabi/4.8.0/crtbegin.o
LOAD /package/freescale/KDS_2.0.0/toolchain/bin/../lib/gcc/arm-none-eabi/4.8.0/../../../../arm-none-eabi/lib/crt0.o
LOAD ./Sources/main.o
LOAD ./Sources/slcd.o
LOAD ./Project_Settings/Startup_Code/startup_MKL46Z4.o
LOAD ./Project_Settings/Startup_Code/system_MKL46Z4.o
LOAD /package/freescale/KDS_2.0.0/toolchain/bin/../lib/gcc/arm-none-eabi/4.8.0/../../../../arm-none-eabi/lib/libstdc++.a
LOAD /package/freescale/KDS_2.0.0/toolchain/bin/../lib/gcc/arm-none-eabi/4.8.0/../../../../arm-none-eabi/lib/libm.a
START GROUP
LOAD /package/freescale/KDS_2.0.0/toolchain/bin/../lib/gcc/arm-none-eabi/4.8.0/libgcc.a
LOAD /package/freescale/KDS_2.0.0/toolchain/bin/../lib/gcc/arm-none-eabi/4.8.0/../../../../arm-none-eabi/lib/libg_s.a
LOAD /package/freescale/KDS_2.0.0/toolchain/bin/../lib/gcc/arm-none-eabi/4.8.0/../../../../arm-none-eabi/lib/libc_s.a
END GROUP
LOAD /package/freescale/KDS_2.0.0/toolchain/bin/../lib/gcc/arm-none-eabi/4.8.0/crtend.o
LOAD /package/freescale/KDS_2.0.0/toolchain/bin/../lib/gcc/arm-none-eabi/4.8.0/crtn.o
                0x0000000000000400                HEAP_SIZE = DEFINED (__heap_size__)?__heap_size__:0x400
                0x0000000000000400                STACK_SIZE = DEFINED (__stack_size__)?__stack_size__:0x400

.interrupts     0x0000000000000000       0xc0
                0x0000000000000000                __VECTOR_TABLE = .
                0x0000000000000000                . = ALIGN (0x4)
 *(.isr_vector)
 .isr_vector    0x0000000000000000       0xc0 ./Project_Settings/Startup_Code/startup_MKL46Z4.o
                0x0000000000000000                __isr_vector
                0x00000000000000c0                . = ALIGN (0x4)

.flash_config   0x0000000000000400       0x10
                0x0000000000000400                . = ALIGN (0x4)
 *(.FlashConfig)
 .FlashConfig   0x0000000000000400       0x10 ./Project_Settings/Startup_Code/startup_MKL46Z4.o
                0x0000000000000410                . = ALIGN (0x4)

.text           0x0000000000000410     0x1504
                0x0000000000000410                . = ALIGN (0x4)
 *(.text)
 .text          0x0000000000000410       0xf4 /package/freescale/KDS_2.0.0/toolchain/bin/../lib/gcc/arm-none-eabi/4.8.0/../../../../arm-none-eabi/lib/crt0.o
                0x0000000000000440                _start
 .text          0x0000000000000504       0x44 ./Project_Settings/Startup_Code/startup_MKL46Z4.o
                0x0000000000000504                Reset_Handler
                0x0000000000000544                I2C0_IRQHandler
                0x0000000000000544                HardFault_Handler
                0x0000000000000544                SysTick_Handler
                0x0000000000000544                PendSV_Handler
                0x0000000000000544                NMI_Handler
                0x0000000000000544                I2C1_IRQHandler
                0x0000000000000544                UART1_IRQHandler
                0x0000000000000544                DMA2_IRQHandler
                0x0000000000000544                I2S0_IRQHandler
                0x0000000000000544                TSI0_IRQHandler
                0x0000000000000544                UART0_IRQHandler
                0x0000000000000544                ADC0_IRQHandler
                0x0000000000000544                SPI1_IRQHandler
                0x0000000000000544                DefaultISR
                0x0000000000000544                TPM2_IRQHandler
                0x0000000000000544                LPTimer_IRQHandler
                0x0000000000000544                RTC_IRQHandler
                0x0000000000000544                LCD_IRQHandler
                0x0000000000000544                RTC_Seconds_IRQHandler
                0x0000000000000544                MCG_IRQHandler
                0x0000000000000544                UART2_IRQHandler
                0x0000000000000544                Reserved20_IRQHandler
                0x0000000000000544                Default_Handler
                0x0000000000000544                USB0_IRQHandler
                0x0000000000000544                LLW_IRQHandler
                0x0000000000000544                PIT_IRQHandler
                0x0000000000000544                SVC_Handler
                0x0000000000000544                DMA3_IRQHandler
                0x0000000000000544                DMA0_IRQHandler
                0x0000000000000544                DAC0_IRQHandler
                0x0000000000000544                TPM1_IRQHandler
                0x0000000000000544                LVD_LVW_IRQHandler
                0x0000000000000544                SPI0_IRQHandler
                0x0000000000000544                PORTA_IRQHandler
                0x0000000000000544                FTFA_IRQHandler
                0x0000000000000544                CMP0_IRQHandler
                0x0000000000000544                DMA1_IRQHandler
 .text          0x0000000000000548       0xc0 /package/freescale/KDS_2.0.0/toolchain/bin/../lib/gcc/arm-none-eabi/4.8.0/libgcc.a(_divsi3.o)
                0x0000000000000548                __aeabi_idiv
                0x0000000000000548                __divsi3
                0x00000000000005f4                __aeabi_idivmod
 .text          0x0000000000000608        0x4 /package/freescale/KDS_2.0.0/toolchain/bin/../lib/gcc/arm-none-eabi/4.8.0/libgcc.a(_dvmd_tls.o)
                0x0000000000000608                __aeabi_ldiv0
                0x0000000000000608                __aeabi_idiv0
 *(.text*)
 .text.deregister_tm_clones
                0x000000000000060c       0x24 /package/freescale/KDS_2.0.0/toolchain/bin/../lib/gcc/arm-none-eabi/4.8.0/crtbegin.o
 .text.register_tm_clones
                0x0000000000000630       0x28 /package/freescale/KDS_2.0.0/toolchain/bin/../lib/gcc/arm-none-eabi/4.8.0/crtbegin.o
 .text.__do_global_dtors_aux
                0x0000000000000658       0x30 /package/freescale/KDS_2.0.0/toolchain/bin/../lib/gcc/arm-none-eabi/4.8.0/crtbegin.o
 .text.frame_dummy
                0x0000000000000688       0x3c /package/freescale/KDS_2.0.0/toolchain/bin/../lib/gcc/arm-none-eabi/4.8.0/crtbegin.o
 .text.NVIC_EnableIRQ
                0x00000000000006c4       0x2c ./Sources/main.o
 .text.LED_Init
                0x00000000000006f0       0x88 ./Sources/main.o
                0x00000000000006f0                LED_Init
 .text.SWITCH_Init
                0x0000000000000778       0x58 ./Sources/main.o
                0x0000000000000778                SWITCH_Init
 .text.TIMER_Init
                0x00000000000007d0      0x100 ./Sources/main.o
                0x00000000000007d0                TIMER_Init
 .text.I2C0_Init
                0x00000000000008d0      0x124 ./Sources/main.o
                0x00000000000008d0                I2C0_Init
 .text.TPM0_IRQHandler
                0x00000000000009f4       0x24 ./Sources/main.o
                0x00000000000009f4                TPM0_IRQHandler
 .text.PORTC_PORTD_IRQHandler
                0x0000000000000a18       0x68 ./Sources/main.o
                0x0000000000000a18                PORTC_PORTD_IRQHandler
 .text.I2C_SingleByteRead
                0x0000000000000a80      0x174 ./Sources/main.o
                0x0000000000000a80                I2C_SingleByteRead
 .text.I2C_MultipleByteRead
                0x0000000000000bf4      0x198 ./Sources/main.o
                0x0000000000000bf4                I2C_MultipleByteRead
 .text.I2C_SingleByteWrite
                0x0000000000000d8c       0xf0 ./Sources/main.o
                0x0000000000000d8c                I2C_SingleByteWrite
 .text.magnetometer_init
                0x0000000000000e7c       0x80 ./Sources/main.o
                0x0000000000000e7c                magnetometer_init
 .text.main     0x0000000000000efc      0x164 ./Sources/main.o
                0x0000000000000efc                main
 .text.SLCD_Init
                0x0000000000001060       0x8c ./Sources/slcd.o
                0x0000000000001060                SLCD_Init
 .text.SLCD_EnablePins
                0x00000000000010ec       0xfc ./Sources/slcd.o
                0x00000000000010ec                SLCD_EnablePins
 .text.SLCD_WriteMsg
                0x00000000000011e8       0x74 ./Sources/slcd.o
                0x00000000000011e8                SLCD_WriteMsg
 .text.SLCD_WriteChar
                0x000000000000125c      0x120 ./Sources/slcd.o
                0x000000000000125c                SLCD_WriteChar
 .text.SystemInit
                0x000000000000137c       0xe0 ./Project_Settings/Startup_Code/system_MKL46Z4.o
                0x000000000000137c                SystemInit
 .text.atexit   0x000000000000145c       0x10 /package/freescale/KDS_2.0.0/toolchain/bin/../lib/gcc/arm-none-eabi/4.8.0/../../../../arm-none-eabi/lib/libg_s.a(lib_a-atexit.o)
                0x000000000000145c                atexit
 .text.exit     0x000000000000146c       0x30 /package/freescale/KDS_2.0.0/toolchain/bin/../lib/gcc/arm-none-eabi/4.8.0/../../../../arm-none-eabi/lib/libg_s.a(lib_a-exit.o)
                0x000000000000146c                exit
 .text.__libc_fini_array
                0x000000000000149c       0x28 /package/freescale/KDS_2.0.0/toolchain/bin/../lib/gcc/arm-none-eabi/4.8.0/../../../../arm-none-eabi/lib/libg_s.a(lib_a-fini.o)
                0x000000000000149c                __libc_fini_array
 .text.memset   0x00000000000014c4       0x12 /package/freescale/KDS_2.0.0/toolchain/bin/../lib/gcc/arm-none-eabi/4.8.0/../../../../arm-none-eabi/lib/libg_s.a(lib_a-memset.o)
                0x00000000000014c4                memset
 *fill*         0x00000000000014d6        0x2 
 .text._kill    0x00000000000014d8       0x24 /package/freescale/KDS_2.0.0/toolchain/bin/../lib/gcc/arm-none-eabi/4.8.0/../../../../arm-none-eabi/lib/libg_s.a(lib_a-syscalls.o)
                0x00000000000014d8                _kill
 .text._exit    0x00000000000014fc        0xc /package/freescale/KDS_2.0.0/toolchain/bin/../lib/gcc/arm-none-eabi/4.8.0/../../../../arm-none-eabi/lib/libg_s.a(lib_a-syscalls.o)
                0x00000000000014fc                _exit
 .text._sbrk    0x0000000000001508       0x38 /package/freescale/KDS_2.0.0/toolchain/bin/../lib/gcc/arm-none-eabi/4.8.0/../../../../arm-none-eabi/lib/libg_s.a(lib_a-syscalls.o)
                0x0000000000001508                _sbrk
 .text.__do_register_exitproc
                0x0000000000001540       0x80 /package/freescale/KDS_2.0.0/toolchain/bin/../lib/gcc/arm-none-eabi/4.8.0/../../../../arm-none-eabi/lib/libg_s.a(lib_a-__atexit.o)
                0x0000000000001540                __do_register_exitproc
 .text.__call_exitprocs
                0x00000000000015c0       0xa8 /package/freescale/KDS_2.0.0/toolchain/bin/../lib/gcc/arm-none-eabi/4.8.0/../../../../arm-none-eabi/lib/libg_s.a(lib_a-__call_atexit.o)
                0x00000000000015c0                __call_exitprocs
 .text.__errno  0x0000000000001668        0xc /package/freescale/KDS_2.0.0/toolchain/bin/../lib/gcc/arm-none-eabi/4.8.0/../../../../arm-none-eabi/lib/libg_s.a(lib_a-errno.o)
                0x0000000000001668                __errno
 .text.malloc   0x0000000000001674       0x14 /package/freescale/KDS_2.0.0/toolchain/bin/../lib/gcc/arm-none-eabi/4.8.0/../../../../arm-none-eabi/lib/libg_s.a(lib_a-malloc.o)
                0x0000000000001674                malloc
 .text.free     0x0000000000001688       0x14 /package/freescale/KDS_2.0.0/toolchain/bin/../lib/gcc/arm-none-eabi/4.8.0/../../../../arm-none-eabi/lib/libg_s.a(lib_a-malloc.o)
                0x0000000000001688                free
 .text._malloc_r
                0x000000000000169c       0x98 /package/freescale/KDS_2.0.0/toolchain/bin/../lib/gcc/arm-none-eabi/4.8.0/../../../../arm-none-eabi/lib/libg_s.a(lib_a-mallocr.o)
                0x000000000000169c                _malloc_r
 .text._sbrk_r  0x0000000000001734       0x24 /package/freescale/KDS_2.0.0/toolchain/bin/../lib/gcc/arm-none-eabi/4.8.0/../../../../arm-none-eabi/lib/libg_s.a(lib_a-sbrkr.o)
                0x0000000000001734                _sbrk_r
 .text._free_r  0x0000000000001758       0x90 /package/freescale/KDS_2.0.0/toolchain/bin/../lib/gcc/arm-none-eabi/4.8.0/../../../../arm-none-eabi/lib/libg_s.a(lib_a-freer.o)
                0x0000000000001758                _free_r
 *(.rodata)
 .rodata        0x00000000000017e8       0x1c ./Sources/main.o
 *(.rodata*)
 .rodata.MASK_BIT
                0x0000000000001804       0x80 ./Sources/slcd.o
                0x0000000000001804                MASK_BIT
 .rodata.WF_ORDERING_TABLE
                0x0000000000001884        0xc ./Sources/slcd.o
                0x0000000000001884                WF_ORDERING_TABLE
 .rodata.ASCII_TO_WF_CODIFICATION_TABLE
                0x0000000000001890       0x64 ./Sources/slcd.o
                0x0000000000001890                ASCII_TO_WF_CODIFICATION_TABLE
 .rodata.str1.1
                0x00000000000018f4        0x2 /package/freescale/KDS_2.0.0/toolchain/bin/../lib/gcc/arm-none-eabi/4.8.0/../../../../arm-none-eabi/lib/libg_s.a(lib_a-impure.o)
 *fill*         0x00000000000018f6        0x2 
 .rodata._global_impure_ptr
                0x00000000000018f8        0x4 /package/freescale/KDS_2.0.0/toolchain/bin/../lib/gcc/arm-none-eabi/4.8.0/../../../../arm-none-eabi/lib/libg_s.a(lib_a-impure.o)
                0x00000000000018f8                _global_impure_ptr
 *(.glue_7)
 .glue_7        0x0000000000000000        0x0 linker stubs
 *(.glue_7t)
 .glue_7t       0x0000000000000000        0x0 linker stubs
 *(.eh_frame)
 .eh_frame      0x00000000000018fc        0x0 /package/freescale/KDS_2.0.0/toolchain/bin/../lib/gcc/arm-none-eabi/4.8.0/crtbegin.o
 *(.init)
 .init          0x00000000000018fc        0x4 /package/freescale/KDS_2.0.0/toolchain/bin/../lib/gcc/arm-none-eabi/4.8.0/crti.o
                0x00000000000018fc                _init
 .init          0x0000000000001900        0x8 /package/freescale/KDS_2.0.0/toolchain/bin/../lib/gcc/arm-none-eabi/4.8.0/crtn.o
 *(.fini)
 .fini          0x0000000000001908        0x4 /package/freescale/KDS_2.0.0/toolchain/bin/../lib/gcc/arm-none-eabi/4.8.0/crti.o
                0x0000000000001908                _fini
 .fini          0x000000000000190c        0x8 /package/freescale/KDS_2.0.0/toolchain/bin/../lib/gcc/arm-none-eabi/4.8.0/crtn.o
                0x0000000000001914                . = ALIGN (0x4)

.vfp11_veneer   0x0000000000001914        0x0
 .vfp11_veneer  0x0000000000000000        0x0 linker stubs

.v4_bx          0x0000000000001914        0x0
 .v4_bx         0x0000000000000000        0x0 linker stubs

.iplt           0x0000000000001914        0x0
 .iplt          0x0000000000000000        0x0 /package/freescale/KDS_2.0.0/toolchain/bin/../lib/gcc/arm-none-eabi/4.8.0/crtbegin.o

.rel.dyn        0x0000000000001914        0x0
 .rel.iplt      0x0000000000000000        0x0 /package/freescale/KDS_2.0.0/toolchain/bin/../lib/gcc/arm-none-eabi/4.8.0/crtbegin.o

.ARM.extab
 *(.ARM.extab* .gnu.linkonce.armextab.*)

.ARM            0x0000000000001914        0x0
                0x0000000000001914                __exidx_start = .
 *(.ARM.exidx*)
                0x0000000000001914                __exidx_end = .

.ctors          0x0000000000001914        0x0
                0x0000000000001914                __CTOR_LIST__ = .
 *crtbegin.o(.ctors)
 *crtbegin?.o(.ctors)
 *(EXCLUDE_FILE(*crtend.o *crtend?.o) .ctors)
 *(SORT(.ctors.*))
 *(.ctors)
                0x0000000000001914                __CTOR_END__ = .

.dtors          0x0000000000001914        0x0
                0x0000000000001914                __DTOR_LIST__ = .
 *crtbegin.o(.dtors)
 *crtbegin?.o(.dtors)
 *(EXCLUDE_FILE(*crtend.o *crtend?.o) .dtors)
 *(SORT(.dtors.*))
 *(.dtors)
                0x0000000000001914                __DTOR_END__ = .

.preinit_array  0x0000000000001914        0x0
                0x0000000000001914                PROVIDE (__preinit_array_start, .)
 *(.preinit_array*)
                0x0000000000001914                PROVIDE (__preinit_array_end, .)

.init_array     0x0000000000001914        0x4
                0x0000000000001914                PROVIDE (__init_array_start, .)
 *(SORT(.init_array.*))
 *(.init_array*)
 .init_array    0x0000000000001914        0x4 /package/freescale/KDS_2.0.0/toolchain/bin/../lib/gcc/arm-none-eabi/4.8.0/crtbegin.o
                0x0000000000001918                PROVIDE (__init_array_end, .)

.fini_array     0x0000000000001918        0x4
                0x0000000000001918                PROVIDE (__fini_array_start, .)
 *(SORT(.fini_array.*))
 *(.fini_array*)
 .fini_array    0x0000000000001918        0x4 /package/freescale/KDS_2.0.0/toolchain/bin/../lib/gcc/arm-none-eabi/4.8.0/crtbegin.o
                0x000000000000191c                PROVIDE (__fini_array_end, .)
                0x000000000000191c                __etext = .
                0x000000000000191c                __DATA_ROM = .

.mtb            0x000000001fffe000        0x0
                0x000000001fffe000                . = ALIGN (0x8)
                0x000000001fffe000                _mtb_start = .
 *(.mtb_buf)
                0x000000001fffe000                . = ALIGN (0x8)
                0x000000001fffe000                _mtb_end = .

.data           0x000000001fffe000      0x2a8 load address 0x000000000000191c
                0x000000001fffe000                . = ALIGN (0x4)
                0x000000001fffe000                __DATA_RAM = .
                0x000000001fffe000                __data_start__ = .
 *(.data)
 *(.data*)
 .data.DATA_WRITE
                0x000000001fffe000        0x8 ./Sources/main.o
                0x000000001fffe000                DATA_WRITE
 .data.impure_data
                0x000000001fffe008      0x298 /package/freescale/KDS_2.0.0/toolchain/bin/../lib/gcc/arm-none-eabi/4.8.0/../../../../arm-none-eabi/lib/libg_s.a(lib_a-impure.o)
 .data._impure_ptr
                0x000000001fffe2a0        0x4 /package/freescale/KDS_2.0.0/toolchain/bin/../lib/gcc/arm-none-eabi/4.8.0/../../../../arm-none-eabi/lib/libg_s.a(lib_a-impure.o)
                0x000000001fffe2a0                _impure_ptr
 *(.jcr*)
 .jcr           0x000000001fffe2a4        0x0 /package/freescale/KDS_2.0.0/toolchain/bin/../lib/gcc/arm-none-eabi/4.8.0/crtbegin.o
 .jcr           0x000000001fffe2a4        0x4 /package/freescale/KDS_2.0.0/toolchain/bin/../lib/gcc/arm-none-eabi/4.8.0/crtend.o
                0x000000001fffe2a8                . = ALIGN (0x4)
                0x000000001fffe2a8                __data_end__ = .
                0x0000000000001bc4                __DATA_END = (__DATA_ROM + (__data_end__ - __data_start__))

.tm_clone_table
                0x000000001fffe2a8        0x0 load address 0x0000000000001bc4
 .tm_clone_table
                0x000000001fffe2a8        0x0 /package/freescale/KDS_2.0.0/toolchain/bin/../lib/gcc/arm-none-eabi/4.8.0/crtbegin.o
 .tm_clone_table
                0x000000001fffe2a8        0x0 /package/freescale/KDS_2.0.0/toolchain/bin/../lib/gcc/arm-none-eabi/4.8.0/crtend.o

.igot.plt       0x000000001fffe2a8        0x0 load address 0x0000000000001bc4
 .igot.plt      0x0000000000000000        0x0 /package/freescale/KDS_2.0.0/toolchain/bin/../lib/gcc/arm-none-eabi/4.8.0/crtbegin.o

.bss            0x000000001fffe2a8       0x68 load address 0x0000000000001bc4
                0x000000001fffe2a8                . = ALIGN (0x4)
                0x000000001fffe2a8                __START_BSS = .
                0x000000001fffe2a8                __bss_start__ = .
 *(.bss)
 *(.bss*)
 .bss.completed.6137
                0x000000001fffe2a8        0x1 /package/freescale/KDS_2.0.0/toolchain/bin/../lib/gcc/arm-none-eabi/4.8.0/crtbegin.o
 *fill*         0x000000001fffe2a9        0x3 
 .bss.object.6142
                0x000000001fffe2ac       0x18 /package/freescale/KDS_2.0.0/toolchain/bin/../lib/gcc/arm-none-eabi/4.8.0/crtbegin.o
 .bss.enumECompassState
                0x000000001fffe2c4        0x1 ./Sources/main.o
                0x000000001fffe2c4                enumECompassState
 .bss.bSW3Pressed
                0x000000001fffe2c5        0x1 ./Sources/main.o
                0x000000001fffe2c5                bSW3Pressed
 .bss.bSW1Pressed
                0x000000001fffe2c6        0x1 ./Sources/main.o
                0x000000001fffe2c6                bSW1Pressed
 .bss.bIsTimerExpired
                0x000000001fffe2c7        0x1 ./Sources/main.o
                0x000000001fffe2c7                bIsTimerExpired
 .bss.ucHundredsMilliSecond
                0x000000001fffe2c8        0x1 ./Sources/main.o
                0x000000001fffe2c8                ucHundredsMilliSecond
 *fill*         0x000000001fffe2c9        0x3 
 .bss.heap_end.5175
                0x000000001fffe2cc        0x4 /package/freescale/KDS_2.0.0/toolchain/bin/../lib/gcc/arm-none-eabi/4.8.0/../../../../arm-none-eabi/lib/libg_s.a(lib_a-syscalls.o)
 .bss.__malloc_free_list
                0x000000001fffe2d0        0x4 /package/freescale/KDS_2.0.0/toolchain/bin/../lib/gcc/arm-none-eabi/4.8.0/../../../../arm-none-eabi/lib/libg_s.a(lib_a-mallocr.o)
                0x000000001fffe2d0                __malloc_free_list
 *(COMMON)
 COMMON         0x000000001fffe2d4       0x34 ./Sources/main.o
                0x000000001fffe2d4                prescalar_factor
                0x000000001fffe2d8                resolution
                0x000000001fffe2dc                prescalar
                0x000000001fffe2e0                new_clock_frequency
                0x000000001fffe2e4                reset_count
                0x000000001fffe2e8                DATA_READ
                0x000000001fffe300                original_clock_frequency
                0x000000001fffe304                timer_overflow_count
 COMMON         0x000000001fffe308        0x1 ./Sources/slcd.o
                0x000000001fffe308                bLCD_CharPosition
 *fill*         0x000000001fffe309        0x3 
 COMMON         0x000000001fffe30c        0x4 /package/freescale/KDS_2.0.0/toolchain/bin/../lib/gcc/arm-none-eabi/4.8.0/../../../../arm-none-eabi/lib/libg_s.a(lib_a-reent.o)
                0x000000001fffe30c                errno
                0x000000001fffe310                . = ALIGN (0x4)
                0x000000001fffe310                __bss_end__ = .
                0x000000001fffe310                __END_BSS = .

.heap           0x000000001fffe310      0x400 load address 0x0000000000001c2c
                0x000000001fffe310                . = ALIGN (0x8)
                0x000000001fffe310                __end__ = .
                0x000000001fffe310                PROVIDE (end, .)
                0x000000001fffe310                __HeapBase = .
                0x000000001fffe710                . = (. + HEAP_SIZE)
 *fill*         0x000000001fffe310      0x400 
                0x000000001fffe710                __HeapLimit = .

.stack          0x000000001fffe710      0x400 load address 0x000000000000202c
                0x000000001fffe710                . = ALIGN (0x8)
                0x000000001fffeb10                . = (. + STACK_SIZE)
 *fill*         0x000000001fffe710      0x400 
                0x000000001fffeb10                __StackTop = .
                0x000000001fffe710                __StackLimit = (__StackTop - STACK_SIZE)
                0x000000001fffeb10                PROVIDE (__stack, __StackTop)

.ARM.attributes
                0x0000000000000000       0x2d
 *(.ARM.attributes)
 .ARM.attributes
                0x0000000000000000       0x23 /package/freescale/KDS_2.0.0/toolchain/bin/../lib/gcc/arm-none-eabi/4.8.0/crti.o
 .ARM.attributes
                0x0000000000000023       0x31 /package/freescale/KDS_2.0.0/toolchain/bin/../lib/gcc/arm-none-eabi/4.8.0/crtbegin.o
 .ARM.attributes
                0x0000000000000054       0x31 /package/freescale/KDS_2.0.0/toolchain/bin/../lib/gcc/arm-none-eabi/4.8.0/../../../../arm-none-eabi/lib/crt0.o
 .ARM.attributes
                0x0000000000000085       0x32 ./Sources/main.o
 .ARM.attributes
                0x00000000000000b7       0x32 ./Sources/slcd.o
 .ARM.attributes
                0x00000000000000e9       0x1b ./Project_Settings/Startup_Code/startup_MKL46Z4.o
 .ARM.attributes
                0x0000000000000104       0x32 ./Project_Settings/Startup_Code/system_MKL46Z4.o
 .ARM.attributes
                0x0000000000000136       0x23 /package/freescale/KDS_2.0.0/toolchain/bin/../lib/gcc/arm-none-eabi/4.8.0/libgcc.a(_divsi3.o)
 .ARM.attributes
                0x0000000000000159       0x23 /package/freescale/KDS_2.0.0/toolchain/bin/../lib/gcc/arm-none-eabi/4.8.0/libgcc.a(_dvmd_tls.o)
 .ARM.attributes
                0x000000000000017c       0x31 /package/freescale/KDS_2.0.0/toolchain/bin/../lib/gcc/arm-none-eabi/4.8.0/../../../../arm-none-eabi/lib/libg_s.a(lib_a-atexit.o)
 .ARM.attributes
                0x00000000000001ad       0x31 /package/freescale/KDS_2.0.0/toolchain/bin/../lib/gcc/arm-none-eabi/4.8.0/../../../../arm-none-eabi/lib/libg_s.a(lib_a-exit.o)
 .ARM.attributes
                0x00000000000001de       0x31 /package/freescale/KDS_2.0.0/toolchain/bin/../lib/gcc/arm-none-eabi/4.8.0/../../../../arm-none-eabi/lib/libg_s.a(lib_a-fini.o)
 .ARM.attributes
                0x000000000000020f       0x31 /package/freescale/KDS_2.0.0/toolchain/bin/../lib/gcc/arm-none-eabi/4.8.0/../../../../arm-none-eabi/lib/libg_s.a(lib_a-impure.o)
 .ARM.attributes
                0x0000000000000240       0x31 /package/freescale/KDS_2.0.0/toolchain/bin/../lib/gcc/arm-none-eabi/4.8.0/../../../../arm-none-eabi/lib/libg_s.a(lib_a-memset.o)
 .ARM.attributes
                0x0000000000000271       0x31 /package/freescale/KDS_2.0.0/toolchain/bin/../lib/gcc/arm-none-eabi/4.8.0/../../../../arm-none-eabi/lib/libg_s.a(lib_a-syscalls.o)
 .ARM.attributes
                0x00000000000002a2       0x31 /package/freescale/KDS_2.0.0/toolchain/bin/../lib/gcc/arm-none-eabi/4.8.0/../../../../arm-none-eabi/lib/libg_s.a(lib_a-__atexit.o)
 .ARM.attributes
                0x00000000000002d3       0x31 /package/freescale/KDS_2.0.0/toolchain/bin/../lib/gcc/arm-none-eabi/4.8.0/../../../../arm-none-eabi/lib/libg_s.a(lib_a-__call_atexit.o)
 .ARM.attributes
                0x0000000000000304       0x31 /package/freescale/KDS_2.0.0/toolchain/bin/../lib/gcc/arm-none-eabi/4.8.0/../../../../arm-none-eabi/lib/libg_s.a(lib_a-errno.o)
 .ARM.attributes
                0x0000000000000335       0x31 /package/freescale/KDS_2.0.0/toolchain/bin/../lib/gcc/arm-none-eabi/4.8.0/../../../../arm-none-eabi/lib/libg_s.a(lib_a-malloc.o)
 .ARM.attributes
                0x0000000000000366       0x31 /package/freescale/KDS_2.0.0/toolchain/bin/../lib/gcc/arm-none-eabi/4.8.0/../../../../arm-none-eabi/lib/libg_s.a(lib_a-mallocr.o)
 .ARM.attributes
                0x0000000000000397       0x31 /package/freescale/KDS_2.0.0/toolchain/bin/../lib/gcc/arm-none-eabi/4.8.0/../../../../arm-none-eabi/lib/libg_s.a(lib_a-sbrkr.o)
 .ARM.attributes
                0x00000000000003c8       0x31 /package/freescale/KDS_2.0.0/toolchain/bin/../lib/gcc/arm-none-eabi/4.8.0/../../../../arm-none-eabi/lib/libg_s.a(lib_a-freer.o)
 .ARM.attributes
                0x00000000000003f9       0x31 /package/freescale/KDS_2.0.0/toolchain/bin/../lib/gcc/arm-none-eabi/4.8.0/../../../../arm-none-eabi/lib/libg_s.a(lib_a-reent.o)
 .ARM.attributes
                0x000000000000042a       0x31 /package/freescale/KDS_2.0.0/toolchain/bin/../lib/gcc/arm-none-eabi/4.8.0/crtend.o
 .ARM.attributes
                0x000000000000045b       0x23 /package/freescale/KDS_2.0.0/toolchain/bin/../lib/gcc/arm-none-eabi/4.8.0/crtn.o
OUTPUT(Rohan_lab3.elf elf32-littlearm)

.comment        0x0000000000000000       0x3b
 .comment       0x0000000000000000       0x2a /package/freescale/KDS_2.0.0/toolchain/bin/../lib/gcc/arm-none-eabi/4.8.0/crtbegin.o
                                         0x2b (size before relaxing)
 .comment       0x0000000000000000       0x2b /package/freescale/KDS_2.0.0/toolchain/bin/../lib/gcc/arm-none-eabi/4.8.0/../../../../arm-none-eabi/lib/crt0.o
 .comment       0x0000000000000000       0x2b ./Sources/main.o
 .comment       0x0000000000000000       0x2b ./Sources/slcd.o
 .comment       0x0000000000000000       0x2b ./Project_Settings/Startup_Code/system_MKL46Z4.o
 .comment       0x000000000000002a       0x11 /package/freescale/KDS_2.0.0/toolchain/bin/../lib/gcc/arm-none-eabi/4.8.0/../../../../arm-none-eabi/lib/libg_s.a(lib_a-atexit.o)
                                         0x12 (size before relaxing)
 .comment       0x0000000000000000       0x12 /package/freescale/KDS_2.0.0/toolchain/bin/../lib/gcc/arm-none-eabi/4.8.0/../../../../arm-none-eabi/lib/libg_s.a(lib_a-exit.o)
 .comment       0x0000000000000000       0x12 /package/freescale/KDS_2.0.0/toolchain/bin/../lib/gcc/arm-none-eabi/4.8.0/../../../../arm-none-eabi/lib/libg_s.a(lib_a-fini.o)
 .comment       0x0000000000000000       0x12 /package/freescale/KDS_2.0.0/toolchain/bin/../lib/gcc/arm-none-eabi/4.8.0/../../../../arm-none-eabi/lib/libg_s.a(lib_a-impure.o)
 .comment       0x0000000000000000       0x12 /package/freescale/KDS_2.0.0/toolchain/bin/../lib/gcc/arm-none-eabi/4.8.0/../../../../arm-none-eabi/lib/libg_s.a(lib_a-memset.o)
 .comment       0x0000000000000000       0x12 /package/freescale/KDS_2.0.0/toolchain/bin/../lib/gcc/arm-none-eabi/4.8.0/../../../../arm-none-eabi/lib/libg_s.a(lib_a-syscalls.o)
 .comment       0x0000000000000000       0x12 /package/freescale/KDS_2.0.0/toolchain/bin/../lib/gcc/arm-none-eabi/4.8.0/../../../../arm-none-eabi/lib/libg_s.a(lib_a-__atexit.o)
 .comment       0x0000000000000000       0x12 /package/freescale/KDS_2.0.0/toolchain/bin/../lib/gcc/arm-none-eabi/4.8.0/../../../../arm-none-eabi/lib/libg_s.a(lib_a-__call_atexit.o)
 .comment       0x0000000000000000       0x12 /package/freescale/KDS_2.0.0/toolchain/bin/../lib/gcc/arm-none-eabi/4.8.0/../../../../arm-none-eabi/lib/libg_s.a(lib_a-errno.o)
 .comment       0x0000000000000000       0x12 /package/freescale/KDS_2.0.0/toolchain/bin/../lib/gcc/arm-none-eabi/4.8.0/../../../../arm-none-eabi/lib/libg_s.a(lib_a-malloc.o)
 .comment       0x0000000000000000       0x12 /package/freescale/KDS_2.0.0/toolchain/bin/../lib/gcc/arm-none-eabi/4.8.0/../../../../arm-none-eabi/lib/libg_s.a(lib_a-mallocr.o)
 .comment       0x0000000000000000       0x12 /package/freescale/KDS_2.0.0/toolchain/bin/../lib/gcc/arm-none-eabi/4.8.0/../../../../arm-none-eabi/lib/libg_s.a(lib_a-sbrkr.o)
 .comment       0x0000000000000000       0x12 /package/freescale/KDS_2.0.0/toolchain/bin/../lib/gcc/arm-none-eabi/4.8.0/../../../../arm-none-eabi/lib/libg_s.a(lib_a-freer.o)
 .comment       0x0000000000000000       0x12 /package/freescale/KDS_2.0.0/toolchain/bin/../lib/gcc/arm-none-eabi/4.8.0/../../../../arm-none-eabi/lib/libg_s.a(lib_a-reent.o)
 .comment       0x0000000000000000       0x2b /package/freescale/KDS_2.0.0/toolchain/bin/../lib/gcc/arm-none-eabi/4.8.0/crtend.o

.debug_info     0x0000000000000000     0x16c4
 .debug_info    0x0000000000000000      0xb82 ./Sources/main.o
 .debug_info    0x0000000000000b82      0x656 ./Sources/slcd.o
 .debug_info    0x00000000000011d8       0x90 ./Project_Settings/Startup_Code/startup_MKL46Z4.o
 .debug_info    0x0000000000001268      0x45c ./Project_Settings/Startup_Code/system_MKL46Z4.o

.debug_abbrev   0x0000000000000000      0x4ea
 .debug_abbrev  0x0000000000000000      0x244 ./Sources/main.o
 .debug_abbrev  0x0000000000000244      0x189 ./Sources/slcd.o
 .debug_abbrev  0x00000000000003cd       0x14 ./Project_Settings/Startup_Code/startup_MKL46Z4.o
 .debug_abbrev  0x00000000000003e1      0x109 ./Project_Settings/Startup_Code/system_MKL46Z4.o

.debug_aranges  0x0000000000000000      0x100
 .debug_aranges
                0x0000000000000000       0x80 ./Sources/main.o
 .debug_aranges
                0x0000000000000080       0x38 ./Sources/slcd.o
 .debug_aranges
                0x00000000000000b8       0x20 ./Project_Settings/Startup_Code/startup_MKL46Z4.o
 .debug_aranges
                0x00000000000000d8       0x28 ./Project_Settings/Startup_Code/system_MKL46Z4.o

.debug_ranges   0x0000000000000000       0xb0
 .debug_ranges  0x0000000000000000       0x70 ./Sources/main.o
 .debug_ranges  0x0000000000000070       0x28 ./Sources/slcd.o
 .debug_ranges  0x0000000000000098       0x18 ./Project_Settings/Startup_Code/system_MKL46Z4.o

.debug_macro    0x0000000000000000     0x7b6b
 .debug_macro   0x0000000000000000      0x277 ./Sources/main.o
 .debug_macro   0x0000000000000277      0x802 ./Sources/main.o
 .debug_macro   0x0000000000000a79       0x37 ./Sources/main.o
 .debug_macro   0x0000000000000ab0       0x3a ./Sources/main.o
 .debug_macro   0x0000000000000aea      0x214 ./Sources/main.o
 .debug_macro   0x0000000000000cfe       0x1f ./Sources/main.o
 .debug_macro   0x0000000000000d1d      0x250 ./Sources/main.o
 .debug_macro   0x0000000000000f6d     0x627b ./Sources/main.o
 .debug_macro   0x00000000000071e8      0x142 ./Sources/main.o
 .debug_macro   0x000000000000732a       0x2e ./Sources/main.o
 .debug_macro   0x0000000000007358       0x2e ./Sources/main.o
 .debug_macro   0x0000000000007386       0x95 ./Sources/main.o
 .debug_macro   0x000000000000741b       0x10 ./Sources/main.o
 .debug_macro   0x000000000000742b       0x89 ./Sources/main.o
 .debug_macro   0x00000000000074b4       0x10 ./Sources/main.o
 .debug_macro   0x00000000000074c4       0x3a ./Sources/main.o
 .debug_macro   0x00000000000074fe       0x52 ./Sources/main.o
 .debug_macro   0x0000000000007550       0x19 ./Sources/main.o
 .debug_macro   0x0000000000007569      0x16d ./Sources/main.o
 .debug_macro   0x00000000000076d6       0x10 ./Sources/main.o
 .debug_macro   0x00000000000076e6       0xef ./Sources/main.o
 .debug_macro   0x00000000000077d5       0x22 ./Sources/main.o
 .debug_macro   0x00000000000077f7       0x91 ./Sources/main.o
 .debug_macro   0x0000000000007888       0x16 ./Sources/main.o
 .debug_macro   0x000000000000789e      0x14a ./Sources/main.o
 .debug_macro   0x00000000000079e8       0x10 ./Sources/main.o
 .debug_macro   0x00000000000079f8       0x35 ./Sources/main.o
 .debug_macro   0x0000000000007a2d       0x1c ./Sources/main.o
 .debug_macro   0x0000000000007a49       0x10 ./Sources/main.o
 .debug_macro   0x0000000000007a59       0x22 ./Sources/main.o
 .debug_macro   0x0000000000007a7b       0x6b ./Sources/slcd.o
 .debug_macro   0x0000000000007ae6       0x85 ./Project_Settings/Startup_Code/system_MKL46Z4.o

.debug_line     0x0000000000000000      0x9d0
 .debug_line    0x0000000000000000      0x57d ./Sources/main.o
 .debug_line    0x000000000000057d      0x1fe ./Sources/slcd.o
 .debug_line    0x000000000000077b       0x83 ./Project_Settings/Startup_Code/startup_MKL46Z4.o
 .debug_line    0x00000000000007fe      0x1d2 ./Project_Settings/Startup_Code/system_MKL46Z4.o

.debug_str      0x0000000000000000    0x23663
 .debug_str     0x0000000000000000    0x23430 ./Sources/main.o
                                      0x2373b (size before relaxing)
 .debug_str     0x0000000000023430      0x130 ./Sources/slcd.o
                                      0x2097c (size before relaxing)
 .debug_str     0x0000000000023560      0x103 ./Project_Settings/Startup_Code/system_MKL46Z4.o
                                      0x206a5 (size before relaxing)

.debug_frame    0x0000000000000000      0x274
 .debug_frame   0x0000000000000000      0x19c ./Sources/main.o
 .debug_frame   0x000000000000019c       0x8c ./Sources/slcd.o
 .debug_frame   0x0000000000000228       0x4c ./Project_Settings/Startup_Code/system_MKL46Z4.o
